172.68.143.117 - - [15/Mar/2018:04:00:08 +0800] "GET /tbgw/sfmzx9PRyMs-0-200-500-2.html HTTP/1.1" 301 185 "-" "Sogou web spider/4.0(+http://www.sogou.com/docs/help/webmasters.htm#07)"
172.68.65.177 - - [15/Mar/2018:04:00:17 +0800] "GET /jobs/chuzhong/656.html HTTP/1.1" 200 10278 "-" "BUbiNG (+http://law.di.unimi.it/BUbiNG.html#wc)"
172.68.133.129 - - [15/Mar/2018:04:00:19 +0800] "GET /tbgw/aHVhbm1laTExMDg-3-1-100000-3.html HTTP/1.1" 404 3723 "-" "Sogou web spider/4.0(+http://www.sogou.com/docs/help/webmasters.htm#07)"
172.68.143.117 - - [15/Mar/2018:04:00:29 +0800] "GET /tbgw/wfXLyb3cMjAxMA-0-1-100000-5.html HTTP/1.1" 301 185 "-" "Sogou web spider/4.0(+http://www.sogou.com/docs/help/webmasters.htm#07)"
172.68.133.129 - - [15/Mar/2018:04:00:39 +0800] "GET /tbgw/sfmzx9PRyMs-0-200-500-2.html HTTP/1.1" 404 3723 "-" "Sogou web spider/4.0(+http://www.sogou.com/docs/help/webmasters.htm#07)"
172.69.62.139 - - [15/Mar/2018:04:00:44 +0800] "GET /zp/51177.html HTTP/1.1" 200 11109 "-" "BUbiNG (+http://law.di.unimi.it/BUbiNG.html#wc)"
172.68.143.117 - - [15/Mar/2018:04:00:49 +0800] "GET /tbgw/emRzODE3NA-0-1-100000-3.html HTTP/1.1" 301 185 "-" "Sogou web spider/4.0(+http://www.sogou.com/docs/help/webmasters.htm#07)"
172.68.133.129 - - [15/Mar/2018:04:00:59 +0800] "GET /tbgw/wfXLyb3cMjAxMA-0-1-100000-5.html HTTP/1.1" 404 3723 "-" "Sogou web spider/4.0(+http://www.sogou.com/docs/help/webmasters.htm#07)"
172.68.143.117 - - [15/Mar/2018:04:01:09 +0800] "GET /tbgw/YTEzMTEwMDY2ODkw-0-1-100000-2.html HTTP/1.1" 301 185 "-" "Sogou web spider/4.0(+http://www.sogou.com/docs/help/webmasters.htm#07)"
172.68.133.129 - - [15/Mar/2018:04:01:19 +0800] "GET /tbgw/emRzODE3NA-0-1-100000-3.html HTTP/1.1" 404 3723 "-" "Sogou web spider/4.0(+http://www.sogou.com/docs/help/webmasters.htm#07)"
162.158.255.25 - - [15/Mar/2018:04:01:24 +0800] "GET / HTTP/1.1" 301 185 "http://www.baidu.com/s?wd=9AB" "Mozilla/5.0 (Windows NT 6.1; WOW64; rv:43.0) Gecko/20100101 Firefox/43.0"
172.68.141.163 - - [15/Mar/2018:04:01:26 +0800] "GET / HTTP/1.1" 200 43000 "-" "Mozilla/5.0 (Windows NT 6.1; WOW64; rv:43.0) Gecko/20100101 Firefox/43.0"
172.68.143.117 - - [15/Mar/2018:04:01:29 +0800] "GET /tbgw/aHk4OTIzNzIz-2-1-100000-3.html HTTP/1.1" 301 185 "-" "Sogou web spider/4.0(+http://www.sogou.com/docs/help/webmasters.htm#07)"
172.68.174.55 - - [15/Mar/2018:04:01:38 +0800] "GET /html/fagui/264.html HTTP/1.1" 404 3723 "-" "Mozilla/5.0 (compatible; DotBot/1.1; http://www.opensiteexplorer.org/dotbot, help@moz.com)"
172.68.133.129 - - [15/Mar/2018:04:01:39 +0800] "GET /tbgw/YTEzMTEwMDY2ODkw-0-1-100000-2.html HTTP/1.1" 404 3723 "-" "Sogou web spider/4.0(+http://www.sogou.com/docs/help/webmasters.htm#07)"
172.68.143.99 - - [15/Mar/2018:04:01:48 +0800] "GET /zp/4356.html HTTP/1.1" 200 12740 "-" "Mozilla/5.0 (compatible; Baiduspider/2.0; +http://www.baidu.com/search/spider.html)"
172.68.143.117 - - [15/Mar/2018:04:01:49 +0800] "GET /tbgw/eWFuZ3lhbmcxODYw-2-1-100000-2.html HTTP/1.1" 301 185 "-" "Sogou web spider/4.0(+http://www.sogou.com/docs/help/webmasters.htm#07)"
172.68.133.129 - - [15/Mar/2018:04:01:59 +0800] "GET /tbgw/aHk4OTIzNzIz-2-1-100000-3.html HTTP/1.1" 404 3723 "-" "Sogou web spider/4.0(+http://www.sogou.com/docs/help/webmasters.htm#07)"
172.68.143.117 - - [15/Mar/2018:04:02:09 +0800] "GET /tbgw/amFja2xhbnJvbg-1-1-100-2.html HTTP/1.1" 301 185 "-" "Sogou web spider/4.0(+http://www.sogou.com/docs/help/webmasters.htm#07)"
172.68.133.129 - - [15/Mar/2018:04:02:19 +0800] "GET /tbgw/eWFuZ3lhbmcxODYw-2-1-100000-2.html HTTP/1.1" 404 3723 "-" "Sogou web spider/4.0(+http://www.sogou.com/docs/help/webmasters.htm#07)"
172.68.143.117 - - [15/Mar/2018:04:02:29 +0800] "GET /tbgw/eWx3bnpi-0-1-100000-2.html HTTP/1.1" 301 185 "-" "Sogou web spider/4.0(+http://www.sogou.com/docs/help/webmasters.htm#07)"
172.68.65.177 - - [15/Mar/2018:04:02:36 +0800] "GET /jobs/chuzhong/657.html HTTP/1.1" 200 10192 "-" "BUbiNG (+http://law.di.unimi.it/BUbiNG.html#wc)"
172.68.133.129 - - [15/Mar/2018:04:02:39 +0800] "GET /tbgw/amFja2xhbnJvbg-1-1-100-2.html HTTP/1.1" 404 3723 "-" "Sogou web spider/4.0(+http://www.sogou.com/docs/help/webmasters.htm#07)"
172.68.143.117 - - [15/Mar/2018:04:02:49 +0800] "GET /tbgw/yufFrruo1LA-0-1-100000-2.html HTTP/1.1" 301 185 "-" "Sogou web spider/4.0(+http://www.sogou.com/docs/help/webmasters.htm#07)"
172.68.133.129 - - [15/Mar/2018:04:02:59 +0800] "GET /tbgw/eWx3bnpi-0-1-100000-2.html HTTP/1.1" 404 3723 "-" "Sogou web spider/4.0(+http://www.sogou.com/docs/help/webmasters.htm#07)"
172.68.65.177 - - [15/Mar/2018:04:03:07 +0800] "GET /school/30.html HTTP/1.1" 200 8925 "-" "BUbiNG (+http://law.di.unimi.it/BUbiNG.html#wc)"
172.68.143.117 - - [15/Mar/2018:04:03:09 +0800] "GET /tbgw/Y3NqMDEyMQ-0-1-100000-2.html HTTP/1.1" 301 185 "-" "Sogou web spider/4.0(+http://www.sogou.com/docs/help/webmasters.htm#07)"
172.68.133.129 - - [15/Mar/2018:04:03:19 +0800] "GET /tbgw/yufFrruo1LA-0-1-100000-2.html HTTP/1.1" 404 3723 "-" "Sogou web spider/4.0(+http://www.sogou.com/docs/help/webmasters.htm#07)"
172.68.143.117 - - [15/Mar/2018:04:03:29 +0800] "GET /tbgw/am91ODExMDAz-2-1-100000-51.html HTTP/1.1" 301 185 "-" "Sogou web spider/4.0(+http://www.sogou.com/docs/help/webmasters.htm#07)"
172.68.65.177 - - [15/Mar/2018:04:03:38 +0800] "GET /jobs/gaozhong/633.html HTTP/1.1" 200 10307 "-" "BUbiNG (+http://law.di.unimi.it/BUbiNG.html#wc)"
172.68.133.129 - - [15/Mar/2018:04:03:39 +0800] "GET /tbgw/Y3NqMDEyMQ-0-1-100000-2.html HTTP/1.1" 404 3723 "-" "Sogou web spider/4.0(+http://www.sogou.com/docs/help/webmasters.htm#07)"
172.68.143.117 - - [15/Mar/2018:04:03:49 +0800] "GET /tbgw/v6rQxMrzyvM-0-1-100000-14.html HTTP/1.1" 301 185 "-" "Sogou web spider/4.0(+http://www.sogou.com/docs/help/webmasters.htm#07)"
172.68.133.129 - - [15/Mar/2018:04:03:59 +0800] "GET /tbgw/am91ODExMDAz-2-1-100000-51.html HTTP/1.1" 404 3723 "-" "Sogou web spider/4.0(+http://www.sogou.com/docs/help/webmasters.htm#07)"
172.68.143.117 - - [15/Mar/2018:04:04:09 +0800] "GET /tbgw/bHltdW11NTUw-0-1-100000-1.html HTTP/1.1" 301 185 "-" "Sogou web spider/4.0(+http://www.sogou.com/docs/help/webmasters.htm#07)"
172.69.62.139 - - [15/Mar/2018:04:04:13 +0800] "GET /zp/51175.html HTTP/1.1" 200 11123 "-" "BUbiNG (+http://law.di.unimi.it/BUbiNG.html#wc)"
172.68.133.129 - - [15/Mar/2018:04:04:19 +0800] "GET /tbgw/v6rQxMrzyvM-0-1-100000-14.html HTTP/1.1" 404 3723 "-" "Sogou web spider/4.0(+http://www.sogou.com/docs/help/webmasters.htm#07)"
172.68.143.117 - - [15/Mar/2018:04:04:29 +0800] "GET /tbgw/sNnS2rGm-0-1-100000-5.html HTTP/1.1" 301 185 "-" "Sogou web spider/4.0(+http://www.sogou.com/docs/help/webmasters.htm#07)"
172.68.133.129 - - [15/Mar/2018:04:04:39 +0800] "GET /tbgw/bHltdW11NTUw-0-1-100000-1.html HTTP/1.1" 404 3723 "-" "Sogou web spider/4.0(+http://www.sogou.com/docs/help/webmasters.htm#07)"
172.68.143.117 - - [15/Mar/2018:04:04:49 +0800] "GET /tbgw/yufFrruo1LA-0-1-100000-3.html HTTP/1.1" 301 185 "-" "Sogou web spider/4.0(+http://www.sogou.com/docs/help/webmasters.htm#07)"
172.68.133.129 - - [15/Mar/2018:04:04:59 +0800] "GET /tbgw/sNnS2rGm-0-1-100000-5.html HTTP/1.1" 404 3723 "-" "Sogou web spider/4.0(+http://www.sogou.com/docs/help/webmasters.htm#07)"
172.68.143.117 - - [15/Mar/2018:04:05:09 +0800] "GET /tbgw/ZnU5OTMy-0-1-100000-3.html HTTP/1.1" 301 185 "-" "Sogou web spider/4.0(+http://www.sogou.com/docs/help/webmasters.htm#07)"
172.68.133.129 - - [15/Mar/2018:04:05:19 +0800] "GET /tbgw/yufFrruo1LA-0-1-100000-3.html HTTP/1.1" 404 3723 "-" "Sogou web spider/4.0(+http://www.sogou.com/docs/help/webmasters.htm#07)"
172.68.143.117 - - [15/Mar/2018:04:05:29 +0800] "GET /tbgw/uKGx6rXq-0-1-100000-1.html HTTP/1.1" 301 185 "-" "Sogou web spider/4.0(+http://www.sogou.com/docs/help/webmasters.htm#07)"
172.68.133.129 - - [15/Mar/2018:04:05:39 +0800] "GET /tbgw/ZnU5OTMy-0-1-100000-3.html HTTP/1.1" 404 3723 "-" "Sogou web spider/4.0(+http://www.sogou.com/docs/help/webmasters.htm#07)"
172.68.65.177 - - [15/Mar/2018:04:05:44 +0800] "GET /jobs/techangpeixun/643.html HTTP/1.1" 200 10411 "-" "BUbiNG (+http://law.di.unimi.it/BUbiNG.html#wc)"
172.68.143.117 - - [15/Mar/2018:04:05:49 +0800] "GET /tbgw/ZnU5OTMy-0-1-100000-2.html HTTP/1.1" 301 185 "-" "Sogou web spider/4.0(+http://www.sogou.com/docs/help/webmasters.htm#07)"
172.68.133.129 - - [15/Mar/2018:04:05:59 +0800] "GET /tbgw/uKGx6rXq-0-1-100000-1.html HTTP/1.1" 404 3723 "-" "Sogou web spider/4.0(+http://www.sogou.com/docs/help/webmasters.htm#07)"
172.69.22.5 - - [15/Mar/2018:04:06:08 +0800] "GET /zp/34890.html HTTP/1.1" 200 14937 "-" "Mozilla/5.0 (compatible; Baiduspider/2.0; +http://www.baidu.com/search/spider.html)"
172.68.143.117 - - [15/Mar/2018:04:06:09 +0800] "GET /tbgw/dmcxOTg2MDA-2-1-100-2.html HTTP/1.1" 301 185 "-" "Sogou web spider/4.0(+http://www.sogou.com/docs/help/webmasters.htm#07)"
172.68.65.177 - - [15/Mar/2018:04:06:15 +0800] "GET /jobs/techangpeixun/662.html HTTP/1.1" 200 10506 "-" "BUbiNG (+http://law.di.unimi.it/BUbiNG.html#wc)"
172.68.133.129 - - [15/Mar/2018:04:06:19 +0800] "GET /tbgw/ZnU5OTMy-0-1-100000-2.html HTTP/1.1" 404 3723 "-" "Sogou web spider/4.0(+http://www.sogou.com/docs/help/webmasters.htm#07)"
172.68.143.117 - - [15/Mar/2018:04:06:29 +0800] "GET /tbgw/warP39DCzvfAvA-0-1-100000-3.html HTTP/1.1" 301 185 "-" "Sogou web spider/4.0(+http://www.sogou.com/docs/help/webmasters.htm#07)"
172.68.133.129 - - [15/Mar/2018:04:06:39 +0800] "GET /tbgw/dmcxOTg2MDA-2-1-100-2.html HTTP/1.1" 404 3723 "-" "Sogou web spider/4.0(+http://www.sogou.com/docs/help/webmasters.htm#07)"
172.68.65.177 - - [15/Mar/2018:04:06:46 +0800] "GET /jobs/techangpeixun/539.html HTTP/1.1" 200 9650 "-" "BUbiNG (+http://law.di.unimi.it/BUbiNG.html#wc)"
172.68.143.117 - - [15/Mar/2018:04:06:49 +0800] "GET /tbgw/amlhbmdzaHVpeWlyZW44OA-0-2000-5000-2.html HTTP/1.1" 301 185 "-" "Sogou web spider/4.0(+http://www.sogou.com/docs/help/webmasters.htm#07)"
172.68.133.129 - - [15/Mar/2018:04:06:59 +0800] "GET /tbgw/warP39DCzvfAvA-0-1-100000-3.html HTTP/1.1" 404 3723 "-" "Sogou web spider/4.0(+http://www.sogou.com/docs/help/webmasters.htm#07)"
172.68.143.117 - - [15/Mar/2018:04:07:09 +0800] "GET /tbgw/bXhpYW5nMTQ-3-1-100000-1.html HTTP/1.1" 301 185 "-" "Sogou web spider/4.0(+http://www.sogou.com/docs/help/webmasters.htm#07)"
172.68.65.177 - - [15/Mar/2018:04:07:17 +0800] "GET /jobs/xiaoxue/540.html HTTP/1.1" 200 10150 "-" "BUbiNG (+http://law.di.unimi.it/BUbiNG.html#wc)"
172.68.133.129 - - [15/Mar/2018:04:07:19 +0800] "GET /tbgw/amlhbmdzaHVpeWlyZW44OA-0-2000-5000-2.html HTTP/1.1" 404 3723 "-" "Sogou web spider/4.0(+http://www.sogou.com/docs/help/webmasters.htm#07)"
172.68.143.117 - - [15/Mar/2018:04:07:29 +0800] "GET /tbgw/c2hlbnhpYWc-0-1-100000-1.html HTTP/1.1" 301 185 "-" "Sogou web spider/4.0(+http://www.sogou.com/docs/help/webmasters.htm#07)"
172.68.133.129 - - [15/Mar/2018:04:07:39 +0800] "GET /tbgw/bXhpYW5nMTQ-3-1-100000-1.html HTTP/1.1" 404 3723 "-" "Sogou web spider/4.0(+http://www.sogou.com/docs/help/webmasters.htm#07)"
172.69.62.139 - - [15/Mar/2018:04:07:44 +0800] "GET /zp/51176.html HTTP/1.1" 200 11083 "-" "BUbiNG (+http://law.di.unimi.it/BUbiNG.html#wc)"
172.68.65.177 - - [15/Mar/2018:04:07:47 +0800] "GET /school/p2.html HTTP/1.1" 200 41261 "-" "BUbiNG (+http://law.di.unimi.it/BUbiNG.html#wc)"
172.68.143.117 - - [15/Mar/2018:04:07:49 +0800] "GET /tbgw/bGpkODg5MjE-3-1-100000-3.html HTTP/1.1" 301 185 "-" "Sogou web spider/4.0(+http://www.sogou.com/docs/help/webmasters.htm#07)"
172.68.133.129 - - [15/Mar/2018:04:07:59 +0800] "GET /tbgw/c2hlbnhpYWc-0-1-100000-1.html HTTP/1.1" 404 3723 "-" "Sogou web spider/4.0(+http://www.sogou.com/docs/help/webmasters.htm#07)"
172.68.143.117 - - [15/Mar/2018:04:08:09 +0800] "GET /tbgw/warW2suusvo-1-1-100-3.html HTTP/1.1" 301 185 "-" "Sogou web spider/4.0(+http://www.sogou.com/docs/help/webmasters.htm#07)"
172.68.65.177 - - [15/Mar/2018:04:08:18 +0800] "GET /school/p3.html HTTP/1.1" 200 44619 "-" "BUbiNG (+http://law.di.unimi.it/BUbiNG.html#wc)"
172.68.133.129 - - [15/Mar/2018:04:08:19 +0800] "GET /tbgw/bGpkODg5MjE-3-1-100000-3.html HTTP/1.1" 404 3723 "-" "Sogou web spider/4.0(+http://www.sogou.com/docs/help/webmasters.htm#07)"
172.69.62.7 - - [15/Mar/2018:04:08:27 +0800] "GET /zp/51131.html HTTP/1.1" 200 17836 "-" "BUbiNG (+http://law.di.unimi.it/BUbiNG.html#wc)"
172.68.143.117 - - [15/Mar/2018:04:08:29 +0800] "GET /tbgw/eGt4cGxfMDkwNQ-0-1-100000-5.html HTTP/1.1" 301 185 "-" "Sogou web spider/4.0(+http://www.sogou.com/docs/help/webmasters.htm#07)"
172.68.133.129 - - [15/Mar/2018:04:08:39 +0800] "GET /tbgw/warW2suusvo-1-1-100-3.html HTTP/1.1" 404 3723 "-" "Sogou web spider/4.0(+http://www.sogou.com/docs/help/webmasters.htm#07)"
172.68.143.117 - - [15/Mar/2018:04:08:49 +0800] "GET /tbgw/Y2hlbmVyYmFvYmVp.html HTTP/1.1" 301 185 "-" "Sogou web spider/4.0(+http://www.sogou.com/docs/help/webmasters.htm#07)"
172.68.65.177 - - [15/Mar/2018:04:08:49 +0800] "GET /school/p4.html HTTP/1.1" 200 38960 "-" "BUbiNG (+http://law.di.unimi.it/BUbiNG.html#wc)"
172.69.62.7 - - [15/Mar/2018:04:08:58 +0800] "GET /zp/51130.html HTTP/1.1" 200 14751 "-" "BUbiNG (+http://law.di.unimi.it/BUbiNG.html#wc)"
172.68.133.129 - - [15/Mar/2018:04:08:59 +0800] "GET /tbgw/eGt4cGxfMDkwNQ-0-1-100000-5.html HTTP/1.1" 404 3723 "-" "Sogou web spider/4.0(+http://www.sogou.com/docs/help/webmasters.htm#07)"
172.68.143.117 - - [15/Mar/2018:04:09:09 +0800] "GET /tbgw/Z2ZxbG92ZQ.html HTTP/1.1" 301 185 "-" "Sogou web spider/4.0(+http://www.sogou.com/docs/help/webmasters.htm#07)"
172.68.133.129 - - [15/Mar/2018:04:09:19 +0800] "GET /tbgw/Y2hlbmVyYmFvYmVp.html HTTP/1.1" 404 3723 "-" "Sogou web spider/4.0(+http://www.sogou.com/docs/help/webmasters.htm#07)"
172.68.65.177 - - [15/Mar/2018:04:09:20 +0800] "GET /school/p5.html HTTP/1.1" 200 35140 "-" "BUbiNG (+http://law.di.unimi.it/BUbiNG.html#wc)"
172.68.174.55 - - [15/Mar/2018:04:09:27 +0800] "GET /html/gaoqiben/55.html HTTP/1.1" 404 3723 "-" "Mozilla/5.0 (compatible; DotBot/1.1; http://www.opensiteexplorer.org/dotbot, help@moz.com)"
172.69.62.7 - - [15/Mar/2018:04:09:29 +0800] "GET /zp/51129.html HTTP/1.1" 200 18451 "-" "BUbiNG (+http://law.di.unimi.it/BUbiNG.html#wc)"
172.68.143.117 - - [15/Mar/2018:04:09:29 +0800] "GET /tbgw/1um54rGmxvi16g.html HTTP/1.1" 301 185 "-" "Sogou web spider/4.0(+http://www.sogou.com/docs/help/webmasters.htm#07)"
172.68.133.129 - - [15/Mar/2018:04:09:39 +0800] "GET /tbgw/Z2ZxbG92ZQ.html HTTP/1.1" 404 3723 "-" "Sogou web spider/4.0(+http://www.sogou.com/docs/help/webmasters.htm#07)"
172.68.143.117 - - [15/Mar/2018:04:09:49 +0800] "GET /tbgw/cnhxMjAwOQ.html HTTP/1.1" 301 185 "-" "Sogou web spider/4.0(+http://www.sogou.com/docs/help/webmasters.htm#07)"
172.68.65.177 - - [15/Mar/2018:04:09:51 +0800] "GET /school/p6.html HTTP/1.1" 200 34374 "-" "BUbiNG (+http://law.di.unimi.it/BUbiNG.html#wc)"
172.68.133.129 - - [15/Mar/2018:04:09:59 +0800] "GET /tbgw/1um54rGmxvi16g.html HTTP/1.1" 404 3723 "-" "Sogou web spider/4.0(+http://www.sogou.com/docs/help/webmasters.htm#07)"
172.68.174.55 - - [15/Mar/2018:04:10:00 +0800] "GET /html/xueyuandongtai/73.html HTTP/1.1" 404 3723 "-" "Mozilla/5.0 (compatible; DotBot/1.1; http://www.opensiteexplorer.org/dotbot, help@moz.com)"
172.69.62.7 - - [15/Mar/2018:04:10:00 +0800] "GET /zp/51127.html HTTP/1.1" 200 12853 "-" "BUbiNG (+http://law.di.unimi.it/BUbiNG.html#wc)"
172.68.143.117 - - [15/Mar/2018:04:10:09 +0800] "GET /tbgw/0KbM7LfJ.html HTTP/1.1" 301 185 "-" "Sogou web spider/4.0(+http://www.sogou.com/docs/help/webmasters.htm#07)"
172.68.133.129 - - [15/Mar/2018:04:10:19 +0800] "GET /tbgw/cnhxMjAwOQ.html HTTP/1.1" 404 3723 "-" "Sogou web spider/4.0(+http://www.sogou.com/docs/help/webmasters.htm#07)"
172.68.65.177 - - [15/Mar/2018:04:10:22 +0800] "GET /school/p7.html HTTP/1.1" 200 34021 "-" "BUbiNG (+http://law.di.unimi.it/BUbiNG.html#wc)"
172.68.143.111 - - [15/Mar/2018:04:10:28 +0800] "GET /zp/24479.html HTTP/1.1" 200 14177 "-" "Mozilla/5.0 (compatible; Baiduspider/2.0; +http://www.baidu.com/search/spider.html)"
172.68.143.117 - - [15/Mar/2018:04:10:29 +0800] "GET /tbgw/ZmFueGlzaG9wt7Lc58bsvaK16g.html HTTP/1.1" 301 185 "-" "Sogou web spider/4.0(+http://www.sogou.com/docs/help/webmasters.htm#07)"
172.69.62.7 - - [15/Mar/2018:04:10:30 +0800] "GET /zp/51128.html HTTP/1.1" 200 13091 "-" "BUbiNG (+http://law.di.unimi.it/BUbiNG.html#wc)"
172.68.133.129 - - [15/Mar/2018:04:10:39 +0800] "GET /tbgw/0KbM7LfJ.html HTTP/1.1" 404 3723 "-" "Sogou web spider/4.0(+http://www.sogou.com/docs/help/webmasters.htm#07)"
172.68.143.117 - - [15/Mar/2018:04:10:49 +0800] "GET /tbgw/0MXKtba5.html HTTP/1.1" 301 185 "-" "Sogou web spider/4.0(+http://www.sogou.com/docs/help/webmasters.htm#07)"
172.68.65.177 - - [15/Mar/2018:04:10:53 +0800] "GET /school/p8.html HTTP/1.1" 200 34189 "-" "BUbiNG (+http://law.di.unimi.it/BUbiNG.html#wc)"
172.68.133.129 - - [15/Mar/2018:04:10:59 +0800] "GET /tbgw/ZmFueGlzaG9wt7Lc58bsvaK16g.html HTTP/1.1" 404 3723 "-" "Sogou web spider/4.0(+http://www.sogou.com/docs/help/webmasters.htm#07)"
172.69.62.7 - - [15/Mar/2018:04:11:01 +0800] "GET /zp/51126.html HTTP/1.1" 200 30994 "-" "BUbiNG (+http://law.di.unimi.it/BUbiNG.html#wc)"
172.68.143.117 - - [15/Mar/2018:04:11:09 +0800] "GET /tbgw/tqzIpcHL.html HTTP/1.1" 301 185 "-" "Sogou web spider/4.0(+http://www.sogou.com/docs/help/webmasters.htm#07)"
172.68.133.129 - - [15/Mar/2018:04:11:19 +0800] "GET /tbgw/0MXKtba5.html HTTP/1.1" 404 3723 "-" "Sogou web spider/4.0(+http://www.sogou.com/docs/help/webmasters.htm#07)"
172.69.62.139 - - [15/Mar/2018:04:11:21 +0800] "GET /zp/p1.html HTTP/1.1" 200 29398 "-" "BUbiNG (+http://law.di.unimi.it/BUbiNG.html#wc)"
172.68.65.177 - - [15/Mar/2018:04:11:24 +0800] "GET /school/p9.html HTTP/1.1" 200 34163 "-" "BUbiNG (+http://law.di.unimi.it/BUbiNG.html#wc)"
172.68.143.117 - - [15/Mar/2018:04:11:29 +0800] "GET /tbgw/vsOyt8Oz0tfJzNDQ.html HTTP/1.1" 301 185 "-" "Sogou web spider/4.0(+http://www.sogou.com/docs/help/webmasters.htm#07)"
172.69.62.7 - - [15/Mar/2018:04:11:32 +0800] "GET /zp/51125.html HTTP/1.1" 200 41837 "-" "BUbiNG (+http://law.di.unimi.it/BUbiNG.html#wc)"
172.68.58.92 - - [15/Mar/2018:04:11:38 +0800] "GET /html/gaoqiben/266.html HTTP/1.1" 404 3723 "-" "Mozilla/5.0 (compatible; Googlebot/2.1; +http://www.google.com/bot.html)"
172.68.133.129 - - [15/Mar/2018:04:11:39 +0800] "GET /tbgw/tqzIpcHL.html HTTP/1.1" 404 3723 "-" "Sogou web spider/4.0(+http://www.sogou.com/docs/help/webmasters.htm#07)"
172.68.143.117 - - [15/Mar/2018:04:11:49 +0800] "GET /tbgw/0KHGvbTz1f0.html HTTP/1.1" 301 185 "-" "Sogou web spider/4.0(+http://www.sogou.com/docs/help/webmasters.htm#07)"
172.68.65.177 - - [15/Mar/2018:04:11:54 +0800] "GET /school/15710.html HTTP/1.1" 200 10646 "-" "BUbiNG (+http://law.di.unimi.it/BUbiNG.html#wc)"
172.68.133.129 - - [15/Mar/2018:04:11:59 +0800] "GET /tbgw/vsOyt8Oz0tfJzNDQ.html HTTP/1.1" 404 3723 "-" "Sogou web spider/4.0(+http://www.sogou.com/docs/help/webmasters.htm#07)"
172.69.62.7 - - [15/Mar/2018:04:12:04 +0800] "GET /zp/51123.html HTTP/1.1" 200 16287 "-" "BUbiNG (+http://law.di.unimi.it/BUbiNG.html#wc)"
172.68.143.117 - - [15/Mar/2018:04:12:09 +0800] "GET /tbgw/c2hpc2hhbmdudm1v.html HTTP/1.1" 301 185 "-" "Sogou web spider/4.0(+http://www.sogou.com/docs/help/webmasters.htm#07)"
172.68.132.50 - - [15/Mar/2018:04:12:18 +0800] "GET /school/511.html HTTP/1.1" 200 6581 "-" "YisouSpider"
172.68.133.129 - - [15/Mar/2018:04:12:19 +0800] "GET /tbgw/0KHGvbTz1f0.html HTTP/1.1" 404 3723 "-" "Sogou web spider/4.0(+http://www.sogou.com/docs/help/webmasters.htm#07)"
172.68.65.177 - - [15/Mar/2018:04:12:25 +0800] "GET /school/15684.html HTTP/1.1" 200 10070 "-" "BUbiNG (+http://law.di.unimi.it/BUbiNG.html#wc)"
172.68.143.117 - - [15/Mar/2018:04:12:29 +0800] "GET /tbgw/1KwwMTIw.html HTTP/1.1" 301 185 "-" "Sogou web spider/4.0(+http://www.sogou.com/docs/help/webmasters.htm#07)"
172.69.62.7 - - [15/Mar/2018:04:12:35 +0800] "GET /zp/51124.html HTTP/1.1" 200 7984 "-" "BUbiNG (+http://law.di.unimi.it/BUbiNG.html#wc)"
172.68.133.129 - - [15/Mar/2018:04:12:39 +0800] "GET /tbgw/c2hpc2hhbmdudm1v.html HTTP/1.1" 404 3723 "-" "Sogou web spider/4.0(+http://www.sogou.com/docs/help/webmasters.htm#07)"
172.68.143.117 - - [15/Mar/2018:04:12:49 +0800] "GET /tbgw/ejc4OTA5.html HTTP/1.1" 301 185 "-" "Sogou web spider/4.0(+http://www.sogou.com/docs/help/webmasters.htm#07)"
141.101.77.53 - - [15/Mar/2018:04:12:53 +0800] "GET / HTTP/1.1" 301 185 "-" "Mozilla/5.0 (compatible; AhrefsBot/5.2; +http://ahrefs.com/robot/)"
172.68.65.177 - - [15/Mar/2018:04:12:56 +0800] "GET /school/15674.html HTTP/1.1" 200 6454 "-" "BUbiNG (+http://law.di.unimi.it/BUbiNG.html#wc)"
172.68.133.129 - - [15/Mar/2018:04:12:59 +0800] "GET /tbgw/1KwwMTIw.html HTTP/1.1" 404 3723 "-" "Sogou web spider/4.0(+http://www.sogou.com/docs/help/webmasters.htm#07)"
172.68.143.117 - - [15/Mar/2018:04:13:09 +0800] "GET /tbgw/ZGlkabTvtO8.html HTTP/1.1" 301 185 "-" "Sogou web spider/4.0(+http://www.sogou.com/docs/help/webmasters.htm#07)"
172.69.22.179 - - [15/Mar/2018:04:13:18 +0800] "HEAD /zp/51083.html HTTP/1.1" 200 0 "-" "Mozilla/5.0"
172.68.133.129 - - [15/Mar/2018:04:13:19 +0800] "GET /tbgw/ejc4OTA5.html HTTP/1.1" 404 3723 "-" "Sogou web spider/4.0(+http://www.sogou.com/docs/help/webmasters.htm#07)"
172.68.211.115 - - [15/Mar/2018:04:13:19 +0800] "GET /zp/51002.html HTTP/1.1" 200 10829 "-" "Mozilla/5.0"
172.68.142.134 - - [15/Mar/2018:04:13:19 +0800] "HEAD /zp/51079.html HTTP/1.1" 200 0 "-" "Mozilla/5.0"
173.245.48.210 - - [15/Mar/2018:04:13:19 +0800] "GET /robots.txt HTTP/1.1" 304 0 "-" "Mozilla/5.0 ()"
172.69.22.179 - - [15/Mar/2018:04:13:19 +0800] "GET /zp/51083.html HTTP/1.1" 200 9370 "-" "Mozilla/5.0"
172.68.133.201 - - [15/Mar/2018:04:13:20 +0800] "HEAD /school/231.html HTTP/1.1" 200 0 "-" "Mozilla/5.0"
172.68.142.134 - - [15/Mar/2018:04:13:20 +0800] "GET /zp/51162.html HTTP/1.1" 200 18017 "-" "Mozilla/5.0"
172.68.142.134 - - [15/Mar/2018:04:13:20 +0800] "GET /zp/51079.html HTTP/1.1" 200 10821 "-" "Mozilla/5.0"
172.68.211.115 - - [15/Mar/2018:04:13:21 +0800] "HEAD /zp/51103.html HTTP/1.1" 200 0 "-" "Mozilla/5.0"
172.68.133.201 - - [15/Mar/2018:04:13:21 +0800] "GET /school/231.html HTTP/1.1" 200 6936 "-" "Mozilla/5.0"
172.68.211.115 - - [15/Mar/2018:04:13:22 +0800] "GET /zp/51103.html HTTP/1.1" 200 10747 "-" "Mozilla/5.0"
172.69.22.179 - - [15/Mar/2018:04:13:22 +0800] "GET /zp/51085.html HTTP/1.1" 200 9127 "-" "Mozilla/5.0"
172.68.65.177 - - [15/Mar/2018:04:13:26 +0800] "GET /zp/51209.html HTTP/1.1" 200 28295 "-" "BUbiNG (+http://law.di.unimi.it/BUbiNG.html#wc)"
172.68.143.117 - - [15/Mar/2018:04:13:29 +0800] "GET /tbgw/wPbDwMGmvaE.html HTTP/1.1" 301 185 "-" "Sogou web spider/4.0(+http://www.sogou.com/docs/help/webmasters.htm#07)"
172.68.133.129 - - [15/Mar/2018:04:13:39 +0800] "GET /tbgw/ZGlkabTvtO8.html HTTP/1.1" 404 3723 "-" "Sogou web spider/4.0(+http://www.sogou.com/docs/help/webmasters.htm#07)"
172.68.143.117 - - [15/Mar/2018:04:13:49 +0800] "GET /tbgw/usPN5r7fzfg.html HTTP/1.1" 301 185 "-" "Sogou web spider/4.0(+http://www.sogou.com/docs/help/webmasters.htm#07)"
172.68.65.177 - - [15/Mar/2018:04:13:57 +0800] "GET /zp/51208.html HTTP/1.1" 200 16412 "-" "BUbiNG (+http://law.di.unimi.it/BUbiNG.html#wc)"
172.68.133.129 - - [15/Mar/2018:04:13:59 +0800] "GET /tbgw/wPbDwMGmvaE.html HTTP/1.1" 404 3723 "-" "Sogou web spider/4.0(+http://www.sogou.com/docs/help/webmasters.htm#07)"
172.68.143.117 - - [15/Mar/2018:04:14:09 +0800] "GET /tbgw/a2VkaW8.html HTTP/1.1" 301 185 "-" "Sogou web spider/4.0(+http://www.sogou.com/docs/help/webmasters.htm#07)"
172.68.133.129 - - [15/Mar/2018:04:14:19 +0800] "GET /tbgw/usPN5r7fzfg.html HTTP/1.1" 404 3723 "-" "Sogou web spider/4.0(+http://www.sogou.com/docs/help/webmasters.htm#07)"
172.68.65.177 - - [15/Mar/2018:04:14:28 +0800] "GET /zp/51207.html HTTP/1.1" 200 35731 "-" "BUbiNG (+http://law.di.unimi.it/BUbiNG.html#wc)"
172.68.143.117 - - [15/Mar/2018:04:14:29 +0800] "GET /tbgw/eXlxbDIwMDg.html HTTP/1.1" 301 185 "-" "Sogou web spider/4.0(+http://www.sogou.com/docs/help/webmasters.htm#07)"
172.68.133.129 - - [15/Mar/2018:04:14:39 +0800] "GET /tbgw/a2VkaW8.html HTTP/1.1" 404 3723 "-" "Sogou web spider/4.0(+http://www.sogou.com/docs/help/webmasters.htm#07)"
172.69.62.139 - - [15/Mar/2018:04:14:43 +0800] "GET /zp/ HTTP/1.1" 200 29398 "-" "BUbiNG (+http://law.di.unimi.it/BUbiNG.html#wc)"
172.68.211.139 - - [15/Mar/2018:04:14:47 +0800] "GET /zp/18148.html HTTP/1.1" 200 7625 "-" "Mozilla/5.0 (compatible; Baiduspider/2.0; +http://www.baidu.com/search/spider.html)"
172.68.143.117 - - [15/Mar/2018:04:14:49 +0800] "GET /tbgw/zNTM1M36drXq.html HTTP/1.1" 301 185 "-" "Sogou web spider/4.0(+http://www.sogou.com/docs/help/webmasters.htm#07)"
172.68.65.177 - - [15/Mar/2018:04:14:58 +0800] "GET /zp/51206.html HTTP/1.1" 200 12687 "-" "BUbiNG (+http://law.di.unimi.it/BUbiNG.html#wc)"
172.68.133.129 - - [15/Mar/2018:04:14:59 +0800] "GET /tbgw/eXlxbDIwMDg.html HTTP/1.1" 404 3723 "-" "Sogou web spider/4.0(+http://www.sogou.com/docs/help/webmasters.htm#07)"
172.68.143.117 - - [15/Mar/2018:04:15:09 +0800] "GET /tbgw/eHV5dWFuZDU1Ng.html HTTP/1.1" 301 185 "-" "Sogou web spider/4.0(+http://www.sogou.com/docs/help/webmasters.htm#07)"
172.68.133.129 - - [15/Mar/2018:04:15:19 +0800] "GET /tbgw/zNTM1M36drXq.html HTTP/1.1" 404 3723 "-" "Sogou web spider/4.0(+http://www.sogou.com/docs/help/webmasters.htm#07)"
172.68.65.177 - - [15/Mar/2018:04:15:29 +0800] "GET /zp/51205.html HTTP/1.1" 200 12122 "-" "BUbiNG (+http://law.di.unimi.it/BUbiNG.html#wc)"
172.68.143.117 - - [15/Mar/2018:04:15:29 +0800] "GET /tbgw/YTE3NzM2Mw.html HTTP/1.1" 301 185 "-" "Sogou web spider/4.0(+http://www.sogou.com/docs/help/webmasters.htm#07)"
172.68.133.129 - - [15/Mar/2018:04:15:39 +0800] "GET /tbgw/eHV5dWFuZDU1Ng.html HTTP/1.1" 404 3723 "-" "Sogou web spider/4.0(+http://www.sogou.com/docs/help/webmasters.htm#07)"
172.68.143.117 - - [15/Mar/2018:04:15:49 +0800] "GET /tbgw/c3B1X3NwdTIwMDg.html HTTP/1.1" 301 185 "-" "Sogou web spider/4.0(+http://www.sogou.com/docs/help/webmasters.htm#07)"
172.69.62.7 - - [15/Mar/2018:04:15:58 +0800] "GET /zp/51120.html HTTP/1.1" 200 31663 "-" "BUbiNG (+http://law.di.unimi.it/BUbiNG.html#wc)"
172.68.133.129 - - [15/Mar/2018:04:15:59 +0800] "GET /tbgw/YTE3NzM2Mw.html HTTP/1.1" 404 3723 "-" "Sogou web spider/4.0(+http://www.sogou.com/docs/help/webmasters.htm#07)"
172.68.65.177 - - [15/Mar/2018:04:16:00 +0800] "GET /zp/51204.html HTTP/1.1" 200 12502 "-" "BUbiNG (+http://law.di.unimi.it/BUbiNG.html#wc)"
172.68.143.117 - - [15/Mar/2018:04:16:09 +0800] "GET /tbgw/bW9tbzE0OTI.html HTTP/1.1" 301 185 "-" "Sogou web spider/4.0(+http://www.sogou.com/docs/help/webmasters.htm#07)"
172.68.133.129 - - [15/Mar/2018:04:16:19 +0800] "GET /tbgw/c3B1X3NwdTIwMDg.html HTTP/1.1" 404 3723 "-" "Sogou web spider/4.0(+http://www.sogou.com/docs/help/webmasters.htm#07)"
172.68.143.117 - - [15/Mar/2018:04:16:29 +0800] "GET /tbgw/0MLG8LXjxvuztdPDxrezxw.html HTTP/1.1" 301 185 "-" "Sogou web spider/4.0(+http://www.sogou.com/docs/help/webmasters.htm#07)"
172.68.65.177 - - [15/Mar/2018:04:16:30 +0800] "GET /zp/51203.html HTTP/1.1" 200 12257 "-" "BUbiNG (+http://law.di.unimi.it/BUbiNG.html#wc)"
172.68.133.129 - - [15/Mar/2018:04:16:39 +0800] "GET /tbgw/bW9tbzE0OTI.html HTTP/1.1" 404 3723 "-" "Sogou web spider/4.0(+http://www.sogou.com/docs/help/webmasters.htm#07)"
172.68.143.117 - - [15/Mar/2018:04:16:49 +0800] "GET /tbgw/0KG2ubK8tqM.html HTTP/1.1" 301 185 "-" "Sogou web spider/4.0(+http://www.sogou.com/docs/help/webmasters.htm#07)"
172.68.133.129 - - [15/Mar/2018:04:16:59 +0800] "GET /tbgw/0MLG8LXjxvuztdPDxrezxw.html HTTP/1.1" 404 3723 "-" "Sogou web spider/4.0(+http://www.sogou.com/docs/help/webmasters.htm#07)"
172.68.65.177 - - [15/Mar/2018:04:17:01 +0800] "GET /zp/51202.html HTTP/1.1" 200 13349 "-" "BUbiNG (+http://law.di.unimi.it/BUbiNG.html#wc)"
172.68.143.117 - - [15/Mar/2018:04:17:09 +0800] "GET /tbgw/d2FuZ2RwMDEwMQ.html HTTP/1.1" 301 185 "-" "Sogou web spider/4.0(+http://www.sogou.com/docs/help/webmasters.htm#07)"
172.69.22.155 - - [15/Mar/2018:04:17:18 +0800] "GET /school/237.html HTTP/1.1" 200 8395 "-" "YisouSpider"
172.68.133.129 - - [15/Mar/2018:04:17:19 +0800] "GET /tbgw/0KG2ubK8tqM.html HTTP/1.1" 404 3723 "-" "Sogou web spider/4.0(+http://www.sogou.com/docs/help/webmasters.htm#07)"
172.68.143.117 - - [15/Mar/2018:04:17:29 +0800] "GET /tbgw/1NrNvrunzeLTw8a3.html HTTP/1.1" 301 185 "-" "Sogou web spider/4.0(+http://www.sogou.com/docs/help/webmasters.htm#07)"
172.68.65.177 - - [15/Mar/2018:04:17:32 +0800] "GET /zp/51201.html HTTP/1.1" 200 8679 "-" "BUbiNG (+http://law.di.unimi.it/BUbiNG.html#wc)"
172.68.133.129 - - [15/Mar/2018:04:17:39 +0800] "GET /tbgw/d2FuZ2RwMDEwMQ.html HTTP/1.1" 404 3723 "-" "Sogou web spider/4.0(+http://www.sogou.com/docs/help/webmasters.htm#07)"
172.68.143.117 - - [15/Mar/2018:04:17:49 +0800] "GET /tbgw/vdzE3DE5OTk.html HTTP/1.1" 301 185 "-" "Sogou web spider/4.0(+http://www.sogou.com/docs/help/webmasters.htm#07)"
172.68.133.129 - - [15/Mar/2018:04:17:59 +0800] "GET /tbgw/1NrNvrunzeLTw8a3.html HTTP/1.1" 404 3723 "-" "Sogou web spider/4.0(+http://www.sogou.com/docs/help/webmasters.htm#07)"
172.68.65.177 - - [15/Mar/2018:04:18:02 +0800] "GET /zp/51200.html HTTP/1.1" 200 8987 "-" "BUbiNG (+http://law.di.unimi.it/BUbiNG.html#wc)"
172.69.62.139 - - [15/Mar/2018:04:18:03 +0800] "GET /zp/51173.html HTTP/1.1" 200 14110 "-" "BUbiNG (+http://law.di.unimi.it/BUbiNG.html#wc)"
172.68.143.117 - - [15/Mar/2018:04:18:09 +0800] "GET /tbgw/anVsaWFsaWNl.html HTTP/1.1" 301 185 "-" "Sogou web spider/4.0(+http://www.sogou.com/docs/help/webmasters.htm#07)"
172.68.133.129 - - [15/Mar/2018:04:18:19 +0800] "GET /tbgw/vdzE3DE5OTk.html HTTP/1.1" 404 3723 "-" "Sogou web spider/4.0(+http://www.sogou.com/docs/help/webmasters.htm#07)"
172.68.143.117 - - [15/Mar/2018:04:18:29 +0800] "GET /tbgw/aGFpeg.html HTTP/1.1" 301 185 "-" "Sogou web spider/4.0(+http://www.sogou.com/docs/help/webmasters.htm#07)"
172.68.65.177 - - [15/Mar/2018:04:18:33 +0800] "GET /zp/51198.html HTTP/1.1" 200 11834 "-" "BUbiNG (+http://law.di.unimi.it/BUbiNG.html#wc)"
172.68.133.129 - - [15/Mar/2018:04:18:39 +0800] "GET /tbgw/anVsaWFsaWNl.html HTTP/1.1" 404 3723 "-" "Sogou web spider/4.0(+http://www.sogou.com/docs/help/webmasters.htm#07)"
172.68.143.117 - - [15/Mar/2018:04:18:49 +0800] "GET /tbgw/eWl3dV8xOTgz.html HTTP/1.1" 301 185 "-" "Sogou web spider/4.0(+http://www.sogou.com/docs/help/webmasters.htm#07)"
172.68.133.129 - - [15/Mar/2018:04:18:59 +0800] "GET /tbgw/aGFpeg.html HTTP/1.1" 404 3723 "-" "Sogou web spider/4.0(+http://www.sogou.com/docs/help/webmasters.htm#07)"
172.68.65.177 - - [15/Mar/2018:04:19:04 +0800] "GET /zp/51199.html HTTP/1.1" 200 12469 "-" "BUbiNG (+http://law.di.unimi.it/BUbiNG.html#wc)"
172.68.189.172 - - [15/Mar/2018:04:19:07 +0800] "GET /zp/50282.html HTTP/1.1" 200 20212 "-" "Mozilla/5.0 (compatible; Baiduspider/2.0; +http://www.baidu.com/search/spider.html)"
172.68.143.117 - - [15/Mar/2018:04:19:09 +0800] "GET /tbgw/0fKzx7fJ0e8.html HTTP/1.1" 301 185 "-" "Sogou web spider/4.0(+http://www.sogou.com/docs/help/webmasters.htm#07)"
172.68.174.49 - - [15/Mar/2018:04:19:10 +0800] "GET /robots.txt HTTP/1.1" 304 0 "-" "Mozilla/5.0 (compatible; DotBot/1.1; http://www.opensiteexplorer.org/dotbot, help@moz.com)"
172.68.46.62 - - [15/Mar/2018:04:19:11 +0800] "GET /plus/img/addon.gif HTTP/1.1" 404 3723 "http://www.zhaokao123.cn/zp/50282.html" "Mozilla/5.0 (iPhone; CPU iPhone OS 9_1 like Mac OS X) AppleWebKit/601.1.46 (KHTML, like Gecko) Version/9.0 Mobile/13B143 Safari/601.1 (compatible; Baiduspider-render/2.0; +http://www.baidu.com/search/spider.html)"
172.69.33.62 - - [15/Mar/2018:04:19:11 +0800] "GET /content20151013/images/wx.jpg HTTP/1.1" 404 3723 "http://www.zhaokao123.cn/zp/50282.html" "Mozilla/5.0 (iPhone; CPU iPhone OS 9_1 like Mac OS X) AppleWebKit/601.1.46 (KHTML, like Gecko) Version/9.0 Mobile/13B143 Safari/601.1 (compatible; Baiduspider-render/2.0; +http://www.baidu.com/search/spider.html)"
172.68.133.129 - - [15/Mar/2018:04:19:19 +0800] "GET /tbgw/eWl3dV8xOTgz.html HTTP/1.1" 404 3723 "-" "Sogou web spider/4.0(+http://www.sogou.com/docs/help/webmasters.htm#07)"
172.68.143.117 - - [15/Mar/2018:04:19:29 +0800] "GET /tbgw/yMvIy8H5zfI.html HTTP/1.1" 301 185 "-" "Sogou web spider/4.0(+http://www.sogou.com/docs/help/webmasters.htm#07)"
172.68.65.177 - - [15/Mar/2018:04:19:34 +0800] "GET /zp/51196.html HTTP/1.1" 200 12550 "-" "BUbiNG (+http://law.di.unimi.it/BUbiNG.html#wc)"
172.68.133.129 - - [15/Mar/2018:04:19:39 +0800] "GET /tbgw/0fKzx7fJ0e8.html HTTP/1.1" 404 3723 "-" "Sogou web spider/4.0(+http://www.sogou.com/docs/help/webmasters.htm#07)"
172.68.143.117 - - [15/Mar/2018:04:19:49 +0800] "GET /tbgw/0c6zx9HGsM0.html HTTP/1.1" 301 185 "-" "Sogou web spider/4.0(+http://www.sogou.com/docs/help/webmasters.htm#07)"
172.69.62.7 - - [15/Mar/2018:04:19:57 +0800] "GET /zp/51119.html HTTP/1.1" 200 8321 "-" "BUbiNG (+http://law.di.unimi.it/BUbiNG.html#wc)"
172.68.133.129 - - [15/Mar/2018:04:19:59 +0800] "GET /tbgw/yMvIy8H5zfI.html HTTP/1.1" 404 3723 "-" "Sogou web spider/4.0(+http://www.sogou.com/docs/help/webmasters.htm#07)"
172.68.65.177 - - [15/Mar/2018:04:20:04 +0800] "GET /zp/51197.html HTTP/1.1" 200 12482 "-" "BUbiNG (+http://law.di.unimi.it/BUbiNG.html#wc)"
172.68.143.117 - - [15/Mar/2018:04:20:09 +0800] "GET /tbgw/vvzGt8rAveexsb6p.html HTTP/1.1" 301 185 "-" "Sogou web spider/4.0(+http://www.sogou.com/docs/help/webmasters.htm#07)"
172.68.133.129 - - [15/Mar/2018:04:20:19 +0800] "GET /tbgw/0c6zx9HGsM0.html HTTP/1.1" 404 3723 "-" "Sogou web spider/4.0(+http://www.sogou.com/docs/help/webmasters.htm#07)"
172.68.143.117 - - [15/Mar/2018:04:20:29 +0800] "GET /tbgw/aGdkZXNpZ24.html HTTP/1.1" 301 185 "-" "Sogou web spider/4.0(+http://www.sogou.com/docs/help/webmasters.htm#07)"
172.68.65.177 - - [15/Mar/2018:04:20:35 +0800] "GET /zp/51194.html HTTP/1.1" 200 10888 "-" "BUbiNG (+http://law.di.unimi.it/BUbiNG.html#wc)"
172.68.133.129 - - [15/Mar/2018:04:20:39 +0800] "GET /tbgw/vvzGt8rAveexsb6p.html HTTP/1.1" 404 3723 "-" "Sogou web spider/4.0(+http://www.sogou.com/docs/help/webmasters.htm#07)"
162.158.255.127 - - [15/Mar/2018:04:20:40 +0800] "GET / HTTP/1.1" 200 43086 "-" "Mozilla/5.0 (Windows NT 10.0; Win64; x64) AppleWebKit/537.36 (KHTML, like Gecko) Chrome/59.0.3071.115 Safari/537.36"
172.68.143.117 - - [15/Mar/2018:04:20:49 +0800] "GET /tbgw/srzSwsrAvNIyMDA5.html HTTP/1.1" 301 185 "-" "Sogou web spider/4.0(+http://www.sogou.com/docs/help/webmasters.htm#07)"
172.68.133.129 - - [15/Mar/2018:04:20:59 +0800] "GET /tbgw/aGdkZXNpZ24.html HTTP/1.1" 404 3723 "-" "Sogou web spider/4.0(+http://www.sogou.com/docs/help/webmasters.htm#07)"
172.68.46.62 - - [15/Mar/2018:04:21:02 +0800] "GET /uploads/allimg/180105/1640061158-1.jpg HTTP/1.1" 404 3723 "http://image.baidu.com/i?ct=503316480&z=0&tn=baiduimagedetail" "Baiduspider-image+(+http://www.baidu.com/search/spider.htm)"
172.68.65.177 - - [15/Mar/2018:04:21:06 +0800] "GET /zp/p2.html HTTP/1.1" 200 29053 "-" "BUbiNG (+http://law.di.unimi.it/BUbiNG.html#wc)"
172.68.143.117 - - [15/Mar/2018:04:21:09 +0800] "GET /tbgw/z8PDxcrQydvX09HAubHN6LXq.html HTTP/1.1" 301 185 "-" "Sogou web spider/4.0(+http://www.sogou.com/docs/help/webmasters.htm#07)"
172.68.133.129 - - [15/Mar/2018:04:21:19 +0800] "GET /tbgw/srzSwsrAvNIyMDA5.html HTTP/1.1" 404 3723 "-" "Sogou web spider/4.0(+http://www.sogou.com/docs/help/webmasters.htm#07)"
172.69.62.139 - - [15/Mar/2018:04:21:25 +0800] "GET /zp/51174.html HTTP/1.1" 200 11262 "-" "BUbiNG (+http://law.di.unimi.it/BUbiNG.html#wc)"
172.68.143.117 - - [15/Mar/2018:04:21:29 +0800] "GET /tbgw/wPbJr7D8sPw.html HTTP/1.1" 301 185 "-" "Sogou web spider/4.0(+http://www.sogou.com/docs/help/webmasters.htm#07)"
172.68.65.177 - - [15/Mar/2018:04:21:38 +0800] "GET /zp/p3.html HTTP/1.1" 200 29175 "-" "BUbiNG (+http://law.di.unimi.it/BUbiNG.html#wc)"
172.68.133.129 - - [15/Mar/2018:04:21:39 +0800] "GET /tbgw/z8PDxcrQydvX09HAubHN6LXq.html HTTP/1.1" 404 3723 "-" "Sogou web spider/4.0(+http://www.sogou.com/docs/help/webmasters.htm#07)"
172.68.143.117 - - [15/Mar/2018:04:21:49 +0800] "GET /tbgw/bHF3ZW4yMDA1.html HTTP/1.1" 301 185 "-" "Sogou web spider/4.0(+http://www.sogou.com/docs/help/webmasters.htm#07)"
172.68.133.129 - - [15/Mar/2018:04:21:59 +0800] "GET /tbgw/wPbJr7D8sPw.html HTTP/1.1" 404 3723 "-" "Sogou web spider/4.0(+http://www.sogou.com/docs/help/webmasters.htm#07)"
172.68.143.117 - - [15/Mar/2018:04:22:09 +0800] "GET /tbgw/eWFuZ3d1aHVhXzE5Nzk.html HTTP/1.1" 301 185 "-" "Sogou web spider/4.0(+http://www.sogou.com/docs/help/webmasters.htm#07)"
172.68.133.129 - - [15/Mar/2018:04:22:19 +0800] "GET /tbgw/bHF3ZW4yMDA1.html HTTP/1.1" 404 3723 "-" "Sogou web spider/4.0(+http://www.sogou.com/docs/help/webmasters.htm#07)"
172.68.143.117 - - [15/Mar/2018:04:22:29 +0800] "GET /tbgw/5ufm587otbjTw8a3teo.html HTTP/1.1" 301 185 "-" "Sogou web spider/4.0(+http://www.sogou.com/docs/help/webmasters.htm#07)"
172.68.133.129 - - [15/Mar/2018:04:22:39 +0800] "GET /tbgw/eWFuZ3d1aHVhXzE5Nzk.html HTTP/1.1" 404 3723 "-" "Sogou web spider/4.0(+http://www.sogou.com/docs/help/webmasters.htm#07)"
172.68.143.117 - - [15/Mar/2018:04:22:49 +0800] "GET /tbgw/vfDR4NfTtefX0w.html HTTP/1.1" 301 185 "-" "Sogou web spider/4.0(+http://www.sogou.com/docs/help/webmasters.htm#07)"
172.68.133.129 - - [15/Mar/2018:04:22:59 +0800] "GET /tbgw/5ufm587otbjTw8a3teo.html HTTP/1.1" 404 3723 "-" "Sogou web spider/4.0(+http://www.sogou.com/docs/help/webmasters.htm#07)"
172.68.143.117 - - [15/Mar/2018:04:23:09 +0800] "GET /tbgw/Y29vbHBsYXnQocbM1ca58Q.html HTTP/1.1" 301 185 "-" "Sogou web spider/4.0(+http://www.sogou.com/docs/help/webmasters.htm#07)"
172.68.133.129 - - [15/Mar/2018:04:23:19 +0800] "GET /tbgw/vfDR4NfTtefX0w.html HTTP/1.1" 404 3723 "-" "Sogou web spider/4.0(+http://www.sogou.com/docs/help/webmasters.htm#07)"
172.69.33.218 - - [15/Mar/2018:04:23:27 +0800] "GET /zp/49868.html HTTP/1.1" 200 17530 "-" "Mozilla/5.0 (compatible; Baiduspider/2.0; +http://www.baidu.com/search/spider.html)"
172.68.143.117 - - [15/Mar/2018:04:23:29 +0800] "GET /tbgw/eHdwMDkxNg.html HTTP/1.1" 301 185 "-" "Sogou web spider/4.0(+http://www.sogou.com/docs/help/webmasters.htm#07)"
172.69.33.62 - - [15/Mar/2018:04:23:37 +0800] "GET /content20151013/images/wx.jpg HTTP/1.1" 404 3723 "http://www.zhaokao123.cn/zp/49868.html" "Mozilla/5.0 (iPhone; CPU iPhone OS 9_1 like Mac OS X) AppleWebKit/601.1.46 (KHTML, like Gecko) Version/9.0 Mobile/13B143 Safari/601.1 (compatible; Baiduspider-render/2.0; +http://www.baidu.com/search/spider.html)"
172.68.133.129 - - [15/Mar/2018:04:23:39 +0800] "GET /tbgw/Y29vbHBsYXnQocbM1ca58Q.html HTTP/1.1" 404 3723 "-" "Sogou web spider/4.0(+http://www.sogou.com/docs/help/webmasters.htm#07)"
172.68.143.117 - - [15/Mar/2018:04:23:49 +0800] "GET /tbgw/eGlhb3l1Nzc1ODI1ODc.html HTTP/1.1" 301 185 "-" "Sogou web spider/4.0(+http://www.sogou.com/docs/help/webmasters.htm#07)"
172.68.65.177 - - [15/Mar/2018:04:23:56 +0800] "GET /zp/p4.html HTTP/1.1" 200 28999 "-" "BUbiNG (+http://law.di.unimi.it/BUbiNG.html#wc)"
172.68.133.129 - - [15/Mar/2018:04:23:59 +0800] "GET /tbgw/eHdwMDkxNg.html HTTP/1.1" 404 3723 "-" "Sogou web spider/4.0(+http://www.sogou.com/docs/help/webmasters.htm#07)"
172.68.143.117 - - [15/Mar/2018:04:24:09 +0800] "GET /tbgw/eWliaW5nNzI5NA.html HTTP/1.1" 301 185 "-" "Sogou web spider/4.0(+http://www.sogou.com/docs/help/webmasters.htm#07)"
172.69.62.7 - - [15/Mar/2018:04:24:10 +0800] "GET /zp/51118.html HTTP/1.1" 200 9276 "-" "BUbiNG (+http://law.di.unimi.it/BUbiNG.html#wc)"
172.69.22.155 - - [15/Mar/2018:04:24:18 +0800] "GET /jobs/techangpeixun/512.html HTTP/1.1" 200 10326 "-" "YisouSpider"
172.68.133.129 - - [15/Mar/2018:04:24:19 +0800] "GET /tbgw/eGlhb3l1Nzc1ODI1ODc.html HTTP/1.1" 404 3723 "-" "Sogou web spider/4.0(+http://www.sogou.com/docs/help/webmasters.htm#07)"
172.68.143.117 - - [15/Mar/2018:04:24:29 +0800] "GET /tbgw/vKq077HjwPs5Njg4.html HTTP/1.1" 301 185 "-" "Sogou web spider/4.0(+http://www.sogou.com/docs/help/webmasters.htm#07)"
172.68.65.177 - - [15/Mar/2018:04:24:29 +0800] "GET /zp/p5.html HTTP/1.1" 200 29391 "-" "BUbiNG (+http://law.di.unimi.it/BUbiNG.html#wc)"
172.68.133.129 - - [15/Mar/2018:04:24:39 +0800] "GET /tbgw/eWliaW5nNzI5NA.html HTTP/1.1" 404 3723 "-" "Sogou web spider/4.0(+http://www.sogou.com/docs/help/webmasters.htm#07)"
172.69.62.7 - - [15/Mar/2018:04:24:46 +0800] "GET /zp/51122.html HTTP/1.1" 200 23537 "-" "BUbiNG (+http://law.di.unimi.it/BUbiNG.html#wc)"
172.68.143.117 - - [15/Mar/2018:04:24:49 +0800] "GET /tbgw/v7XM2LfyeWpr.html HTTP/1.1" 301 185 "-" "Sogou web spider/4.0(+http://www.sogou.com/docs/help/webmasters.htm#07)"
172.69.62.139 - - [15/Mar/2018:04:24:50 +0800] "GET /zp/51170.html HTTP/1.1" 200 37804 "-" "BUbiNG (+http://law.di.unimi.it/BUbiNG.html#wc)"
172.68.133.129 - - [15/Mar/2018:04:24:59 +0800] "GET /tbgw/vKq077HjwPs5Njg4.html HTTP/1.1" 404 3723 "-" "Sogou web spider/4.0(+http://www.sogou.com/docs/help/webmasters.htm#07)"
172.68.65.177 - - [15/Mar/2018:04:25:01 +0800] "GET /zp/p6.html HTTP/1.1" 200 29415 "-" "BUbiNG (+http://law.di.unimi.it/BUbiNG.html#wc)"
172.68.143.117 - - [15/Mar/2018:04:25:09 +0800] "GET /tbgw/eWFuZ2ppYW5odWExOTg0MDcwNg.html HTTP/1.1" 301 185 "-" "Sogou web spider/4.0(+http://www.sogou.com/docs/help/webmasters.htm#07)"
172.68.133.129 - - [15/Mar/2018:04:25:19 +0800] "GET /tbgw/v7XM2LfyeWpr.html HTTP/1.1" 404 3723 "-" "Sogou web spider/4.0(+http://www.sogou.com/docs/help/webmasters.htm#07)"
172.69.62.7 - - [15/Mar/2018:04:25:26 +0800] "GET /zp/51121.html HTTP/1.1" 200 23710 "-" "BUbiNG (+http://law.di.unimi.it/BUbiNG.html#wc)"
172.68.143.117 - - [15/Mar/2018:04:25:29 +0800] "GET /tbgw/0ce7qsnQyv3C69eo06q16g.html HTTP/1.1" 301 185 "-" "Sogou web spider/4.0(+http://www.sogou.com/docs/help/webmasters.htm#07)"
172.68.65.177 - - [15/Mar/2018:04:25:32 +0800] "GET /zp/p7.html HTTP/1.1" 200 29173 "-" "BUbiNG (+http://law.di.unimi.it/BUbiNG.html#wc)"
172.68.133.129 - - [15/Mar/2018:04:25:39 +0800] "GET /tbgw/eWFuZ2ppYW5odWExOTg0MDcwNg.html HTTP/1.1" 404 3723 "-" "Sogou web spider/4.0(+http://www.sogou.com/docs/help/webmasters.htm#07)"
172.68.143.117 - - [15/Mar/2018:04:25:49 +0800] "GET /tbgw/u9S7zcXkvrU.html HTTP/1.1" 301 185 "-" "Sogou web spider/4.0(+http://www.sogou.com/docs/help/webmasters.htm#07)"
172.69.62.7 - - [15/Mar/2018:04:25:57 +0800] "GET /zp/51117.html HTTP/1.1" 200 13758 "-" "BUbiNG (+http://law.di.unimi.it/BUbiNG.html#wc)"
172.68.133.129 - - [15/Mar/2018:04:25:59 +0800] "GET /tbgw/0ce7qsnQyv3C69eo06q16g.html HTTP/1.1" 404 3723 "-" "Sogou web spider/4.0(+http://www.sogou.com/docs/help/webmasters.htm#07)"
172.68.65.177 - - [15/Mar/2018:04:26:04 +0800] "GET /zp/p8.html HTTP/1.1" 200 29481 "-" "BUbiNG (+http://law.di.unimi.it/BUbiNG.html#wc)"
172.68.143.117 - - [15/Mar/2018:04:26:09 +0800] "GET /tbgw/bWljaGFlbG13.html HTTP/1.1" 301 185 "-" "Sogou web spider/4.0(+http://www.sogou.com/docs/help/webmasters.htm#07)"
172.68.133.129 - - [15/Mar/2018:04:26:19 +0800] "GET /tbgw/u9S7zcXkvrU.html HTTP/1.1" 404 3723 "-" "Sogou web spider/4.0(+http://www.sogou.com/docs/help/webmasters.htm#07)"
172.68.143.117 - - [15/Mar/2018:04:26:29 +0800] "GET /tbgw/tdrO5b3Wudm3vcbsvaK16g.html HTTP/1.1" 301 185 "-" "Sogou web spider/4.0(+http://www.sogou.com/docs/help/webmasters.htm#07)"
172.69.62.7 - - [15/Mar/2018:04:26:33 +0800] "GET /zp/51116.html HTTP/1.1" 200 13095 "-" "BUbiNG (+http://law.di.unimi.it/BUbiNG.html#wc)"
172.68.65.177 - - [15/Mar/2018:04:26:36 +0800] "GET /zp/p9.html HTTP/1.1" 200 29294 "-" "BUbiNG (+http://law.di.unimi.it/BUbiNG.html#wc)"
172.68.133.129 - - [15/Mar/2018:04:26:39 +0800] "GET /tbgw/bWljaGFlbG13.html HTTP/1.1" 404 3723 "-" "Sogou web spider/4.0(+http://www.sogou.com/docs/help/webmasters.htm#07)"
172.68.143.117 - - [15/Mar/2018:04:26:49 +0800] "GET /tbgw/ZmF5ZTU2.html HTTP/1.1" 301 185 "-" "Sogou web spider/4.0(+http://www.sogou.com/docs/help/webmasters.htm#07)"
172.68.133.129 - - [15/Mar/2018:04:26:59 +0800] "GET /tbgw/tdrO5b3Wudm3vcbsvaK16g.html HTTP/1.1" 404 3723 "-" "Sogou web spider/4.0(+http://www.sogou.com/docs/help/webmasters.htm#07)"
172.69.62.7 - - [15/Mar/2018:04:27:05 +0800] "GET /zp/51115.html HTTP/1.1" 200 10814 "-" "BUbiNG (+http://law.di.unimi.it/BUbiNG.html#wc)"
172.68.65.177 - - [15/Mar/2018:04:27:06 +0800] "GET /jobs/xiaoxue/452.html HTTP/1.1" 200 7706 "-" "BUbiNG (+http://law.di.unimi.it/BUbiNG.html#wc)"
172.68.143.117 - - [15/Mar/2018:04:27:09 +0800] "GET /tbgw/y9XL1Wx1Y2t5.html HTTP/1.1" 301 185 "-" "Sogou web spider/4.0(+http://www.sogou.com/docs/help/webmasters.htm#07)"
172.68.133.129 - - [15/Mar/2018:04:27:19 +0800] "GET /tbgw/ZmF5ZTU2.html HTTP/1.1" 404 3723 "-" "Sogou web spider/4.0(+http://www.sogou.com/docs/help/webmasters.htm#07)"
172.68.143.117 - - [15/Mar/2018:04:27:29 +0800] "GET /tbgw/aHltMjAxMTA0.html HTTP/1.1" 301 185 "-" "Sogou web spider/4.0(+http://www.sogou.com/docs/help/webmasters.htm#07)"
172.68.65.177 - - [15/Mar/2018:04:27:37 +0800] "GET /jobs/techangpeixun/102.html HTTP/1.1" 200 7766 "-" "BUbiNG (+http://law.di.unimi.it/BUbiNG.html#wc)"
172.68.133.129 - - [15/Mar/2018:04:27:39 +0800] "GET /tbgw/y9XL1Wx1Y2t5.html HTTP/1.1" 404 3723 "-" "Sogou web spider/4.0(+http://www.sogou.com/docs/help/webmasters.htm#07)"
172.69.62.7 - - [15/Mar/2018:04:27:41 +0800] "GET /zp/51114.html HTTP/1.1" 200 11336 "-" "BUbiNG (+http://law.di.unimi.it/BUbiNG.html#wc)"
172.68.211.157 - - [15/Mar/2018:04:27:46 +0800] "GET /zp/36189.html HTTP/1.1" 200 14700 "-" "Mozilla/5.0 (compatible; Baiduspider/2.0; +http://www.baidu.com/search/spider.html)"
172.68.143.117 - - [15/Mar/2018:04:27:49 +0800] "GET /tbgw/c3V5dWVqaWFv.html HTTP/1.1" 301 185 "-" "Sogou web spider/4.0(+http://www.sogou.com/docs/help/webmasters.htm#07)"
172.68.46.206 - - [15/Mar/2018:04:27:54 +0800] "GET /uploads/allimg/171013/1612562L1-0.png HTTP/1.1" 404 3723 "http://image.baidu.com/i?ct=503316480&z=0&tn=baiduimagedetail" "Baiduspider-image+(+http://www.baidu.com/search/spider.htm)"
172.68.133.129 - - [15/Mar/2018:04:27:59 +0800] "GET /tbgw/aHltMjAxMTA0.html HTTP/1.1" 404 3723 "-" "Sogou web spider/4.0(+http://www.sogou.com/docs/help/webmasters.htm#07)"
172.68.143.117 - - [15/Mar/2018:04:28:09 +0800] "GET /tbgw/c3ByaW5nY2FvMjAwNQ.html HTTP/1.1" 301 185 "-" "Sogou web spider/4.0(+http://www.sogou.com/docs/help/webmasters.htm#07)"
172.69.62.139 - - [15/Mar/2018:04:28:10 +0800] "GET /zp/51169.html HTTP/1.1" 200 11133 "-" "BUbiNG (+http://law.di.unimi.it/BUbiNG.html#wc)"
172.68.143.153 - - [15/Mar/2018:04:28:18 +0800] "GET /uploads/allimg/180129/1S3254C9-1.jpg HTTP/1.1" 404 3723 "http://image.baidu.com/i?ct=503316480&z=0&tn=baiduimagedetail" "Baiduspider-image+(+http://www.baidu.com/search/spider.htm)"
172.68.133.129 - - [15/Mar/2018:04:28:19 +0800] "GET /tbgw/c3V5dWVqaWFv.html HTTP/1.1" 404 3723 "-" "Sogou web spider/4.0(+http://www.sogou.com/docs/help/webmasters.htm#07)"
172.68.143.117 - - [15/Mar/2018:04:28:29 +0800] "GET /tbgw/bG92ZXp6cA.html HTTP/1.1" 301 185 "-" "Sogou web spider/4.0(+http://www.sogou.com/docs/help/webmasters.htm#07)"
172.68.133.129 - - [15/Mar/2018:04:28:39 +0800] "GET /tbgw/c3ByaW5nY2FvMjAwNQ.html HTTP/1.1" 404 3723 "-" "Sogou web spider/4.0(+http://www.sogou.com/docs/help/webmasters.htm#07)"
172.68.143.117 - - [15/Mar/2018:04:28:49 +0800] "GET /tbgw/d19saW5nX3l1.html HTTP/1.1" 301 185 "-" "Sogou web spider/4.0(+http://www.sogou.com/docs/help/webmasters.htm#07)"
172.68.133.129 - - [15/Mar/2018:04:28:59 +0800] "GET /tbgw/bG92ZXp6cA.html HTTP/1.1" 404 3723 "-" "Sogou web spider/4.0(+http://www.sogou.com/docs/help/webmasters.htm#07)"
172.68.143.117 - - [15/Mar/2018:04:29:09 +0800] "GET /tbgw/1dTW3rXEx8U.html HTTP/1.1" 301 185 "-" "Sogou web spider/4.0(+http://www.sogou.com/docs/help/webmasters.htm#07)"
162.158.255.121 - - [15/Mar/2018:04:29:18 +0800] "GET /school/141.html HTTP/1.1" 200 6950 "-" "YisouSpider"
172.68.133.129 - - [15/Mar/2018:04:29:19 +0800] "GET /tbgw/d19saW5nX3l1.html HTTP/1.1" 404 3723 "-" "Sogou web spider/4.0(+http://www.sogou.com/docs/help/webmasters.htm#07)"
172.68.143.117 - - [15/Mar/2018:04:29:29 +0800] "GET /tbgw/0e7QwtPuOTk5.html HTTP/1.1" 301 185 "-" "Sogou web spider/4.0(+http://www.sogou.com/docs/help/webmasters.htm#07)"
172.68.133.129 - - [15/Mar/2018:04:29:39 +0800] "GET /tbgw/1dTW3rXEx8U.html HTTP/1.1" 404 3723 "-" "Sogou web spider/4.0(+http://www.sogou.com/docs/help/webmasters.htm#07)"
172.68.143.117 - - [15/Mar/2018:04:29:49 +0800] "GET /tbgw/u9224NDCxubM2MnMxrc.html HTTP/1.1" 301 185 "-" "Sogou web spider/4.0(+http://www.sogou.com/docs/help/webmasters.htm#07)"
172.68.133.129 - - [15/Mar/2018:04:30:00 +0800] "GET /tbgw/0e7QwtPuOTk5.html HTTP/1.1" 404 3723 "-" "Sogou web spider/4.0(+http://www.sogou.com/docs/help/webmasters.htm#07)"
172.68.143.117 - - [15/Mar/2018:04:30:10 +0800] "GET /tbgw/eXp5eXpjb20.html HTTP/1.1" 301 185 "-" "Sogou web spider/4.0(+http://www.sogou.com/docs/help/webmasters.htm#07)"
172.68.65.177 - - [15/Mar/2018:04:30:13 +0800] "GET /jobs/xiaoxue/374.html HTTP/1.1" 200 9629 "-" "BUbiNG (+http://law.di.unimi.it/BUbiNG.html#wc)"
172.68.133.129 - - [15/Mar/2018:04:30:20 +0800] "GET /tbgw/u9224NDCxubM2MnMxrc.html HTTP/1.1" 404 3723 "-" "Sogou web spider/4.0(+http://www.sogou.com/docs/help/webmasters.htm#07)"
172.68.143.117 - - [15/Mar/2018:04:30:31 +0800] "GET /tbgw/c2o4MjA2MTI.html HTTP/1.1" 301 185 "-" "Sogou web spider/4.0(+http://www.sogou.com/docs/help/webmasters.htm#07)"
172.68.133.129 - - [15/Mar/2018:04:30:41 +0800] "GET /tbgw/eXp5eXpjb20.html HTTP/1.1" 404 3723 "-" "Sogou web spider/4.0(+http://www.sogou.com/docs/help/webmasters.htm#07)"
172.68.65.177 - - [15/Mar/2018:04:30:44 +0800] "GET /jobs/techangpeixun/376.html HTTP/1.1" 200 9481 "-" "BUbiNG (+http://law.di.unimi.it/BUbiNG.html#wc)"
172.68.143.117 - - [15/Mar/2018:04:30:51 +0800] "GET /tbgw/zOzM7MjV17E.html HTTP/1.1" 301 185 "-" "Sogou web spider/4.0(+http://www.sogou.com/docs/help/webmasters.htm#07)"
172.68.133.129 - - [15/Mar/2018:04:31:01 +0800] "GET /tbgw/c2o4MjA2MTI.html HTTP/1.1" 404 3723 "-" "Sogou web spider/4.0(+http://www.sogou.com/docs/help/webmasters.htm#07)"
172.68.143.117 - - [15/Mar/2018:04:31:11 +0800] "GET /tbgw/sePSy7Dsufq8yrzd1dU.html HTTP/1.1" 301 185 "-" "Sogou web spider/4.0(+http://www.sogou.com/docs/help/webmasters.htm#07)"
