172.69.62.139 - - [15/Mar/2018:05:01:52 +0800] "GET /zp/51160.html HTTP/1.1" 200 15199 "-" "BUbiNG (+http://law.di.unimi.it/BUbiNG.html#wc)"
172.68.143.117 - - [15/Mar/2018:05:01:53 +0800] "GET /wanggou/50026002-2-100-200--1.html HTTP/1.1" 301 185 "-" "Sogou web spider/4.0(+http://www.sogou.com/docs/help/webmasters.htm#07)"
172.68.65.177 - - [15/Mar/2018:05:01:54 +0800] "GET /jobs/gaozhong/336.html HTTP/1.1" 200 10088 "-" "BUbiNG (+http://law.di.unimi.it/BUbiNG.html#wc)"
172.68.133.129 - - [15/Mar/2018:05:02:03 +0800] "GET /wanggou/50008154-0-100-200--1.html HTTP/1.1" 404 3723 "-" "Sogou web spider/4.0(+http://www.sogou.com/docs/help/webmasters.htm#07)"
172.68.174.55 - - [15/Mar/2018:05:02:09 +0800] "GET /jobs/techangpeixun/396.html HTTP/1.1" 200 9762 "-" "Mozilla/5.0 (compatible; DotBot/1.1; http://www.opensiteexplorer.org/dotbot, help@moz.com)"
172.68.143.117 - - [15/Mar/2018:05:02:13 +0800] "GET /wanggou/50026858-4-1-200--3.html HTTP/1.1" 301 185 "-" "Sogou web spider/4.0(+http://www.sogou.com/docs/help/webmasters.htm#07)"
172.68.133.129 - - [15/Mar/2018:05:02:23 +0800] "GET /wanggou/50026002-2-100-200--1.html HTTP/1.1" 404 3723 "-" "Sogou web spider/4.0(+http://www.sogou.com/docs/help/webmasters.htm#07)"
172.68.65.177 - - [15/Mar/2018:05:02:24 +0800] "GET /jobs/gaozhong/340.html HTTP/1.1" 200 8023 "-" "BUbiNG (+http://law.di.unimi.it/BUbiNG.html#wc)"
172.68.143.117 - - [15/Mar/2018:05:02:33 +0800] "GET /wanggou/50010612-0-500-1000--1.html HTTP/1.1" 301 185 "-" "Sogou web spider/4.0(+http://www.sogou.com/docs/help/webmasters.htm#07)"
172.68.133.129 - - [15/Mar/2018:05:02:43 +0800] "GET /wanggou/50026858-4-1-200--3.html HTTP/1.1" 404 3723 "-" "Sogou web spider/4.0(+http://www.sogou.com/docs/help/webmasters.htm#07)"
172.68.143.117 - - [15/Mar/2018:05:02:53 +0800] "GET /wanggou/50021747-1-1-100--42.html HTTP/1.1" 301 185 "-" "Sogou web spider/4.0(+http://www.sogou.com/docs/help/webmasters.htm#07)"
172.68.65.177 - - [15/Mar/2018:05:02:55 +0800] "GET /school/123.html HTTP/1.1" 200 7750 "-" "BUbiNG (+http://law.di.unimi.it/BUbiNG.html#wc)"
172.68.133.129 - - [15/Mar/2018:05:03:03 +0800] "GET /wanggou/50010612-0-500-1000--1.html HTTP/1.1" 404 3723 "-" "Sogou web spider/4.0(+http://www.sogou.com/docs/help/webmasters.htm#07)"
172.68.143.117 - - [15/Mar/2018:05:03:13 +0800] "GET /wanggou/50003847-1-500-1000--2.html HTTP/1.1" 301 185 "-" "Sogou web spider/4.0(+http://www.sogou.com/docs/help/webmasters.htm#07)"
172.68.133.129 - - [15/Mar/2018:05:03:23 +0800] "GET /wanggou/50021747-1-1-100--42.html HTTP/1.1" 404 3723 "-" "Sogou web spider/4.0(+http://www.sogou.com/docs/help/webmasters.htm#07)"
172.68.143.117 - - [15/Mar/2018:05:03:33 +0800] "GET /wanggou/50014911-4-1-100--1.html HTTP/1.1" 301 185 "-" "Sogou web spider/4.0(+http://www.sogou.com/docs/help/webmasters.htm#07)"
172.68.133.129 - - [15/Mar/2018:05:03:43 +0800] "GET /wanggou/50003847-1-500-1000--2.html HTTP/1.1" 404 3723 "-" "Sogou web spider/4.0(+http://www.sogou.com/docs/help/webmasters.htm#07)"
172.68.143.117 - - [15/Mar/2018:05:03:53 +0800] "GET /wanggou/50008262-3-1-100000--2.html HTTP/1.1" 301 185 "-" "Sogou web spider/4.0(+http://www.sogou.com/docs/help/webmasters.htm#07)"
172.68.133.129 - - [15/Mar/2018:05:04:03 +0800] "GET /wanggou/50014911-4-1-100--1.html HTTP/1.1" 404 3723 "-" "Sogou web spider/4.0(+http://www.sogou.com/docs/help/webmasters.htm#07)"
172.68.65.177 - - [15/Mar/2018:05:04:05 +0800] "GET /jobs/techangpeixun/160.html HTTP/1.1" 200 10482 "-" "BUbiNG (+http://law.di.unimi.it/BUbiNG.html#wc)"
172.68.143.117 - - [15/Mar/2018:05:04:13 +0800] "GET /wanggou/50013003-4-200-500--4.html HTTP/1.1" 301 185 "-" "Sogou web spider/4.0(+http://www.sogou.com/docs/help/webmasters.htm#07)"
172.69.22.155 - - [15/Mar/2018:05:04:19 +0800] "GET /jobs/xiaoxue/341.html HTTP/1.1" 200 9980 "-" "YisouSpider"
172.68.133.129 - - [15/Mar/2018:05:04:23 +0800] "GET /wanggou/50008262-3-1-100000--2.html HTTP/1.1" 404 3723 "-" "Sogou web spider/4.0(+http://www.sogou.com/docs/help/webmasters.htm#07)"
172.68.143.117 - - [15/Mar/2018:05:04:33 +0800] "GET /wanggou/50018239-2-1-100--1.html HTTP/1.1" 301 185 "-" "Sogou web spider/4.0(+http://www.sogou.com/docs/help/webmasters.htm#07)"
172.68.65.177 - - [15/Mar/2018:05:04:36 +0800] "GET /jobs/techangpeixun/163.html HTTP/1.1" 200 9758 "-" "BUbiNG (+http://law.di.unimi.it/BUbiNG.html#wc)"
172.68.133.129 - - [15/Mar/2018:05:04:43 +0800] "GET /wanggou/50013003-4-200-500--4.html HTTP/1.1" 404 3723 "-" "Sogou web spider/4.0(+http://www.sogou.com/docs/help/webmasters.htm#07)"
172.68.143.117 - - [15/Mar/2018:05:04:53 +0800] "GET /wanggou/50026554-0-1-100--1.html HTTP/1.1" 301 185 "-" "Sogou web spider/4.0(+http://www.sogou.com/docs/help/webmasters.htm#07)"
172.68.133.129 - - [15/Mar/2018:05:05:03 +0800] "GET /wanggou/50018239-2-1-100--1.html HTTP/1.1" 404 3723 "-" "Sogou web spider/4.0(+http://www.sogou.com/docs/help/webmasters.htm#07)"
172.68.65.177 - - [15/Mar/2018:05:05:08 +0800] "GET /jobs/techangpeixun/348.html HTTP/1.1" 200 9926 "-" "BUbiNG (+http://law.di.unimi.it/BUbiNG.html#wc)"
172.68.143.117 - - [15/Mar/2018:05:05:13 +0800] "GET /wanggou/50019246-4-1-100000--17.html HTTP/1.1" 301 185 "-" "Sogou web spider/4.0(+http://www.sogou.com/docs/help/webmasters.htm#07)"
172.68.133.129 - - [15/Mar/2018:05:05:23 +0800] "GET /wanggou/50026554-0-1-100--1.html HTTP/1.1" 404 3723 "-" "Sogou web spider/4.0(+http://www.sogou.com/docs/help/webmasters.htm#07)"
172.68.143.117 - - [15/Mar/2018:05:05:33 +0800] "GET /wanggou/50025903-1-100-200--5.html HTTP/1.1" 301 185 "-" "Sogou web spider/4.0(+http://www.sogou.com/docs/help/webmasters.htm#07)"
172.68.142.92 - - [15/Mar/2018:05:05:37 +0800] "GET /zp/35588.html HTTP/1.1" 200 7906 "-" "Mozilla/5.0 (compatible; Baiduspider/2.0; +http://www.baidu.com/search/spider.html)"
172.68.65.177 - - [15/Mar/2018:05:05:39 +0800] "GET /jobs/techangpeixun/352.html HTTP/1.1" 200 9604 "-" "BUbiNG (+http://law.di.unimi.it/BUbiNG.html#wc)"
172.68.133.129 - - [15/Mar/2018:05:05:43 +0800] "GET /wanggou/50019246-4-1-100000--17.html HTTP/1.1" 404 3723 "-" "Sogou web spider/4.0(+http://www.sogou.com/docs/help/webmasters.htm#07)"
172.68.143.117 - - [15/Mar/2018:05:05:53 +0800] "GET /wanggou/50008883-0-1-200--5.html HTTP/1.1" 301 185 "-" "Sogou web spider/4.0(+http://www.sogou.com/docs/help/webmasters.htm#07)"
172.68.133.129 - - [15/Mar/2018:05:06:03 +0800] "GET /wanggou/50025903-1-100-200--5.html HTTP/1.1" 404 3723 "-" "Sogou web spider/4.0(+http://www.sogou.com/docs/help/webmasters.htm#07)"
172.68.65.177 - - [15/Mar/2018:05:06:09 +0800] "GET /school/125.html HTTP/1.1" 200 8836 "-" "BUbiNG (+http://law.di.unimi.it/BUbiNG.html#wc)"
172.68.143.117 - - [15/Mar/2018:05:06:13 +0800] "GET /wanggou/50017597-2-100-200--8.html HTTP/1.1" 301 185 "-" "Sogou web spider/4.0(+http://www.sogou.com/docs/help/webmasters.htm#07)"
172.68.133.129 - - [15/Mar/2018:05:06:23 +0800] "GET /wanggou/50008883-0-1-200--5.html HTTP/1.1" 404 3723 "-" "Sogou web spider/4.0(+http://www.sogou.com/docs/help/webmasters.htm#07)"
172.68.143.117 - - [15/Mar/2018:05:06:33 +0800] "GET /wanggou/50005966-0-1-1000000--2.html HTTP/1.1" 301 185 "-" "Sogou web spider/4.0(+http://www.sogou.com/docs/help/webmasters.htm#07)"
172.68.65.177 - - [15/Mar/2018:05:06:40 +0800] "GET /jobs/techangpeixun/174.html HTTP/1.1" 200 9151 "-" "BUbiNG (+http://law.di.unimi.it/BUbiNG.html#wc)"
172.68.133.129 - - [15/Mar/2018:05:06:43 +0800] "GET /wanggou/50017597-2-100-200--8.html HTTP/1.1" 404 3723 "-" "Sogou web spider/4.0(+http://www.sogou.com/docs/help/webmasters.htm#07)"
172.68.143.117 - - [15/Mar/2018:05:06:53 +0800] "GET /wanggou/50012044-1-5000-10000--1.html HTTP/1.1" 301 185 "-" "Sogou web spider/4.0(+http://www.sogou.com/docs/help/webmasters.htm#07)"
172.68.133.129 - - [15/Mar/2018:05:07:03 +0800] "GET /wanggou/50005966-0-1-1000000--2.html HTTP/1.1" 404 3723 "-" "Sogou web spider/4.0(+http://www.sogou.com/docs/help/webmasters.htm#07)"
172.68.65.177 - - [15/Mar/2018:05:07:11 +0800] "GET /school/149.html HTTP/1.1" 200 7873 "-" "BUbiNG (+http://law.di.unimi.it/BUbiNG.html#wc)"
172.68.143.117 - - [15/Mar/2018:05:07:13 +0800] "GET /wanggou/50008262-3-500-1000--1.html HTTP/1.1" 301 185 "-" "Sogou web spider/4.0(+http://www.sogou.com/docs/help/webmasters.htm#07)"
172.68.133.129 - - [15/Mar/2018:05:07:23 +0800] "GET /wanggou/50012044-1-5000-10000--1.html HTTP/1.1" 404 3723 "-" "Sogou web spider/4.0(+http://www.sogou.com/docs/help/webmasters.htm#07)"
172.68.143.117 - - [15/Mar/2018:05:07:33 +0800] "GET /wanggou/50026351-0-1-100--1.html HTTP/1.1" 301 185 "-" "Sogou web spider/4.0(+http://www.sogou.com/docs/help/webmasters.htm#07)"
172.68.65.177 - - [15/Mar/2018:05:07:42 +0800] "GET /jobs/techangpeixun/176.html HTTP/1.1" 200 9154 "-" "BUbiNG (+http://law.di.unimi.it/BUbiNG.html#wc)"
172.68.133.129 - - [15/Mar/2018:05:07:43 +0800] "GET /wanggou/50008262-3-500-1000--1.html HTTP/1.1" 404 3723 "-" "Sogou web spider/4.0(+http://www.sogou.com/docs/help/webmasters.htm#07)"
172.68.143.117 - - [15/Mar/2018:05:07:53 +0800] "GET /wanggou/50017891-0-1-100--1.html HTTP/1.1" 301 185 "-" "Sogou web spider/4.0(+http://www.sogou.com/docs/help/webmasters.htm#07)"
172.68.133.129 - - [15/Mar/2018:05:08:03 +0800] "GET /wanggou/50026351-0-1-100--1.html HTTP/1.1" 404 3723 "-" "Sogou web spider/4.0(+http://www.sogou.com/docs/help/webmasters.htm#07)"
172.68.65.177 - - [15/Mar/2018:05:08:12 +0800] "GET /jobs/techangpeixun/180.html HTTP/1.1" 200 7931 "-" "BUbiNG (+http://law.di.unimi.it/BUbiNG.html#wc)"
172.68.143.117 - - [15/Mar/2018:05:08:13 +0800] "GET /wanggou/50006827-3-1-100000--5.html HTTP/1.1" 301 185 "-" "Sogou web spider/4.0(+http://www.sogou.com/docs/help/webmasters.htm#07)"
172.68.133.129 - - [15/Mar/2018:05:08:23 +0800] "GET /wanggou/50017891-0-1-100--1.html HTTP/1.1" 404 3723 "-" "Sogou web spider/4.0(+http://www.sogou.com/docs/help/webmasters.htm#07)"
172.68.143.117 - - [15/Mar/2018:05:08:33 +0800] "GET /wanggou/50000063-0-100-200--1.html HTTP/1.1" 301 185 "-" "Sogou web spider/4.0(+http://www.sogou.com/docs/help/webmasters.htm#07)"
172.68.65.177 - - [15/Mar/2018:05:08:43 +0800] "GET /school/210.html HTTP/1.1" 200 9123 "-" "BUbiNG (+http://law.di.unimi.it/BUbiNG.html#wc)"
172.68.133.129 - - [15/Mar/2018:05:08:43 +0800] "GET /wanggou/50006827-3-1-100000--5.html HTTP/1.1" 404 3723 "-" "Sogou web spider/4.0(+http://www.sogou.com/docs/help/webmasters.htm#07)"
172.68.143.117 - - [15/Mar/2018:05:08:53 +0800] "GET /wanggou/50016588-4-100-200--1.html HTTP/1.1" 301 185 "-" "Sogou web spider/4.0(+http://www.sogou.com/docs/help/webmasters.htm#07)"
172.68.133.129 - - [15/Mar/2018:05:09:03 +0800] "GET /wanggou/50000063-0-100-200--1.html HTTP/1.1" 404 3723 "-" "Sogou web spider/4.0(+http://www.sogou.com/docs/help/webmasters.htm#07)"
173.245.48.210 - - [15/Mar/2018:05:09:12 +0800] "GET /robots.txt HTTP/1.1" 304 0 "-" "Mozilla/5.0 ()"
172.69.22.179 - - [15/Mar/2018:05:09:12 +0800] "GET /zp/50955.html HTTP/1.1" 200 17158 "-" "Mozilla/5.0"
172.68.211.115 - - [15/Mar/2018:05:09:13 +0800] "GET /zp/51189.html HTTP/1.1" 200 21234 "-" "Mozilla/5.0"
172.68.143.117 - - [15/Mar/2018:05:09:13 +0800] "GET /wanggou/50010726-0-1-100000--4.html HTTP/1.1" 301 185 "-" "Sogou web spider/4.0(+http://www.sogou.com/docs/help/webmasters.htm#07)"
172.68.211.115 - - [15/Mar/2018:05:09:13 +0800] "HEAD /school/511.html HTTP/1.1" 200 0 "-" "Mozilla/5.0"
172.68.65.177 - - [15/Mar/2018:05:09:14 +0800] "GET /jobs/techangpeixun/221.html HTTP/1.1" 200 8399 "-" "BUbiNG (+http://law.di.unimi.it/BUbiNG.html#wc)"
172.68.211.115 - - [15/Mar/2018:05:09:14 +0800] "GET /school/511.html HTTP/1.1" 200 6581 "-" "Mozilla/5.0"
108.162.215.247 - - [15/Mar/2018:05:09:15 +0800] "HEAD /zp/50965.html HTTP/1.1" 200 0 "-" "Mozilla/5.0"
108.162.215.247 - - [15/Mar/2018:05:09:16 +0800] "GET /zp/50965.html HTTP/1.1" 200 10829 "-" "Mozilla/5.0"
172.68.133.129 - - [15/Mar/2018:05:09:23 +0800] "GET /wanggou/50016588-4-100-200--1.html HTTP/1.1" 404 3723 "-" "Sogou web spider/4.0(+http://www.sogou.com/docs/help/webmasters.htm#07)"
172.68.143.117 - - [15/Mar/2018:05:09:33 +0800] "GET /wanggou/50022259-0-1-100--1.html HTTP/1.1" 301 185 "-" "Sogou web spider/4.0(+http://www.sogou.com/docs/help/webmasters.htm#07)"
172.68.133.129 - - [15/Mar/2018:05:09:43 +0800] "GET /wanggou/50010726-0-1-100000--4.html HTTP/1.1" 404 3723 "-" "Sogou web spider/4.0(+http://www.sogou.com/docs/help/webmasters.htm#07)"
172.68.65.177 - - [15/Mar/2018:05:09:45 +0800] "GET /school/157.html HTTP/1.1" 200 10950 "-" "BUbiNG (+http://law.di.unimi.it/BUbiNG.html#wc)"
172.68.143.117 - - [15/Mar/2018:05:09:53 +0800] "GET /wanggou/350307-3-100-200--2.html HTTP/1.1" 301 185 "-" "Sogou web spider/4.0(+http://www.sogou.com/docs/help/webmasters.htm#07)"
172.68.133.129 - - [15/Mar/2018:05:10:03 +0800] "GET /wanggou/50022259-0-1-100--1.html HTTP/1.1" 404 3723 "-" "Sogou web spider/4.0(+http://www.sogou.com/docs/help/webmasters.htm#07)"
172.68.143.117 - - [15/Mar/2018:05:10:13 +0800] "GET /wanggou/50013600-2-1-100000--2.html HTTP/1.1" 301 185 "-" "Sogou web spider/4.0(+http://www.sogou.com/docs/help/webmasters.htm#07)"
172.69.62.7 - - [15/Mar/2018:05:10:14 +0800] "GET /zp/51095.html HTTP/1.1" 200 10845 "-" "BUbiNG (+http://law.di.unimi.it/BUbiNG.html#wc)"
172.68.65.177 - - [15/Mar/2018:05:10:15 +0800] "GET /jobs/techangpeixun/323.html HTTP/1.1" 200 8620 "-" "BUbiNG (+http://law.di.unimi.it/BUbiNG.html#wc)"
172.68.133.129 - - [15/Mar/2018:05:10:23 +0800] "GET /wanggou/350307-3-100-200--2.html HTTP/1.1" 404 3723 "-" "Sogou web spider/4.0(+http://www.sogou.com/docs/help/webmasters.htm#07)"
172.68.46.14 - - [15/Mar/2018:05:10:29 +0800] "GET /zp/50626.html HTTP/1.1" 200 348013 "-" "Mozilla/5.0 (compatible; Baiduspider/2.0; +http://www.baidu.com/search/spider.html)"
172.68.143.117 - - [15/Mar/2018:05:10:33 +0800] "GET /wanggou/50008683-4-1-100000--11.html HTTP/1.1" 301 185 "-" "Sogou web spider/4.0(+http://www.sogou.com/docs/help/webmasters.htm#07)"
172.68.133.129 - - [15/Mar/2018:05:10:43 +0800] "GET /wanggou/50013600-2-1-100000--2.html HTTP/1.1" 404 3723 "-" "Sogou web spider/4.0(+http://www.sogou.com/docs/help/webmasters.htm#07)"
172.68.65.177 - - [15/Mar/2018:05:10:46 +0800] "GET /school/64.html HTTP/1.1" 200 7659 "-" "BUbiNG (+http://law.di.unimi.it/BUbiNG.html#wc)"
172.68.143.117 - - [15/Mar/2018:05:10:53 +0800] "GET /wanggou/50019543-4-100-200--1.html HTTP/1.1" 301 185 "-" "Sogou web spider/4.0(+http://www.sogou.com/docs/help/webmasters.htm#07)"
141.101.105.33 - - [15/Mar/2018:05:10:55 +0800] "GET /zp/p46.html HTTP/1.1" 200 29148 "-" "Mozilla/5.0 (compatible; AhrefsBot/5.2; +http://ahrefs.com/robot/)"
172.68.133.129 - - [15/Mar/2018:05:11:03 +0800] "GET /wanggou/50008683-4-1-100000--11.html HTTP/1.1" 404 3723 "-" "Sogou web spider/4.0(+http://www.sogou.com/docs/help/webmasters.htm#07)"
172.69.62.7 - - [15/Mar/2018:05:11:11 +0800] "GET /zp/p10.html HTTP/1.1" 200 29355 "-" "BUbiNG (+http://law.di.unimi.it/BUbiNG.html#wc)"
172.68.143.117 - - [15/Mar/2018:05:11:13 +0800] "GET /wanggou/50004413-3-100-200--1.html HTTP/1.1" 301 185 "-" "Sogou web spider/4.0(+http://www.sogou.com/docs/help/webmasters.htm#07)"
172.68.65.177 - - [15/Mar/2018:05:11:16 +0800] "GET /jobs/techangpeixun/324.html HTTP/1.1" 200 10192 "-" "BUbiNG (+http://law.di.unimi.it/BUbiNG.html#wc)"
172.68.133.129 - - [15/Mar/2018:05:11:23 +0800] "GET /wanggou/50019543-4-100-200--1.html HTTP/1.1" 404 3723 "-" "Sogou web spider/4.0(+http://www.sogou.com/docs/help/webmasters.htm#07)"
172.68.143.117 - - [15/Mar/2018:05:11:33 +0800] "GET /wanggou/50020573-2-1-100--1.html HTTP/1.1" 301 185 "-" "Sogou web spider/4.0(+http://www.sogou.com/docs/help/webmasters.htm#07)"
172.68.133.129 - - [15/Mar/2018:05:11:43 +0800] "GET /wanggou/50004413-3-100-200--1.html HTTP/1.1" 404 3723 "-" "Sogou web spider/4.0(+http://www.sogou.com/docs/help/webmasters.htm#07)"
172.68.65.177 - - [15/Mar/2018:05:11:47 +0800] "GET /jobs/techangpeixun/415.html HTTP/1.1" 200 10684 "-" "BUbiNG (+http://law.di.unimi.it/BUbiNG.html#wc)"
172.68.143.117 - - [15/Mar/2018:05:11:53 +0800] "GET /wanggou/50013600-2-5000-10000--1.html HTTP/1.1" 301 185 "-" "Sogou web spider/4.0(+http://www.sogou.com/docs/help/webmasters.htm#07)"
172.69.62.7 - - [15/Mar/2018:05:11:57 +0800] "GET /zp/51094.html HTTP/1.1" 200 15341 "-" "BUbiNG (+http://law.di.unimi.it/BUbiNG.html#wc)"
172.68.133.129 - - [15/Mar/2018:05:12:03 +0800] "GET /wanggou/50020573-2-1-100--1.html HTTP/1.1" 404 3723 "-" "Sogou web spider/4.0(+http://www.sogou.com/docs/help/webmasters.htm#07)"
172.68.143.117 - - [15/Mar/2018:05:12:13 +0800] "GET /wanggou/50026344-0-1000-2000--1.html HTTP/1.1" 301 185 "-" "Sogou web spider/4.0(+http://www.sogou.com/docs/help/webmasters.htm#07)"
172.68.65.177 - - [15/Mar/2018:05:12:18 +0800] "GET /jobs/techangpeixun/396.html HTTP/1.1" 200 9762 "-" "BUbiNG (+http://law.di.unimi.it/BUbiNG.html#wc)"
172.68.133.129 - - [15/Mar/2018:05:12:23 +0800] "GET /wanggou/50013600-2-5000-10000--1.html HTTP/1.1" 404 3723 "-" "Sogou web spider/4.0(+http://www.sogou.com/docs/help/webmasters.htm#07)"
172.69.62.7 - - [15/Mar/2018:05:12:28 +0800] "GET /zp/51093.html HTTP/1.1" 200 8056 "-" "BUbiNG (+http://law.di.unimi.it/BUbiNG.html#wc)"
172.68.143.117 - - [15/Mar/2018:05:12:33 +0800] "GET /wanggou/50002771-4-500-1000--1.html HTTP/1.1" 301 185 "-" "Sogou web spider/4.0(+http://www.sogou.com/docs/help/webmasters.htm#07)"
172.68.133.129 - - [15/Mar/2018:05:12:43 +0800] "GET /wanggou/50026344-0-1000-2000--1.html HTTP/1.1" 404 3723 "-" "Sogou web spider/4.0(+http://www.sogou.com/docs/help/webmasters.htm#07)"
172.68.65.177 - - [15/Mar/2018:05:12:48 +0800] "GET /jobs/gaozhong/397.html HTTP/1.1" 200 9630 "-" "BUbiNG (+http://law.di.unimi.it/BUbiNG.html#wc)"
172.68.143.117 - - [15/Mar/2018:05:12:53 +0800] "GET /wanggou/50017874-1-500-1000--1.html HTTP/1.1" 301 185 "-" "Sogou web spider/4.0(+http://www.sogou.com/docs/help/webmasters.htm#07)"
172.69.62.7 - - [15/Mar/2018:05:12:59 +0800] "GET /zp/51092.html HTTP/1.1" 200 8194 "-" "BUbiNG (+http://law.di.unimi.it/BUbiNG.html#wc)"
172.68.133.129 - - [15/Mar/2018:05:13:03 +0800] "GET /wanggou/50002771-4-500-1000--1.html HTTP/1.1" 404 3723 "-" "Sogou web spider/4.0(+http://www.sogou.com/docs/help/webmasters.htm#07)"
172.68.143.117 - - [15/Mar/2018:05:13:13 +0800] "GET /wanggou/50018157-4-1000-2000--1.html HTTP/1.1" 301 185 "-" "Sogou web spider/4.0(+http://www.sogou.com/docs/help/webmasters.htm#07)"
172.68.65.177 - - [15/Mar/2018:05:13:19 +0800] "GET /jobs/gaozhong/398.html HTTP/1.1" 200 9641 "-" "BUbiNG (+http://law.di.unimi.it/BUbiNG.html#wc)"
172.68.133.129 - - [15/Mar/2018:05:13:23 +0800] "GET /wanggou/50017874-1-500-1000--1.html HTTP/1.1" 404 3723 "-" "Sogou web spider/4.0(+http://www.sogou.com/docs/help/webmasters.htm#07)"
172.68.143.117 - - [15/Mar/2018:05:13:33 +0800] "GET /wanggou/50013204-0-500-1000--38.html HTTP/1.1" 301 185 "-" "Sogou web spider/4.0(+http://www.sogou.com/docs/help/webmasters.htm#07)"
172.68.133.129 - - [15/Mar/2018:05:13:43 +0800] "GET /wanggou/50018157-4-1000-2000--1.html HTTP/1.1" 404 3723 "-" "Sogou web spider/4.0(+http://www.sogou.com/docs/help/webmasters.htm#07)"
172.68.65.177 - - [15/Mar/2018:05:13:50 +0800] "GET /jobs/p1.html HTTP/1.1" 200 60482 "-" "BUbiNG (+http://law.di.unimi.it/BUbiNG.html#wc)"
172.68.143.117 - - [15/Mar/2018:05:13:53 +0800] "GET /wanggou/120611-0-500-1000--1.html HTTP/1.1" 301 185 "-" "Sogou web spider/4.0(+http://www.sogou.com/docs/help/webmasters.htm#07)"
172.68.133.129 - - [15/Mar/2018:05:14:03 +0800] "GET /wanggou/50013204-0-500-1000--38.html HTTP/1.1" 404 3723 "-" "Sogou web spider/4.0(+http://www.sogou.com/docs/help/webmasters.htm#07)"
172.68.143.117 - - [15/Mar/2018:05:14:13 +0800] "GET /wanggou/50018770-0-1000-2000--1.html HTTP/1.1" 301 185 "-" "Sogou web spider/4.0(+http://www.sogou.com/docs/help/webmasters.htm#07)"
172.68.65.177 - - [15/Mar/2018:05:14:21 +0800] "GET /jobs/techangpeixun/680.html HTTP/1.1" 200 8755 "-" "BUbiNG (+http://law.di.unimi.it/BUbiNG.html#wc)"
172.68.133.129 - - [15/Mar/2018:05:14:23 +0800] "GET /wanggou/120611-0-500-1000--1.html HTTP/1.1" 404 3723 "-" "Sogou web spider/4.0(+http://www.sogou.com/docs/help/webmasters.htm#07)"
172.68.143.117 - - [15/Mar/2018:05:14:33 +0800] "GET /wanggou/50017944-1-1-100--1.html HTTP/1.1" 301 185 "-" "Sogou web spider/4.0(+http://www.sogou.com/docs/help/webmasters.htm#07)"
172.68.133.129 - - [15/Mar/2018:05:14:43 +0800] "GET /wanggou/50018770-0-1000-2000--1.html HTTP/1.1" 404 3723 "-" "Sogou web spider/4.0(+http://www.sogou.com/docs/help/webmasters.htm#07)"
172.69.22.233 - - [15/Mar/2018:05:14:49 +0800] "GET /school/62.html HTTP/1.1" 200 10985 "-" "YisouSpider"
172.68.65.177 - - [15/Mar/2018:05:14:51 +0800] "GET /school/46.html HTTP/1.1" 200 8306 "-" "BUbiNG (+http://law.di.unimi.it/BUbiNG.html#wc)"
172.68.143.117 - - [15/Mar/2018:05:14:53 +0800] "GET /wanggou/50022699-2-500-1000--2.html HTTP/1.1" 301 185 "-" "Sogou web spider/4.0(+http://www.sogou.com/docs/help/webmasters.htm#07)"
172.68.133.129 - - [15/Mar/2018:05:15:03 +0800] "GET /wanggou/50017944-1-1-100--1.html HTTP/1.1" 404 3723 "-" "Sogou web spider/4.0(+http://www.sogou.com/docs/help/webmasters.htm#07)"
172.68.143.117 - - [15/Mar/2018:05:15:13 +0800] "GET /wanggou/164206-0-1000-2000--1.html HTTP/1.1" 301 185 "-" "Sogou web spider/4.0(+http://www.sogou.com/docs/help/webmasters.htm#07)"
162.158.255.151 - - [15/Mar/2018:05:15:21 +0800] "GET /zp/50719.html HTTP/1.1" 200 34064 "-" "Mozilla/5.0 (Linux;u;Android 4.2.2;zh-cn;) AppleWebKit/534.46 (KHTML,like Gecko) Version/5.1 Mobile Safari/10600.6.3 (compatible; Baiduspider/2.0; +http://www.baidu.com/search/spider.html)"
172.68.65.177 - - [15/Mar/2018:05:15:21 +0800] "GET /jobs/xiaoxue/692.html HTTP/1.1" 200 7832 "-" "BUbiNG (+http://law.di.unimi.it/BUbiNG.html#wc)"
172.68.133.129 - - [15/Mar/2018:05:15:23 +0800] "GET /wanggou/50022699-2-500-1000--2.html HTTP/1.1" 404 3723 "-" "Sogou web spider/4.0(+http://www.sogou.com/docs/help/webmasters.htm#07)"
172.69.33.62 - - [15/Mar/2018:05:15:30 +0800] "GET /content20151013/images/wx.jpg HTTP/1.1" 404 3723 "http://www.zhaokao123.cn/zp/50719.html" "Mozilla/5.0 (iPhone; CPU iPhone OS 9_1 like Mac OS X) AppleWebKit/601.1.46 (KHTML, like Gecko) Version/9.0 Mobile/13B143 Safari/601.1 (compatible; Baiduspider-render/2.0; +http://www.baidu.com/search/spider.html)"
172.68.46.62 - - [15/Mar/2018:05:15:30 +0800] "GET /plus/img/addon.gif HTTP/1.1" 404 3723 "http://www.zhaokao123.cn/zp/50719.html" "Mozilla/5.0 (iPhone; CPU iPhone OS 9_1 like Mac OS X) AppleWebKit/601.1.46 (KHTML, like Gecko) Version/9.0 Mobile/13B143 Safari/601.1 (compatible; Baiduspider-render/2.0; +http://www.baidu.com/search/spider.html)"
172.68.143.117 - - [15/Mar/2018:05:15:33 +0800] "GET /wanggou/50001264-3-1000-2000--3.html HTTP/1.1" 301 185 "-" "Sogou web spider/4.0(+http://www.sogou.com/docs/help/webmasters.htm#07)"
172.68.133.129 - - [15/Mar/2018:05:15:43 +0800] "GET /wanggou/164206-0-1000-2000--1.html HTTP/1.1" 404 3723 "-" "Sogou web spider/4.0(+http://www.sogou.com/docs/help/webmasters.htm#07)"
172.68.65.177 - - [15/Mar/2018:05:15:52 +0800] "GET /school/41.html HTTP/1.1" 200 7225 "-" "BUbiNG (+http://law.di.unimi.it/BUbiNG.html#wc)"
172.68.143.117 - - [15/Mar/2018:05:15:53 +0800] "GET /wanggou/50025684-4-1-100--1.html HTTP/1.1" 301 185 "-" "Sogou web spider/4.0(+http://www.sogou.com/docs/help/webmasters.htm#07)"
172.68.133.129 - - [15/Mar/2018:05:16:03 +0800] "GET /wanggou/50001264-3-1000-2000--3.html HTTP/1.1" 404 3723 "-" "Sogou web spider/4.0(+http://www.sogou.com/docs/help/webmasters.htm#07)"
172.68.143.117 - - [15/Mar/2018:05:16:13 +0800] "GET /wanggou/50004600-1-1-100000--1.html HTTP/1.1" 301 185 "-" "Sogou web spider/4.0(+http://www.sogou.com/docs/help/webmasters.htm#07)"
172.69.62.7 - - [15/Mar/2018:05:16:18 +0800] "GET /zp/51090.html HTTP/1.1" 200 11583 "-" "BUbiNG (+http://law.di.unimi.it/BUbiNG.html#wc)"
172.68.65.177 - - [15/Mar/2018:05:16:22 +0800] "GET /jobs/techangpeixun/687.html HTTP/1.1" 200 8522 "-" "BUbiNG (+http://law.di.unimi.it/BUbiNG.html#wc)"
172.68.133.129 - - [15/Mar/2018:05:16:23 +0800] "GET /wanggou/50025684-4-1-100--1.html HTTP/1.1" 404 3723 "-" "Sogou web spider/4.0(+http://www.sogou.com/docs/help/webmasters.htm#07)"
172.68.143.117 - - [15/Mar/2018:05:16:33 +0800] "GET /wanggou/50024923-0-1000-2000--2.html HTTP/1.1" 301 185 "-" "Sogou web spider/4.0(+http://www.sogou.com/docs/help/webmasters.htm#07)"
172.68.133.129 - - [15/Mar/2018:05:16:43 +0800] "GET /wanggou/50004600-1-1-100000--1.html HTTP/1.1" 404 3723 "-" "Sogou web spider/4.0(+http://www.sogou.com/docs/help/webmasters.htm#07)"
172.69.62.7 - - [15/Mar/2018:05:16:49 +0800] "GET /zp/51091.html HTTP/1.1" 200 25869 "-" "BUbiNG (+http://law.di.unimi.it/BUbiNG.html#wc)"
172.68.65.177 - - [15/Mar/2018:05:16:53 +0800] "GET /jobs/gaozhong/479.html HTTP/1.1" 200 8141 "-" "BUbiNG (+http://law.di.unimi.it/BUbiNG.html#wc)"
172.68.143.117 - - [15/Mar/2018:05:16:53 +0800] "GET /wanggou/50023463-1-5000-10000--1.html HTTP/1.1" 301 185 "-" "Sogou web spider/4.0(+http://www.sogou.com/docs/help/webmasters.htm#07)"
172.68.133.129 - - [15/Mar/2018:05:17:03 +0800] "GET /wanggou/50024923-0-1000-2000--2.html HTTP/1.1" 404 3723 "-" "Sogou web spider/4.0(+http://www.sogou.com/docs/help/webmasters.htm#07)"
172.68.143.117 - - [15/Mar/2018:05:17:13 +0800] "GET /wanggou/50017733-4-1-100000--4.html HTTP/1.1" 301 185 "-" "Sogou web spider/4.0(+http://www.sogou.com/docs/help/webmasters.htm#07)"
172.68.133.129 - - [15/Mar/2018:05:17:23 +0800] "GET /wanggou/50023463-1-5000-10000--1.html HTTP/1.1" 404 3723 "-" "Sogou web spider/4.0(+http://www.sogou.com/docs/help/webmasters.htm#07)"
172.68.65.177 - - [15/Mar/2018:05:17:23 +0800] "GET /school/44.html HTTP/1.1" 200 7130 "-" "BUbiNG (+http://law.di.unimi.it/BUbiNG.html#wc)"
172.68.143.117 - - [15/Mar/2018:05:17:33 +0800] "GET /wanggou/50020103-3-500-1000--1.html HTTP/1.1" 301 185 "-" "Sogou web spider/4.0(+http://www.sogou.com/docs/help/webmasters.htm#07)"
172.68.133.129 - - [15/Mar/2018:05:17:43 +0800] "GET /wanggou/50017733-4-1-100000--4.html HTTP/1.1" 404 3723 "-" "Sogou web spider/4.0(+http://www.sogou.com/docs/help/webmasters.htm#07)"
172.68.143.117 - - [15/Mar/2018:05:17:53 +0800] "GET /wanggou/50008263-2-2000-5000--1.html HTTP/1.1" 301 185 "-" "Sogou web spider/4.0(+http://www.sogou.com/docs/help/webmasters.htm#07)"
172.68.65.177 - - [15/Mar/2018:05:17:54 +0800] "GET /jobs/gaozhong/481.html HTTP/1.1" 200 8126 "-" "BUbiNG (+http://law.di.unimi.it/BUbiNG.html#wc)"
172.69.62.7 - - [15/Mar/2018:05:18:02 +0800] "GET /zp/51087.html HTTP/1.1" 200 17532 "-" "BUbiNG (+http://law.di.unimi.it/BUbiNG.html#wc)"
172.68.133.129 - - [15/Mar/2018:05:18:03 +0800] "GET /wanggou/50020103-3-500-1000--1.html HTTP/1.1" 404 3723 "-" "Sogou web spider/4.0(+http://www.sogou.com/docs/help/webmasters.htm#07)"
172.68.143.117 - - [15/Mar/2018:05:18:13 +0800] "GET /wanggou/50004543-2-200-500--2.html HTTP/1.1" 301 185 "-" "Sogou web spider/4.0(+http://www.sogou.com/docs/help/webmasters.htm#07)"
172.68.133.129 - - [15/Mar/2018:05:18:23 +0800] "GET /wanggou/50008263-2-2000-5000--1.html HTTP/1.1" 404 3723 "-" "Sogou web spider/4.0(+http://www.sogou.com/docs/help/webmasters.htm#07)"
172.68.65.177 - - [15/Mar/2018:05:18:25 +0800] "GET /jobs/techangpeixun/494.html HTTP/1.1" 200 9345 "-" "BUbiNG (+http://law.di.unimi.it/BUbiNG.html#wc)"
172.68.143.117 - - [15/Mar/2018:05:18:33 +0800] "GET /wanggou/50019127-2-500-1000--1.html HTTP/1.1" 301 185 "-" "Sogou web spider/4.0(+http://www.sogou.com/docs/help/webmasters.htm#07)"
172.68.133.129 - - [15/Mar/2018:05:18:43 +0800] "GET /wanggou/50004543-2-200-500--2.html HTTP/1.1" 404 3723 "-" "Sogou web spider/4.0(+http://www.sogou.com/docs/help/webmasters.htm#07)"
172.68.143.117 - - [15/Mar/2018:05:18:53 +0800] "GET /wanggou/50015860-4-1-200--2.html HTTP/1.1" 301 185 "-" "Sogou web spider/4.0(+http://www.sogou.com/docs/help/webmasters.htm#07)"
172.68.65.177 - - [15/Mar/2018:05:18:55 +0800] "GET /jobs/chuzhong/412.html HTTP/1.1" 200 7849 "-" "BUbiNG (+http://law.di.unimi.it/BUbiNG.html#wc)"
172.69.62.7 - - [15/Mar/2018:05:18:57 +0800] "GET /zp/51086.html HTTP/1.1" 200 8554 "-" "BUbiNG (+http://law.di.unimi.it/BUbiNG.html#wc)"
172.68.133.129 - - [15/Mar/2018:05:19:03 +0800] "GET /wanggou/50019127-2-500-1000--1.html HTTP/1.1" 404 3723 "-" "Sogou web spider/4.0(+http://www.sogou.com/docs/help/webmasters.htm#07)"
172.68.143.117 - - [15/Mar/2018:05:19:13 +0800] "GET /wanggou/50003792-2-1-100--1.html HTTP/1.1" 301 185 "-" "Sogou web spider/4.0(+http://www.sogou.com/docs/help/webmasters.htm#07)"
172.68.133.129 - - [15/Mar/2018:05:19:24 +0800] "GET /wanggou/50015860-4-1-200--2.html HTTP/1.1" 404 3723 "-" "Sogou web spider/4.0(+http://www.sogou.com/docs/help/webmasters.htm#07)"
172.68.65.177 - - [15/Mar/2018:05:19:29 +0800] "GET /school/115.html HTTP/1.1" 200 7109 "-" "BUbiNG (+http://law.di.unimi.it/BUbiNG.html#wc)"
172.68.143.117 - - [15/Mar/2018:05:19:34 +0800] "GET /wanggou/50018412-0-500-1000--2.html HTTP/1.1" 301 185 "-" "Sogou web spider/4.0(+http://www.sogou.com/docs/help/webmasters.htm#07)"
172.68.133.129 - - [15/Mar/2018:05:19:44 +0800] "GET /wanggou/50003792-2-1-100--1.html HTTP/1.1" 404 3723 "-" "Sogou web spider/4.0(+http://www.sogou.com/docs/help/webmasters.htm#07)"
172.68.143.117 - - [15/Mar/2018:05:19:54 +0800] "GET /wanggou/50005017-0-1000-2000--8.html HTTP/1.1" 301 185 "-" "Sogou web spider/4.0(+http://www.sogou.com/docs/help/webmasters.htm#07)"
172.68.65.177 - - [15/Mar/2018:05:20:00 +0800] "GET /jobs/techangpeixun/708.html HTTP/1.1" 200 8363 "-" "BUbiNG (+http://law.di.unimi.it/BUbiNG.html#wc)"
172.68.133.129 - - [15/Mar/2018:05:20:05 +0800] "GET /wanggou/50018412-0-500-1000--2.html HTTP/1.1" 404 3723 "-" "Sogou web spider/4.0(+http://www.sogou.com/docs/help/webmasters.htm#07)"
172.68.141.151 - - [15/Mar/2018:05:20:12 +0800] "GET /zp/50954.html HTTP/1.1" 200 10944 "-" "Mozilla/5.0 (compatible; Baiduspider/2.0; +http://www.baidu.com/search/spider.html)"
172.68.143.117 - - [15/Mar/2018:05:20:15 +0800] "GET /wanggou/50014817-2-2000-5000--4.html HTTP/1.1" 301 185 "-" "Sogou web spider/4.0(+http://www.sogou.com/docs/help/webmasters.htm#07)"
172.69.33.62 - - [15/Mar/2018:05:20:22 +0800] "GET /content20151013/images/wx.jpg HTTP/1.1" 404 3723 "http://www.zhaokao123.cn/zp/50954.html" "Mozilla/5.0 (iPhone; CPU iPhone OS 9_1 like Mac OS X) AppleWebKit/601.1.46 (KHTML, like Gecko) Version/9.0 Mobile/13B143 Safari/601.1 (compatible; Baiduspider-render/2.0; +http://www.baidu.com/search/spider.html)"
172.68.133.129 - - [15/Mar/2018:05:20:25 +0800] "GET /wanggou/50005017-0-1000-2000--8.html HTTP/1.1" 404 3723 "-" "Sogou web spider/4.0(+http://www.sogou.com/docs/help/webmasters.htm#07)"
172.68.65.177 - - [15/Mar/2018:05:20:30 +0800] "GET /school/108.html HTTP/1.1" 200 7126 "-" "BUbiNG (+http://law.di.unimi.it/BUbiNG.html#wc)"
172.68.143.117 - - [15/Mar/2018:05:20:35 +0800] "GET /wanggou/50012618-2-1000-2000--2.html HTTP/1.1" 301 185 "-" "Sogou web spider/4.0(+http://www.sogou.com/docs/help/webmasters.htm#07)"
172.68.133.129 - - [15/Mar/2018:05:20:45 +0800] "GET /wanggou/50014817-2-2000-5000--4.html HTTP/1.1" 404 3723 "-" "Sogou web spider/4.0(+http://www.sogou.com/docs/help/webmasters.htm#07)"
172.68.143.117 - - [15/Mar/2018:05:20:55 +0800] "GET /wanggou/50004642-0-200-500--1.html HTTP/1.1" 301 185 "-" "Sogou web spider/4.0(+http://www.sogou.com/docs/help/webmasters.htm#07)"
172.68.133.129 - - [15/Mar/2018:05:21:05 +0800] "GET /wanggou/50012618-2-1000-2000--2.html HTTP/1.1" 404 3723 "-" "Sogou web spider/4.0(+http://www.sogou.com/docs/help/webmasters.htm#07)"
172.68.143.117 - - [15/Mar/2018:05:21:15 +0800] "GET /wanggou/50023036-0-5000-10000--1.html HTTP/1.1" 301 185 "-" "Sogou web spider/4.0(+http://www.sogou.com/docs/help/webmasters.htm#07)"
172.68.65.177 - - [15/Mar/2018:05:21:24 +0800] "GET /jobs/techangpeixun/338.html HTTP/1.1" 200 8262 "-" "BUbiNG (+http://law.di.unimi.it/BUbiNG.html#wc)"
172.68.133.129 - - [15/Mar/2018:05:21:25 +0800] "GET /wanggou/50004642-0-200-500--1.html HTTP/1.1" 404 3723 "-" "Sogou web spider/4.0(+http://www.sogou.com/docs/help/webmasters.htm#07)"
172.68.143.117 - - [15/Mar/2018:05:21:35 +0800] "GET /wanggou/50017378-4-500-1000--1.html HTTP/1.1" 301 185 "-" "Sogou web spider/4.0(+http://www.sogou.com/docs/help/webmasters.htm#07)"
172.68.133.129 - - [15/Mar/2018:05:21:45 +0800] "GET /wanggou/50023036-0-5000-10000--1.html HTTP/1.1" 404 3723 "-" "Sogou web spider/4.0(+http://www.sogou.com/docs/help/webmasters.htm#07)"
172.68.143.117 - - [15/Mar/2018:05:21:55 +0800] "GET /wanggou/50012917-4-1-100--1.html HTTP/1.1" 301 185 "-" "Sogou web spider/4.0(+http://www.sogou.com/docs/help/webmasters.htm#07)"
172.68.65.177 - - [15/Mar/2018:05:22:00 +0800] "GET /school/104.html HTTP/1.1" 200 7844 "-" "BUbiNG (+http://law.di.unimi.it/BUbiNG.html#wc)"
172.68.133.129 - - [15/Mar/2018:05:22:05 +0800] "GET /wanggou/50017378-4-500-1000--1.html HTTP/1.1" 404 3723 "-" "Sogou web spider/4.0(+http://www.sogou.com/docs/help/webmasters.htm#07)"
172.68.143.117 - - [15/Mar/2018:05:22:15 +0800] "GET /wanggou/50019500-2-200-500--2.html HTTP/1.1" 301 185 "-" "Sogou web spider/4.0(+http://www.sogou.com/docs/help/webmasters.htm#07)"
162.158.92.73 - - [15/Mar/2018:05:22:17 +0800] "GET /jobs/yuyanpeixun/26.html HTTP/1.1" 200 10217 "-" "Mozilla/5.0 (compatible; DeuSu/5.0.2; +https://deusu.de/robot.html)"
172.68.133.129 - - [15/Mar/2018:05:22:25 +0800] "GET /wanggou/50012917-4-1-100--1.html HTTP/1.1" 404 3723 "-" "Sogou web spider/4.0(+http://www.sogou.com/docs/help/webmasters.htm#07)"
172.68.65.177 - - [15/Mar/2018:05:22:31 +0800] "GET /jobs/techangpeixun/492.html HTTP/1.1" 200 9540 "-" "BUbiNG (+http://law.di.unimi.it/BUbiNG.html#wc)"
172.68.143.117 - - [15/Mar/2018:05:22:35 +0800] "GET /wanggou/50000070-0-1-100000--2.html HTTP/1.1" 301 185 "-" "Sogou web spider/4.0(+http://www.sogou.com/docs/help/webmasters.htm#07)"
172.68.133.129 - - [15/Mar/2018:05:22:45 +0800] "GET /wanggou/50019500-2-200-500--2.html HTTP/1.1" 404 3723 "-" "Sogou web spider/4.0(+http://www.sogou.com/docs/help/webmasters.htm#07)"
172.68.174.49 - - [15/Mar/2018:05:22:54 +0800] "GET /robots.txt HTTP/1.1" 304 0 "-" "Mozilla/5.0 (compatible; DotBot/1.1; http://www.opensiteexplorer.org/dotbot, help@moz.com)"
172.68.143.117 - - [15/Mar/2018:05:22:55 +0800] "GET /wanggou/50003847-0-1-100--4.html HTTP/1.1" 301 185 "-" "Sogou web spider/4.0(+http://www.sogou.com/docs/help/webmasters.htm#07)"
172.68.65.177 - - [15/Mar/2018:05:23:01 +0800] "GET /jobs/p10.html HTTP/1.1" 200 64035 "-" "BUbiNG (+http://law.di.unimi.it/BUbiNG.html#wc)"
172.68.133.129 - - [15/Mar/2018:05:23:05 +0800] "GET /wanggou/50000070-0-1-100000--2.html HTTP/1.1" 404 3723 "-" "Sogou web spider/4.0(+http://www.sogou.com/docs/help/webmasters.htm#07)"
172.68.143.117 - - [15/Mar/2018:05:23:15 +0800] "GET /wanggou/50004908-2-1-100000--3.html HTTP/1.1" 301 185 "-" "Sogou web spider/4.0(+http://www.sogou.com/docs/help/webmasters.htm#07)"
172.68.133.129 - - [15/Mar/2018:05:23:25 +0800] "GET /wanggou/50003847-0-1-100--4.html HTTP/1.1" 404 3723 "-" "Sogou web spider/4.0(+http://www.sogou.com/docs/help/webmasters.htm#07)"
172.68.65.177 - - [15/Mar/2018:05:23:32 +0800] "GET /school/103.html HTTP/1.1" 200 12005 "-" "BUbiNG (+http://law.di.unimi.it/BUbiNG.html#wc)"
172.68.143.117 - - [15/Mar/2018:05:23:35 +0800] "GET /wanggou/50019104-0-500-1000--1.html HTTP/1.1" 301 185 "-" "Sogou web spider/4.0(+http://www.sogou.com/docs/help/webmasters.htm#07)"
172.68.133.129 - - [15/Mar/2018:05:23:45 +0800] "GET /wanggou/50004908-2-1-100000--3.html HTTP/1.1" 404 3723 "-" "Sogou web spider/4.0(+http://www.sogou.com/docs/help/webmasters.htm#07)"
172.68.143.117 - - [15/Mar/2018:05:23:55 +0800] "GET /wanggou/50019903-0-2000-5000--1.html HTTP/1.1" 301 185 "-" "Sogou web spider/4.0(+http://www.sogou.com/docs/help/webmasters.htm#07)"
172.68.133.129 - - [15/Mar/2018:05:24:05 +0800] "GET /wanggou/50019104-0-500-1000--1.html HTTP/1.1" 404 3723 "-" "Sogou web spider/4.0(+http://www.sogou.com/docs/help/webmasters.htm#07)"
172.68.143.117 - - [15/Mar/2018:05:24:15 +0800] "GET /wanggou/50005318-4-2000-5000--1.html HTTP/1.1" 301 185 "-" "Sogou web spider/4.0(+http://www.sogou.com/docs/help/webmasters.htm#07)"
172.68.142.146 - - [15/Mar/2018:05:24:19 +0800] "GET /zp/50917.html HTTP/1.1" 200 27132 "-" "YisouSpider"
172.68.65.177 - - [15/Mar/2018:05:24:23 +0800] "GET /jobs/p11.html HTTP/1.1" 200 55148 "-" "BUbiNG (+http://law.di.unimi.it/BUbiNG.html#wc)"
172.69.62.7 - - [15/Mar/2018:05:24:24 +0800] "GET /zp/51085.html HTTP/1.1" 200 9127 "-" "BUbiNG (+http://law.di.unimi.it/BUbiNG.html#wc)"
172.68.133.129 - - [15/Mar/2018:05:24:25 +0800] "GET /wanggou/50019903-0-2000-5000--1.html HTTP/1.1" 404 3723 "-" "Sogou web spider/4.0(+http://www.sogou.com/docs/help/webmasters.htm#07)"
172.68.143.117 - - [15/Mar/2018:05:24:35 +0800] "GET /wanggou/50010110-1-1-100000--6.html HTTP/1.1" 301 185 "-" "Sogou web spider/4.0(+http://www.sogou.com/docs/help/webmasters.htm#07)"
172.68.133.129 - - [15/Mar/2018:05:24:45 +0800] "GET /wanggou/50005318-4-2000-5000--1.html HTTP/1.1" 404 3723 "-" "Sogou web spider/4.0(+http://www.sogou.com/docs/help/webmasters.htm#07)"
162.158.93.24 - - [15/Mar/2018:05:24:47 +0800] "GET /robots.txt HTTP/1.1" 301 185 "-" "Mozilla/5.0 (compatible; MJ12bot/v1.4.8; http://mj12bot.com/)"
162.158.89.250 - - [15/Mar/2018:05:24:47 +0800] "GET /robots.txt HTTP/1.1" 304 0 "-" "Mozilla/5.0 (compatible; MJ12bot/v1.4.8; http://mj12bot.com/)"
162.158.92.229 - - [15/Mar/2018:05:24:50 +0800] "GET /html/zhuanshengben/sfdx/sfdx/tjdx/tjdx/tjdx/sfdx/sfdx/sfdx/tjdx/lgdx/sfdx/tjdx/tjdx/lgdx/sfdx/tjdx/lgdx/lgdx/lgdx/lgdx/lgdx/lgdx/tjdx/tjdx/ HTTP/1.1" 301 185 "-" "Mozilla/5.0 (compatible; MJ12bot/v1.4.8; http://mj12bot.com/)"
162.158.89.106 - - [15/Mar/2018:05:24:52 +0800] "GET /html/zhuanshengben/sfdx/sfdx/tjdx/tjdx/tjdx/sfdx/sfdx/sfdx/tjdx/lgdx/sfdx/tjdx/tjdx/lgdx/sfdx/tjdx/lgdx/lgdx/lgdx/lgdx/lgdx/lgdx/tjdx/tjdx/ HTTP/1.1" 404 3723 "-" "Mozilla/5.0 (compatible; MJ12bot/v1.4.8; http://mj12bot.com/)"
172.68.143.117 - - [15/Mar/2018:05:24:55 +0800] "GET /wanggou/50021747-1-1-100--43.html HTTP/1.1" 301 185 "-" "Sogou web spider/4.0(+http://www.sogou.com/docs/help/webmasters.htm#07)"
172.68.65.177 - - [15/Mar/2018:05:24:55 +0800] "GET /jobs/gaozhong/368.html HTTP/1.1" 200 8193 "-" "BUbiNG (+http://law.di.unimi.it/BUbiNG.html#wc)"
162.158.92.229 - - [15/Mar/2018:05:24:56 +0800] "GET /html/zhuanshengben/sfdx/sfdx/tjdx/tjdx/tjdx/sfdx/sfdx/sfdx/tjdx/lgdx/sfdx/tjdx/tjdx/lgdx/sfdx/tjdx/lgdx/lgdx/tjdx/lgdx/tjdx/sfdx/lgdx/tjdx/ HTTP/1.1" 301 185 "-" "Mozilla/5.0 (compatible; MJ12bot/v1.4.8; http://mj12bot.com/)"
162.158.89.106 - - [15/Mar/2018:05:24:59 +0800] "GET /html/zhuanshengben/sfdx/sfdx/tjdx/tjdx/tjdx/sfdx/sfdx/sfdx/tjdx/lgdx/sfdx/tjdx/tjdx/lgdx/sfdx/tjdx/lgdx/lgdx/tjdx/lgdx/tjdx/sfdx/lgdx/tjdx/ HTTP/1.1" 404 3723 "-" "Mozilla/5.0 (compatible; MJ12bot/v1.4.8; http://mj12bot.com/)"
172.69.62.7 - - [15/Mar/2018:05:25:01 +0800] "GET /zp/51089.html HTTP/1.1" 200 20506 "-" "BUbiNG (+http://law.di.unimi.it/BUbiNG.html#wc)"
162.158.92.229 - - [15/Mar/2018:05:25:02 +0800] "GET /html/zhuanshengben/sfdx/sfdx/tjdx/tjdx/tjdx/sfdx/sfdx/sfdx/tjdx/lgdx/sfdx/tjdx/tjdx/lgdx/sfdx/tjdx/lgdx/lgdx/tjdx/lgdx/tjdx/sfdx/sfdx/lgdx/ HTTP/1.1" 301 185 "-" "Mozilla/5.0 (compatible; MJ12bot/v1.4.8; http://mj12bot.com/)"
162.158.89.106 - - [15/Mar/2018:05:25:03 +0800] "GET /html/zhuanshengben/sfdx/sfdx/tjdx/tjdx/tjdx/sfdx/sfdx/sfdx/tjdx/lgdx/sfdx/tjdx/tjdx/lgdx/sfdx/tjdx/lgdx/lgdx/tjdx/lgdx/tjdx/sfdx/sfdx/lgdx/ HTTP/1.1" 404 3723 "-" "Mozilla/5.0 (compatible; MJ12bot/v1.4.8; http://mj12bot.com/)"
162.158.59.151 - - [15/Mar/2018:05:25:05 +0800] "GET /zp/50214.html HTTP/1.1" 200 22697 "-" "Mozilla/5.0 (compatible; Baiduspider/2.0; +http://www.baidu.com/search/spider.html)"
172.68.133.129 - - [15/Mar/2018:05:25:05 +0800] "GET /wanggou/50010110-1-1-100000--6.html HTTP/1.1" 404 3723 "-" "Sogou web spider/4.0(+http://www.sogou.com/docs/help/webmasters.htm#07)"
172.68.46.62 - - [15/Mar/2018:05:25:09 +0800] "GET /plus/img/addon.gif HTTP/1.1" 404 3723 "http://www.zhaokao123.cn/zp/50214.html" "Mozilla/5.0 (iPhone; CPU iPhone OS 9_1 like Mac OS X) AppleWebKit/601.1.46 (KHTML, like Gecko) Version/9.0 Mobile/13B143 Safari/601.1 (compatible; Baiduspider-render/2.0; +http://www.baidu.com/search/spider.html)"
172.68.143.117 - - [15/Mar/2018:05:25:15 +0800] "GET /wanggou/50023391-2-500-1000--1.html HTTP/1.1" 301 185 "-" "Sogou web spider/4.0(+http://www.sogou.com/docs/help/webmasters.htm#07)"
172.68.133.129 - - [15/Mar/2018:05:25:25 +0800] "GET /wanggou/50021747-1-1-100--43.html HTTP/1.1" 404 3723 "-" "Sogou web spider/4.0(+http://www.sogou.com/docs/help/webmasters.htm#07)"
172.68.65.177 - - [15/Mar/2018:05:25:26 +0800] "GET /jobs/p12.html HTTP/1.1" 200 20965 "-" "BUbiNG (+http://law.di.unimi.it/BUbiNG.html#wc)"
172.69.62.7 - - [15/Mar/2018:05:25:32 +0800] "GET /zp/51088.html HTTP/1.1" 200 25534 "-" "BUbiNG (+http://law.di.unimi.it/BUbiNG.html#wc)"
172.68.143.117 - - [15/Mar/2018:05:25:35 +0800] "GET /wanggou/50013080-4-1-100--1.html HTTP/1.1" 301 185 "-" "Sogou web spider/4.0(+http://www.sogou.com/docs/help/webmasters.htm#07)"
172.68.133.129 - - [15/Mar/2018:05:25:46 +0800] "GET /wanggou/50023391-2-500-1000--1.html HTTP/1.1" 404 3723 "-" "Sogou web spider/4.0(+http://www.sogou.com/docs/help/webmasters.htm#07)"
172.68.143.117 - - [15/Mar/2018:05:25:56 +0800] "GET /wanggou/50008883-0-1000-2000--2.html HTTP/1.1" 301 185 "-" "Sogou web spider/4.0(+http://www.sogou.com/docs/help/webmasters.htm#07)"
172.68.65.177 - - [15/Mar/2018:05:26:01 +0800] "GET /school/47.html HTTP/1.1" 200 7069 "-" "BUbiNG (+http://law.di.unimi.it/BUbiNG.html#wc)"
172.69.62.7 - - [15/Mar/2018:05:26:04 +0800] "GET /zp/51083.html HTTP/1.1" 200 9370 "-" "BUbiNG (+http://law.di.unimi.it/BUbiNG.html#wc)"
172.68.133.129 - - [15/Mar/2018:05:26:07 +0800] "GET /wanggou/50013080-4-1-100--1.html HTTP/1.1" 404 3723 "-" "Sogou web spider/4.0(+http://www.sogou.com/docs/help/webmasters.htm#07)"
172.68.143.117 - - [15/Mar/2018:05:26:17 +0800] "GET /wanggou/2159-2-1-100000--12.html HTTP/1.1" 301 185 "-" "Sogou web spider/4.0(+http://www.sogou.com/docs/help/webmasters.htm#07)"
172.68.133.129 - - [15/Mar/2018:05:26:27 +0800] "GET /wanggou/50008883-0-1000-2000--2.html HTTP/1.1" 404 3723 "-" "Sogou web spider/4.0(+http://www.sogou.com/docs/help/webmasters.htm#07)"
172.68.65.177 - - [15/Mar/2018:05:26:32 +0800] "GET /school/49.html HTTP/1.1" 200 6858 "-" "BUbiNG (+http://law.di.unimi.it/BUbiNG.html#wc)"
172.69.62.7 - - [15/Mar/2018:05:26:34 +0800] "GET /zp/51084.html HTTP/1.1" 200 9604 "-" "BUbiNG (+http://law.di.unimi.it/BUbiNG.html#wc)"
172.68.143.117 - - [15/Mar/2018:05:26:37 +0800] "GET /wanggou/50023103-0-1-1000000--2.html HTTP/1.1" 301 185 "-" "Sogou web spider/4.0(+http://www.sogou.com/docs/help/webmasters.htm#07)"
172.68.133.129 - - [15/Mar/2018:05:26:47 +0800] "GET /wanggou/2159-2-1-100000--12.html HTTP/1.1" 404 3723 "-" "Sogou web spider/4.0(+http://www.sogou.com/docs/help/webmasters.htm#07)"
172.68.143.117 - - [15/Mar/2018:05:26:57 +0800] "GET /wanggou/50011413-2-1-100000--2.html HTTP/1.1" 301 185 "-" "Sogou web spider/4.0(+http://www.sogou.com/docs/help/webmasters.htm#07)"
172.68.65.177 - - [15/Mar/2018:05:27:03 +0800] "GET /school/53.html HTTP/1.1" 200 6165 "-" "BUbiNG (+http://law.di.unimi.it/BUbiNG.html#wc)"
172.69.62.7 - - [15/Mar/2018:05:27:05 +0800] "GET /zp/51082.html HTTP/1.1" 200 24032 "-" "BUbiNG (+http://law.di.unimi.it/BUbiNG.html#wc)"
172.68.133.129 - - [15/Mar/2018:05:27:07 +0800] "GET /wanggou/50023103-0-1-1000000--2.html HTTP/1.1" 404 3723 "-" "Sogou web spider/4.0(+http://www.sogou.com/docs/help/webmasters.htm#07)"
172.68.143.117 - - [15/Mar/2018:05:27:17 +0800] "GET /wanggou/50026937-4-200-500--2.html HTTP/1.1" 301 185 "-" "Sogou web spider/4.0(+http://www.sogou.com/docs/help/webmasters.htm#07)"
172.68.133.129 - - [15/Mar/2018:05:27:27 +0800] "GET /wanggou/50011413-2-1-100000--2.html HTTP/1.1" 404 3723 "-" "Sogou web spider/4.0(+http://www.sogou.com/docs/help/webmasters.htm#07)"
172.68.143.117 - - [15/Mar/2018:05:27:37 +0800] "GET /wanggou/50016861-0-2000-5000--1.html HTTP/1.1" 301 185 "-" "Sogou web spider/4.0(+http://www.sogou.com/docs/help/webmasters.htm#07)"
172.68.65.177 - - [15/Mar/2018:05:27:40 +0800] "GET /school/69.html HTTP/1.1" 200 5640 "-" "BUbiNG (+http://law.di.unimi.it/BUbiNG.html#wc)"
172.68.133.129 - - [15/Mar/2018:05:27:47 +0800] "GET /wanggou/50026937-4-200-500--2.html HTTP/1.1" 404 3723 "-" "Sogou web spider/4.0(+http://www.sogou.com/docs/help/webmasters.htm#07)"
162.158.111.124 - - [15/Mar/2018:05:27:53 +0800] "GET /zp/14.html HTTP/1.1" 200 7611 "-" "Mozilla/5.0 (compatible; AhrefsBot/5.2; +http://ahrefs.com/robot/)"
172.69.62.7 - - [15/Mar/2018:05:27:56 +0800] "GET /zp/51081.html HTTP/1.1" 200 9840 "-" "BUbiNG (+http://law.di.unimi.it/BUbiNG.html#wc)"
172.68.143.117 - - [15/Mar/2018:05:27:57 +0800] "GET /wanggou/50023146-1-200-500--5.html HTTP/1.1" 301 185 "-" "Sogou web spider/4.0(+http://www.sogou.com/docs/help/webmasters.htm#07)"
172.68.133.129 - - [15/Mar/2018:05:28:07 +0800] "GET /wanggou/50016861-0-2000-5000--1.html HTTP/1.1" 404 3723 "-" "Sogou web spider/4.0(+http://www.sogou.com/docs/help/webmasters.htm#07)"
172.68.65.177 - - [15/Mar/2018:05:28:11 +0800] "GET /school/75.html HTTP/1.1" 200 7277 "-" "BUbiNG (+http://law.di.unimi.it/BUbiNG.html#wc)"
172.68.143.117 - - [15/Mar/2018:05:28:17 +0800] "GET /wanggou/50003802-4-1-100000--1.html HTTP/1.1" 301 185 "-" "Sogou web spider/4.0(+http://www.sogou.com/docs/help/webmasters.htm#07)"
172.68.133.129 - - [15/Mar/2018:05:28:27 +0800] "GET /wanggou/50023146-1-200-500--5.html HTTP/1.1" 404 3723 "-" "Sogou web spider/4.0(+http://www.sogou.com/docs/help/webmasters.htm#07)"
172.69.62.7 - - [15/Mar/2018:05:28:28 +0800] "GET /zp/51080.html HTTP/1.1" 200 14799 "-" "BUbiNG (+http://law.di.unimi.it/BUbiNG.html#wc)"
172.68.143.117 - - [15/Mar/2018:05:28:37 +0800] "GET /wanggou/50024096-0-2000-5000--1.html HTTP/1.1" 301 185 "-" "Sogou web spider/4.0(+http://www.sogou.com/docs/help/webmasters.htm#07)"
172.68.65.177 - - [15/Mar/2018:05:28:41 +0800] "GET /school/81.html HTTP/1.1" 200 6085 "-" "BUbiNG (+http://law.di.unimi.it/BUbiNG.html#wc)"
172.68.133.129 - - [15/Mar/2018:05:28:47 +0800] "GET /wanggou/50003802-4-1-100000--1.html HTTP/1.1" 404 3723 "-" "Sogou web spider/4.0(+http://www.sogou.com/docs/help/webmasters.htm#07)"
172.68.143.117 - - [15/Mar/2018:05:28:57 +0800] "GET /wanggou/50022393-4-1-100--2.html HTTP/1.1" 301 185 "-" "Sogou web spider/4.0(+http://www.sogou.com/docs/help/webmasters.htm#07)"
172.69.62.7 - - [15/Mar/2018:05:29:00 +0800] "GET /zp/51079.html HTTP/1.1" 200 10821 "-" "BUbiNG (+http://law.di.unimi.it/BUbiNG.html#wc)"
172.68.133.129 - - [15/Mar/2018:05:29:07 +0800] "GET /wanggou/50024096-0-2000-5000--1.html HTTP/1.1" 404 3723 "-" "Sogou web spider/4.0(+http://www.sogou.com/docs/help/webmasters.htm#07)"
172.68.143.117 - - [15/Mar/2018:05:29:17 +0800] "GET /wanggou/50005538-1-2000-5000--1.html HTTP/1.1" 301 185 "-" "Sogou web spider/4.0(+http://www.sogou.com/docs/help/webmasters.htm#07)"
172.68.133.129 - - [15/Mar/2018:05:29:27 +0800] "GET /wanggou/50022393-4-1-100--2.html HTTP/1.1" 404 3723 "-" "Sogou web spider/4.0(+http://www.sogou.com/docs/help/webmasters.htm#07)"
172.68.65.177 - - [15/Mar/2018:05:29:34 +0800] "GET /school/85.html HTTP/1.1" 200 6831 "-" "BUbiNG (+http://law.di.unimi.it/BUbiNG.html#wc)"
172.68.143.117 - - [15/Mar/2018:05:29:37 +0800] "GET /wanggou/50050306-3-1-100--1.html HTTP/1.1" 301 185 "-" "Sogou web spider/4.0(+http://www.sogou.com/docs/help/webmasters.htm#07)"
172.68.133.129 - - [15/Mar/2018:05:29:47 +0800] "GET /wanggou/50005538-1-2000-5000--1.html HTTP/1.1" 404 3723 "-" "Sogou web spider/4.0(+http://www.sogou.com/docs/help/webmasters.htm#07)"
172.68.211.181 - - [15/Mar/2018:05:29:56 +0800] "GET /zp/10244.html HTTP/1.1" 200 14394 "-" "Mozilla/5.0 (compatible; Baiduspider/2.0; +http://www.baidu.com/search/spider.html)"
172.68.143.117 - - [15/Mar/2018:05:29:57 +0800] "GET /wanggou/50023111-3-200-500--2.html HTTP/1.1" 301 185 "-" "Sogou web spider/4.0(+http://www.sogou.com/docs/help/webmasters.htm#07)"
172.68.65.177 - - [15/Mar/2018:05:30:05 +0800] "GET /school/p1.html HTTP/1.1" 200 61956 "-" "BUbiNG (+http://law.di.unimi.it/BUbiNG.html#wc)"
172.68.133.129 - - [15/Mar/2018:05:30:07 +0800] "GET /wanggou/50050306-3-1-100--1.html HTTP/1.1" 404 3723 "-" "Sogou web spider/4.0(+http://www.sogou.com/docs/help/webmasters.htm#07)"
172.68.143.117 - - [15/Mar/2018:05:30:17 +0800] "GET /wanggou/50016607-4-500-1000--1.html HTTP/1.1" 301 185 "-" "Sogou web spider/4.0(+http://www.sogou.com/docs/help/webmasters.htm#07)"
172.68.133.129 - - [15/Mar/2018:05:30:27 +0800] "GET /wanggou/50023111-3-200-500--2.html HTTP/1.1" 404 3723 "-" "Sogou web spider/4.0(+http://www.sogou.com/docs/help/webmasters.htm#07)"
172.68.65.177 - - [15/Mar/2018:05:30:36 +0800] "GET /school/ HTTP/1.1" 200 61973 "-" "BUbiNG (+http://law.di.unimi.it/BUbiNG.html#wc)"
172.68.143.117 - - [15/Mar/2018:05:30:37 +0800] "GET /wanggou/50017729-4-100-200--1.html HTTP/1.1" 301 185 "-" "Sogou web spider/4.0(+http://www.sogou.com/docs/help/webmasters.htm#07)"
172.68.133.129 - - [15/Mar/2018:05:30:47 +0800] "GET /wanggou/50016607-4-500-1000--1.html HTTP/1.1" 404 3723 "-" "Sogou web spider/4.0(+http://www.sogou.com/docs/help/webmasters.htm#07)"
172.68.143.117 - - [15/Mar/2018:05:30:57 +0800] "GET /wanggou/50022757-1-5000-10000--1.html HTTP/1.1" 301 185 "-" "Sogou web spider/4.0(+http://www.sogou.com/docs/help/webmasters.htm#07)"
172.68.133.129 - - [15/Mar/2018:05:31:07 +0800] "GET /wanggou/50017729-4-100-200--1.html HTTP/1.1" 404 3723 "-" "Sogou web spider/4.0(+http://www.sogou.com/docs/help/webmasters.htm#07)"
172.68.65.177 - - [15/Mar/2018:05:31:08 +0800] "GET /school/106.html HTTP/1.1" 200 7914 "-" "BUbiNG (+http://law.di.unimi.it/BUbiNG.html#wc)"
172.68.143.117 - - [15/Mar/2018:05:31:18 +0800] "GET /wanggou/50008711-2-200-500--2.html HTTP/1.1" 301 185 "-" "Sogou web spider/4.0(+http://www.sogou.com/docs/help/webmasters.htm#07)"
