172.68.143.117 - - [15/Mar/2018:06:50:12 +0800] "GET /tbgw/uPjE3LzTtePOwg-0-1-100.html HTTP/1.1" 301 185 "-" "Sogou web spider/4.0(+http://www.sogou.com/docs/help/webmasters.htm#07)"
162.158.79.182 - - [15/Mar/2018:06:50:21 +0800] "GET /jobs/techangpeixun/631.html HTTP/1.1" 200 9219 "-" "BUbiNG (+http://law.di.unimi.it/BUbiNG.html#wc)"
172.68.133.129 - - [15/Mar/2018:06:50:22 +0800] "GET /tbgw/vfDOxMP3MQ-0-1-100.html HTTP/1.1" 404 3723 "-" "Sogou web spider/4.0(+http://www.sogou.com/docs/help/webmasters.htm#07)"
172.68.143.117 - - [15/Mar/2018:06:50:32 +0800] "GET /tbgw/aGpiXzE5NzM-0-5000-10000.html HTTP/1.1" 301 185 "-" "Sogou web spider/4.0(+http://www.sogou.com/docs/help/webmasters.htm#07)"
172.68.65.177 - - [15/Mar/2018:06:50:35 +0800] "GET /zp/51163.html HTTP/1.1" 200 11603 "-" "BUbiNG (+http://law.di.unimi.it/BUbiNG.html#wc)"
172.68.133.129 - - [15/Mar/2018:06:50:42 +0800] "GET /tbgw/uPjE3LzTtePOwg-0-1-100.html HTTP/1.1" 404 3723 "-" "Sogou web spider/4.0(+http://www.sogou.com/docs/help/webmasters.htm#07)"
172.68.143.117 - - [15/Mar/2018:06:50:52 +0800] "GET /tbgw/aWVib2Fv-2-2000-5000.html HTTP/1.1" 301 185 "-" "Sogou web spider/4.0(+http://www.sogou.com/docs/help/webmasters.htm#07)"
162.158.79.182 - - [15/Mar/2018:06:50:52 +0800] "GET /school/1.html HTTP/1.1" 200 7889 "-" "BUbiNG (+http://law.di.unimi.it/BUbiNG.html#wc)"
172.69.62.7 - - [15/Mar/2018:06:50:55 +0800] "GET /zp/51048.html HTTP/1.1" 200 16574 "-" "BUbiNG (+http://law.di.unimi.it/BUbiNG.html#wc)"
172.68.133.129 - - [15/Mar/2018:06:51:02 +0800] "GET /tbgw/aGpiXzE5NzM-0-5000-10000.html HTTP/1.1" 404 3723 "-" "Sogou web spider/4.0(+http://www.sogou.com/docs/help/webmasters.htm#07)"
172.68.65.177 - - [15/Mar/2018:06:51:05 +0800] "GET /zp/51167.html HTTP/1.1" 200 31918 "-" "BUbiNG (+http://law.di.unimi.it/BUbiNG.html#wc)"
172.68.143.117 - - [15/Mar/2018:06:51:12 +0800] "GET /tbgw/c2hlZmZpZWxkNTUw-3-200-500.html HTTP/1.1" 301 185 "-" "Sogou web spider/4.0(+http://www.sogou.com/docs/help/webmasters.htm#07)"
172.68.133.129 - - [15/Mar/2018:06:51:22 +0800] "GET /tbgw/aWVib2Fv-2-2000-5000.html HTTP/1.1" 404 3723 "-" "Sogou web spider/4.0(+http://www.sogou.com/docs/help/webmasters.htm#07)"
162.158.79.182 - - [15/Mar/2018:06:51:23 +0800] "GET /jobs/chuzhong/571.html HTTP/1.1" 200 10434 "-" "BUbiNG (+http://law.di.unimi.it/BUbiNG.html#wc)"
172.68.143.117 - - [15/Mar/2018:06:51:32 +0800] "GET /tbgw/Y2hlbmppYTIz-0-1-100.html HTTP/1.1" 301 185 "-" "Sogou web spider/4.0(+http://www.sogou.com/docs/help/webmasters.htm#07)"
172.68.65.177 - - [15/Mar/2018:06:51:36 +0800] "GET /zp/51162.html HTTP/1.1" 200 18002 "-" "BUbiNG (+http://law.di.unimi.it/BUbiNG.html#wc)"
172.68.133.129 - - [15/Mar/2018:06:51:42 +0800] "GET /tbgw/c2hlZmZpZWxkNTUw-3-200-500.html HTTP/1.1" 404 3723 "-" "Sogou web spider/4.0(+http://www.sogou.com/docs/help/webmasters.htm#07)"
172.68.143.117 - - [15/Mar/2018:06:51:52 +0800] "GET /tbgw/eHhpYW44Mw-2-1-100.html HTTP/1.1" 301 185 "-" "Sogou web spider/4.0(+http://www.sogou.com/docs/help/webmasters.htm#07)"
162.158.79.182 - - [15/Mar/2018:06:51:59 +0800] "GET /school/6.html HTTP/1.1" 200 18903 "-" "BUbiNG (+http://law.di.unimi.it/BUbiNG.html#wc)"
172.68.133.129 - - [15/Mar/2018:06:52:02 +0800] "GET /tbgw/Y2hlbmppYTIz-0-1-100.html HTTP/1.1" 404 3723 "-" "Sogou web spider/4.0(+http://www.sogou.com/docs/help/webmasters.htm#07)"
172.69.62.7 - - [15/Mar/2018:06:52:03 +0800] "GET /zp/51047.html HTTP/1.1" 200 21528 "-" "BUbiNG (+http://law.di.unimi.it/BUbiNG.html#wc)"
172.68.65.177 - - [15/Mar/2018:06:52:07 +0800] "GET /zp/51160.html HTTP/1.1" 200 15185 "-" "BUbiNG (+http://law.di.unimi.it/BUbiNG.html#wc)"
172.68.143.117 - - [15/Mar/2018:06:52:12 +0800] "GET /tbgw/sK7WrsfQMg-0-200-500.html HTTP/1.1" 301 185 "-" "Sogou web spider/4.0(+http://www.sogou.com/docs/help/webmasters.htm#07)"
172.68.133.129 - - [15/Mar/2018:06:52:22 +0800] "GET /tbgw/eHhpYW44Mw-2-1-100.html HTTP/1.1" 404 3723 "-" "Sogou web spider/4.0(+http://www.sogou.com/docs/help/webmasters.htm#07)"
162.158.79.182 - - [15/Mar/2018:06:52:30 +0800] "GET /jobs/techangpeixun/457.html HTTP/1.1" 200 8255 "-" "BUbiNG (+http://law.di.unimi.it/BUbiNG.html#wc)"
172.68.143.117 - - [15/Mar/2018:06:52:32 +0800] "GET /tbgw/zrXAttaus8c-0-100-200.html HTTP/1.1" 301 185 "-" "Sogou web spider/4.0(+http://www.sogou.com/docs/help/webmasters.htm#07)"
172.68.65.177 - - [15/Mar/2018:06:52:38 +0800] "GET /zp/51161.html HTTP/1.1" 200 7953 "-" "BUbiNG (+http://law.di.unimi.it/BUbiNG.html#wc)"
172.68.133.129 - - [15/Mar/2018:06:52:42 +0800] "GET /tbgw/sK7WrsfQMg-0-200-500.html HTTP/1.1" 404 3723 "-" "Sogou web spider/4.0(+http://www.sogou.com/docs/help/webmasters.htm#07)"
172.68.143.117 - - [15/Mar/2018:06:52:52 +0800] "GET /tbgw/bGluYcHVxMg4OA-3-1-100.html HTTP/1.1" 301 185 "-" "Sogou web spider/4.0(+http://www.sogou.com/docs/help/webmasters.htm#07)"
162.158.79.182 - - [15/Mar/2018:06:53:01 +0800] "GET /school/2.html HTTP/1.1" 200 9594 "-" "BUbiNG (+http://law.di.unimi.it/BUbiNG.html#wc)"
172.68.133.129 - - [15/Mar/2018:06:53:02 +0800] "GET /tbgw/zrXAttaus8c-0-100-200.html HTTP/1.1" 404 3723 "-" "Sogou web spider/4.0(+http://www.sogou.com/docs/help/webmasters.htm#07)"
162.158.255.181 - - [15/Mar/2018:06:53:03 +0800] "GET /zp/34230.html HTTP/1.1" 200 8236 "-" "Mozilla/5.0 (compatible; Baiduspider/2.0; +http://www.baidu.com/search/spider.html)"
172.68.65.177 - - [15/Mar/2018:06:53:08 +0800] "GET /zp/51159.html HTTP/1.1" 200 17807 "-" "BUbiNG (+http://law.di.unimi.it/BUbiNG.html#wc)"
172.68.143.117 - - [15/Mar/2018:06:53:12 +0800] "GET /tbgw/c2tleA-0-500-1000.html HTTP/1.1" 301 185 "-" "Sogou web spider/4.0(+http://www.sogou.com/docs/help/webmasters.htm#07)"
172.69.62.7 - - [15/Mar/2018:06:53:15 +0800] "GET /zp/51045.html HTTP/1.1" 200 16829 "-" "BUbiNG (+http://law.di.unimi.it/BUbiNG.html#wc)"
172.68.133.129 - - [15/Mar/2018:06:53:22 +0800] "GET /tbgw/bGluYcHVxMg4OA-3-1-100.html HTTP/1.1" 404 3723 "-" "Sogou web spider/4.0(+http://www.sogou.com/docs/help/webmasters.htm#07)"
172.68.143.117 - - [15/Mar/2018:06:53:32 +0800] "GET /tbgw/tcLcsMCv1sbGtw-0-1-100.html HTTP/1.1" 301 185 "-" "Sogou web spider/4.0(+http://www.sogou.com/docs/help/webmasters.htm#07)"
162.158.79.182 - - [15/Mar/2018:06:53:32 +0800] "GET /jobs/chuzhong/600.html HTTP/1.1" 200 10450 "-" "BUbiNG (+http://law.di.unimi.it/BUbiNG.html#wc)"
172.68.65.177 - - [15/Mar/2018:06:53:39 +0800] "GET /zp/51158.html HTTP/1.1" 200 11803 "-" "BUbiNG (+http://law.di.unimi.it/BUbiNG.html#wc)"
172.68.133.129 - - [15/Mar/2018:06:53:42 +0800] "GET /tbgw/c2tleA-0-500-1000.html HTTP/1.1" 404 3723 "-" "Sogou web spider/4.0(+http://www.sogou.com/docs/help/webmasters.htm#07)"
172.68.143.117 - - [15/Mar/2018:06:53:52 +0800] "GET /tbgw/zerDwNfj0uU-2-200-500.html HTTP/1.1" 301 185 "-" "Sogou web spider/4.0(+http://www.sogou.com/docs/help/webmasters.htm#07)"
172.68.133.129 - - [15/Mar/2018:06:54:02 +0800] "GET /tbgw/tcLcsMCv1sbGtw-0-1-100.html HTTP/1.1" 404 3723 "-" "Sogou web spider/4.0(+http://www.sogou.com/docs/help/webmasters.htm#07)"
162.158.79.182 - - [15/Mar/2018:06:54:03 +0800] "GET /jobs/xiaoxue/601.html HTTP/1.1" 200 10454 "-" "BUbiNG (+http://law.di.unimi.it/BUbiNG.html#wc)"
172.68.65.177 - - [15/Mar/2018:06:54:10 +0800] "GET /zp/51155.html HTTP/1.1" 200 14552 "-" "BUbiNG (+http://law.di.unimi.it/BUbiNG.html#wc)"
172.68.143.117 - - [15/Mar/2018:06:54:13 +0800] "GET /tbgw/vNO3xsOotcTPxMzs-0-1-100.html HTTP/1.1" 301 185 "-" "Sogou web spider/4.0(+http://www.sogou.com/docs/help/webmasters.htm#07)"
172.69.62.7 - - [15/Mar/2018:06:54:17 +0800] "GET /zp/51046.html HTTP/1.1" 200 14629 "-" "BUbiNG (+http://law.di.unimi.it/BUbiNG.html#wc)"
172.69.22.155 - - [15/Mar/2018:06:54:21 +0800] "GET /school/1051.html HTTP/1.1" 200 7858 "-" "YisouSpider"
172.68.133.129 - - [15/Mar/2018:06:54:23 +0800] "GET /tbgw/zerDwNfj0uU-2-200-500.html HTTP/1.1" 404 3723 "-" "Sogou web spider/4.0(+http://www.sogou.com/docs/help/webmasters.htm#07)"
172.68.143.117 - - [15/Mar/2018:06:54:33 +0800] "GET /tbgw/bGljaGVuNDU0OA-1-200-500.html HTTP/1.1" 301 185 "-" "Sogou web spider/4.0(+http://www.sogou.com/docs/help/webmasters.htm#07)"
162.158.79.182 - - [15/Mar/2018:06:54:33 +0800] "GET /jobs/xiaoxue/535.html HTTP/1.1" 200 8443 "-" "BUbiNG (+http://law.di.unimi.it/BUbiNG.html#wc)"
172.68.65.177 - - [15/Mar/2018:06:54:41 +0800] "GET /zp/51153.html HTTP/1.1" 200 11598 "-" "BUbiNG (+http://law.di.unimi.it/BUbiNG.html#wc)"
172.68.133.129 - - [15/Mar/2018:06:54:43 +0800] "GET /tbgw/vNO3xsOotcTPxMzs-0-1-100.html HTTP/1.1" 404 3723 "-" "Sogou web spider/4.0(+http://www.sogou.com/docs/help/webmasters.htm#07)"
172.68.143.117 - - [15/Mar/2018:06:54:53 +0800] "GET /tbgw/aHVhbmZ1dGFuZw-0-100-200.html HTTP/1.1" 301 185 "-" "Sogou web spider/4.0(+http://www.sogou.com/docs/help/webmasters.htm#07)"
172.68.133.129 - - [15/Mar/2018:06:55:03 +0800] "GET /tbgw/bGljaGVuNDU0OA-1-200-500.html HTTP/1.1" 404 3723 "-" "Sogou web spider/4.0(+http://www.sogou.com/docs/help/webmasters.htm#07)"
162.158.79.182 - - [15/Mar/2018:06:55:04 +0800] "GET /jobs/techangpeixun/418.html HTTP/1.1" 200 9573 "-" "BUbiNG (+http://law.di.unimi.it/BUbiNG.html#wc)"
172.68.65.177 - - [15/Mar/2018:06:55:11 +0800] "GET /zp/51154.html HTTP/1.1" 200 8345 "-" "BUbiNG (+http://law.di.unimi.it/BUbiNG.html#wc)"
172.68.143.117 - - [15/Mar/2018:06:55:13 +0800] "GET /tbgw/aGFwcHlnb2RheTE-0-1-100.html HTTP/1.1" 301 185 "-" "Sogou web spider/4.0(+http://www.sogou.com/docs/help/webmasters.htm#07)"
172.68.174.49 - - [15/Mar/2018:06:55:21 +0800] "GET /robots.txt HTTP/1.1" 304 0 "-" "Mozilla/5.0 (compatible; DotBot/1.1; http://www.opensiteexplorer.org/dotbot, help@moz.com)"
172.68.133.129 - - [15/Mar/2018:06:55:23 +0800] "GET /tbgw/aHVhbmZ1dGFuZw-0-100-200.html HTTP/1.1" 404 3723 "-" "Sogou web spider/4.0(+http://www.sogou.com/docs/help/webmasters.htm#07)"
172.68.143.117 - - [15/Mar/2018:06:55:33 +0800] "GET /tbgw/yqu9ozEwMA-0-200-500.html HTTP/1.1" 301 185 "-" "Sogou web spider/4.0(+http://www.sogou.com/docs/help/webmasters.htm#07)"
162.158.79.182 - - [15/Mar/2018:06:55:35 +0800] "GET /school/111.html HTTP/1.1" 200 8815 "-" "BUbiNG (+http://law.di.unimi.it/BUbiNG.html#wc)"
172.68.65.177 - - [15/Mar/2018:06:55:42 +0800] "GET /zp/51157.html HTTP/1.1" 200 28847 "-" "BUbiNG (+http://law.di.unimi.it/BUbiNG.html#wc)"
172.68.133.129 - - [15/Mar/2018:06:55:43 +0800] "GET /tbgw/aGFwcHlnb2RheTE-0-1-100.html HTTP/1.1" 404 3723 "-" "Sogou web spider/4.0(+http://www.sogou.com/docs/help/webmasters.htm#07)"
172.68.143.117 - - [15/Mar/2018:06:55:53 +0800] "GET /tbgw/bG92aW5ndWFueXRoaW5n-2-100-200.html HTTP/1.1" 301 185 "-" "Sogou web spider/4.0(+http://www.sogou.com/docs/help/webmasters.htm#07)"
172.68.133.129 - - [15/Mar/2018:06:56:03 +0800] "GET /tbgw/yqu9ozEwMA-0-200-500.html HTTP/1.1" 404 3723 "-" "Sogou web spider/4.0(+http://www.sogou.com/docs/help/webmasters.htm#07)"
162.158.79.182 - - [15/Mar/2018:06:56:05 +0800] "GET /jobs/techangpeixun/414.html HTTP/1.1" 200 10006 "-" "BUbiNG (+http://law.di.unimi.it/BUbiNG.html#wc)"
172.68.65.177 - - [15/Mar/2018:06:56:13 +0800] "GET /zp/51156.html HTTP/1.1" 200 27477 "-" "BUbiNG (+http://law.di.unimi.it/BUbiNG.html#wc)"
172.68.143.117 - - [15/Mar/2018:06:56:13 +0800] "GET /tbgw/u6q3vLzSvtPXqNOqteo-1-500-1000.html HTTP/1.1" 301 185 "-" "Sogou web spider/4.0(+http://www.sogou.com/docs/help/webmasters.htm#07)"
172.68.133.129 - - [15/Mar/2018:06:56:23 +0800] "GET /tbgw/bG92aW5ndWFueXRoaW5n-2-100-200.html HTTP/1.1" 404 3723 "-" "Sogou web spider/4.0(+http://www.sogou.com/docs/help/webmasters.htm#07)"
172.68.143.117 - - [15/Mar/2018:06:56:33 +0800] "GET /tbgw/u6jPwrbA18M-1-2000-5000.html HTTP/1.1" 301 185 "-" "Sogou web spider/4.0(+http://www.sogou.com/docs/help/webmasters.htm#07)"
162.158.79.182 - - [15/Mar/2018:06:56:36 +0800] "GET /jobs/youeryuan/696.html HTTP/1.1" 200 11705 "-" "BUbiNG (+http://law.di.unimi.it/BUbiNG.html#wc)"
172.68.133.129 - - [15/Mar/2018:06:56:43 +0800] "GET /tbgw/u6q3vLzSvtPXqNOqteo-1-500-1000.html HTTP/1.1" 404 3723 "-" "Sogou web spider/4.0(+http://www.sogou.com/docs/help/webmasters.htm#07)"
172.68.65.177 - - [15/Mar/2018:06:56:43 +0800] "GET /zp/51151.html HTTP/1.1" 200 15317 "-" "BUbiNG (+http://law.di.unimi.it/BUbiNG.html#wc)"
172.68.143.117 - - [15/Mar/2018:06:56:53 +0800] "GET /tbgw/w8C1xMb7s7XTw8a3-0-1-100.html HTTP/1.1" 301 185 "-" "Sogou web spider/4.0(+http://www.sogou.com/docs/help/webmasters.htm#07)"
172.68.133.129 - - [15/Mar/2018:06:57:03 +0800] "GET /tbgw/u6jPwrbA18M-1-2000-5000.html HTTP/1.1" 404 3723 "-" "Sogou web spider/4.0(+http://www.sogou.com/docs/help/webmasters.htm#07)"
162.158.79.182 - - [15/Mar/2018:06:57:07 +0800] "GET /jobs/techangpeixun/504.html HTTP/1.1" 200 11912 "-" "BUbiNG (+http://law.di.unimi.it/BUbiNG.html#wc)"
172.68.143.117 - - [15/Mar/2018:06:57:13 +0800] "GET /tbgw/8KnUtrzSvtPG7L2iteo-2-2000-5000.html HTTP/1.1" 301 185 "-" "Sogou web spider/4.0(+http://www.sogou.com/docs/help/webmasters.htm#07)"
172.68.65.177 - - [15/Mar/2018:06:57:14 +0800] "GET /zp/51152.html HTTP/1.1" 200 26221 "-" "BUbiNG (+http://law.di.unimi.it/BUbiNG.html#wc)"
172.68.133.129 - - [15/Mar/2018:06:57:23 +0800] "GET /tbgw/w8C1xMb7s7XTw8a3-0-1-100.html HTTP/1.1" 404 3723 "-" "Sogou web spider/4.0(+http://www.sogou.com/docs/help/webmasters.htm#07)"
172.68.143.117 - - [15/Mar/2018:06:57:33 +0800] "GET /tbgw/vqm2q7S01bm80r7T16jTqrXq-0-200-500.html HTTP/1.1" 301 185 "-" "Sogou web spider/4.0(+http://www.sogou.com/docs/help/webmasters.htm#07)"
162.158.79.182 - - [15/Mar/2018:06:57:37 +0800] "GET /jobs/xiaoxue/500.html HTTP/1.1" 200 11975 "-" "BUbiNG (+http://law.di.unimi.it/BUbiNG.html#wc)"
172.68.133.129 - - [15/Mar/2018:06:57:43 +0800] "GET /tbgw/8KnUtrzSvtPG7L2iteo-2-2000-5000.html HTTP/1.1" 404 3723 "-" "Sogou web spider/4.0(+http://www.sogou.com/docs/help/webmasters.htm#07)"
172.68.65.177 - - [15/Mar/2018:06:57:45 +0800] "GET /zp/51150.html HTTP/1.1" 200 8028 "-" "BUbiNG (+http://law.di.unimi.it/BUbiNG.html#wc)"
172.68.143.117 - - [15/Mar/2018:06:57:53 +0800] "GET /tbgw/08TTxLnIMTk4Nw-2-1-100.html HTTP/1.1" 301 185 "-" "Sogou web spider/4.0(+http://www.sogou.com/docs/help/webmasters.htm#07)"
172.68.133.129 - - [15/Mar/2018:06:58:03 +0800] "GET /tbgw/vqm2q7S01bm80r7T16jTqrXq-0-200-500.html HTTP/1.1" 404 3723 "-" "Sogou web spider/4.0(+http://www.sogou.com/docs/help/webmasters.htm#07)"
162.158.79.182 - - [15/Mar/2018:06:58:08 +0800] "GET /jobs/xiaoxue/665.html HTTP/1.1" 200 11981 "-" "BUbiNG (+http://law.di.unimi.it/BUbiNG.html#wc)"
172.68.143.117 - - [15/Mar/2018:06:58:13 +0800] "GET /tbgw/ZHVhbl9tZW5nY2hp-3-2000-5000.html HTTP/1.1" 301 185 "-" "Sogou web spider/4.0(+http://www.sogou.com/docs/help/webmasters.htm#07)"
172.68.65.177 - - [15/Mar/2018:06:58:16 +0800] "GET /zp/51149.html HTTP/1.1" 200 7747 "-" "BUbiNG (+http://law.di.unimi.it/BUbiNG.html#wc)"
172.68.141.163 - - [15/Mar/2018:06:58:16 +0800] "GET / HTTP/1.1" 200 42954 "http://www.baidu.com/s?wd=RN8" "Mozilla/5.0 (Windows NT 6.1; WOW64; rv:43.0) Gecko/20100101 Firefox/43.0"
172.68.133.129 - - [15/Mar/2018:06:58:23 +0800] "GET /tbgw/08TTxLnIMTk4Nw-2-1-100.html HTTP/1.1" 404 3723 "-" "Sogou web spider/4.0(+http://www.sogou.com/docs/help/webmasters.htm#07)"
172.68.143.117 - - [15/Mar/2018:06:58:33 +0800] "GET /tbgw/2e2079ChsryyvA-0-500-1000.html HTTP/1.1" 301 185 "-" "Sogou web spider/4.0(+http://www.sogou.com/docs/help/webmasters.htm#07)"
162.158.79.182 - - [15/Mar/2018:06:58:38 +0800] "GET /jobs/xiaoxue/464.html HTTP/1.1" 200 8423 "-" "BUbiNG (+http://law.di.unimi.it/BUbiNG.html#wc)"
172.68.133.129 - - [15/Mar/2018:06:58:43 +0800] "GET /tbgw/ZHVhbl9tZW5nY2hp-3-2000-5000.html HTTP/1.1" 404 3723 "-" "Sogou web spider/4.0(+http://www.sogou.com/docs/help/webmasters.htm#07)"
172.68.65.177 - - [15/Mar/2018:06:58:46 +0800] "GET /zp/51148.html HTTP/1.1" 200 17281 "-" "BUbiNG (+http://law.di.unimi.it/BUbiNG.html#wc)"
172.68.143.117 - - [15/Mar/2018:06:58:53 +0800] "GET /tbgw/eWl4aWFubWluODM4Mg-3-5000-10000.html HTTP/1.1" 301 185 "-" "Sogou web spider/4.0(+http://www.sogou.com/docs/help/webmasters.htm#07)"
172.68.133.129 - - [15/Mar/2018:06:59:03 +0800] "GET /tbgw/2e2079ChsryyvA-0-500-1000.html HTTP/1.1" 404 3723 "-" "Sogou web spider/4.0(+http://www.sogou.com/docs/help/webmasters.htm#07)"
162.158.79.182 - - [15/Mar/2018:06:59:09 +0800] "GET /school/3.html HTTP/1.1" 200 7347 "-" "BUbiNG (+http://law.di.unimi.it/BUbiNG.html#wc)"
172.68.143.117 - - [15/Mar/2018:06:59:13 +0800] "GET /tbgw/Z3R5ZXM-0-1-100.html HTTP/1.1" 301 185 "-" "Sogou web spider/4.0(+http://www.sogou.com/docs/help/webmasters.htm#07)"
172.68.65.177 - - [15/Mar/2018:06:59:17 +0800] "GET /zp/51147.html HTTP/1.1" 200 27803 "-" "BUbiNG (+http://law.di.unimi.it/BUbiNG.html#wc)"
172.68.133.129 - - [15/Mar/2018:06:59:23 +0800] "GET /tbgw/eWl4aWFubWluODM4Mg-3-5000-10000.html HTTP/1.1" 404 3723 "-" "Sogou web spider/4.0(+http://www.sogou.com/docs/help/webmasters.htm#07)"
172.68.143.117 - - [15/Mar/2018:06:59:33 +0800] "GET /tbgw/eXp3amh5eg-0-200-500.html HTTP/1.1" 301 185 "-" "Sogou web spider/4.0(+http://www.sogou.com/docs/help/webmasters.htm#07)"
172.68.133.129 - - [15/Mar/2018:06:59:43 +0800] "GET /tbgw/Z3R5ZXM-0-1-100.html HTTP/1.1" 404 3723 "-" "Sogou web spider/4.0(+http://www.sogou.com/docs/help/webmasters.htm#07)"
172.68.65.177 - - [15/Mar/2018:06:59:48 +0800] "GET /zp/51146.html HTTP/1.1" 200 11329 "-" "BUbiNG (+http://law.di.unimi.it/BUbiNG.html#wc)"
172.68.143.117 - - [15/Mar/2018:06:59:53 +0800] "GET /tbgw/ZTY4zO3DwA-0-5000-10000.html HTTP/1.1" 301 185 "-" "Sogou web spider/4.0(+http://www.sogou.com/docs/help/webmasters.htm#07)"
172.68.133.129 - - [15/Mar/2018:07:00:03 +0800] "GET /tbgw/eXp3amh5eg-0-200-500.html HTTP/1.1" 404 3723 "-" "Sogou web spider/4.0(+http://www.sogou.com/docs/help/webmasters.htm#07)"
172.68.143.117 - - [15/Mar/2018:07:00:13 +0800] "GET /tbgw/u6rPxLfw1LU-1-100-200.html HTTP/1.1" 301 185 "-" "Sogou web spider/4.0(+http://www.sogou.com/docs/help/webmasters.htm#07)"
172.68.65.177 - - [15/Mar/2018:07:00:19 +0800] "GET /zp/51145.html HTTP/1.1" 200 9585 "-" "BUbiNG (+http://law.di.unimi.it/BUbiNG.html#wc)"
172.68.133.129 - - [15/Mar/2018:07:00:23 +0800] "GET /tbgw/ZTY4zO3DwA-0-5000-10000.html HTTP/1.1" 404 3723 "-" "Sogou web spider/4.0(+http://www.sogou.com/docs/help/webmasters.htm#07)"
172.68.143.117 - - [15/Mar/2018:07:00:33 +0800] "GET /tbgw/MjAwOeak5qQwMjI4-0-1-100.html HTTP/1.1" 301 185 "-" "Sogou web spider/4.0(+http://www.sogou.com/docs/help/webmasters.htm#07)"
108.162.215.121 - - [15/Mar/2018:07:00:34 +0800] "GET /zp/27173.html HTTP/1.1" 200 15627 "-" "Mozilla/5.0 (compatible; Baiduspider/2.0; +http://www.baidu.com/search/spider.html)"
172.68.133.129 - - [15/Mar/2018:07:00:43 +0800] "GET /tbgw/u6rPxLfw1LU-1-100-200.html HTTP/1.1" 404 3723 "-" "Sogou web spider/4.0(+http://www.sogou.com/docs/help/webmasters.htm#07)"
172.68.65.177 - - [15/Mar/2018:07:00:49 +0800] "GET /zp/51144.html HTTP/1.1" 200 18972 "-" "BUbiNG (+http://law.di.unimi.it/BUbiNG.html#wc)"
172.68.143.117 - - [15/Mar/2018:07:00:53 +0800] "GET /tbgw/0Na13Mr9wuvNqNG2teo-0-1-100.html HTTP/1.1" 301 185 "-" "Sogou web spider/4.0(+http://www.sogou.com/docs/help/webmasters.htm#07)"
172.68.133.129 - - [15/Mar/2018:07:01:03 +0800] "GET /tbgw/MjAwOeak5qQwMjI4-0-1-100.html HTTP/1.1" 404 3723 "-" "Sogou web spider/4.0(+http://www.sogou.com/docs/help/webmasters.htm#07)"
172.68.143.117 - - [15/Mar/2018:07:01:13 +0800] "GET /tbgw/uePW3b2ou6o-0-1-100.html HTTP/1.1" 301 185 "-" "Sogou web spider/4.0(+http://www.sogou.com/docs/help/webmasters.htm#07)"
172.68.65.177 - - [15/Mar/2018:07:01:20 +0800] "GET /zp/51143.html HTTP/1.1" 200 13642 "-" "BUbiNG (+http://law.di.unimi.it/BUbiNG.html#wc)"
172.68.133.129 - - [15/Mar/2018:07:01:23 +0800] "GET /tbgw/0Na13Mr9wuvNqNG2teo-0-1-100.html HTTP/1.1" 404 3723 "-" "Sogou web spider/4.0(+http://www.sogou.com/docs/help/webmasters.htm#07)"
172.68.143.117 - - [15/Mar/2018:07:01:33 +0800] "GET /tbgw/cGVuZ3hpYW9odWkyMDA3-2-200-500.html HTTP/1.1" 301 185 "-" "Sogou web spider/4.0(+http://www.sogou.com/docs/help/webmasters.htm#07)"
162.158.255.25 - - [15/Mar/2018:07:01:41 +0800] "GET / HTTP/1.1" 301 185 "http://www.baidu.com/s?wd=4CL" "Mozilla/5.0 (Windows NT 6.1; WOW64; rv:43.0) Gecko/20100101 Firefox/43.0"
172.68.133.129 - - [15/Mar/2018:07:01:44 +0800] "GET /tbgw/uePW3b2ou6o-0-1-100.html HTTP/1.1" 404 3723 "-" "Sogou web spider/4.0(+http://www.sogou.com/docs/help/webmasters.htm#07)"
172.68.141.163 - - [15/Mar/2018:07:01:49 +0800] "GET / HTTP/1.1" 200 42940 "-" "Mozilla/5.0 (Windows NT 6.1; WOW64; rv:43.0) Gecko/20100101 Firefox/43.0"
172.68.65.177 - - [15/Mar/2018:07:01:51 +0800] "GET /zp/51142.html HTTP/1.1" 200 14580 "-" "BUbiNG (+http://law.di.unimi.it/BUbiNG.html#wc)"
172.68.143.117 - - [15/Mar/2018:07:01:54 +0800] "GET /tbgw/w8C1z9PGz8k-0-500-1000.html HTTP/1.1" 301 185 "-" "Sogou web spider/4.0(+http://www.sogou.com/docs/help/webmasters.htm#07)"
141.101.76.175 - - [15/Mar/2018:07:01:57 +0800] "GET /school/505.html HTTP/1.1" 200 6106 "-" "Mozilla/5.0 (compatible; AhrefsBot/5.2; +http://ahrefs.com/robot/)"
172.68.133.129 - - [15/Mar/2018:07:02:04 +0800] "GET /tbgw/cGVuZ3hpYW9odWkyMDA3-2-200-500.html HTTP/1.1" 404 3723 "-" "Sogou web spider/4.0(+http://www.sogou.com/docs/help/webmasters.htm#07)"
162.158.79.182 - - [15/Mar/2018:07:02:07 +0800] "GET /jobs/techangpeixun/402.html HTTP/1.1" 200 9352 "-" "BUbiNG (+http://law.di.unimi.it/BUbiNG.html#wc)"
172.68.143.117 - - [15/Mar/2018:07:02:14 +0800] "GET /tbgw/xbfLubbZwuXFt9eowvS16g-0-1-100.html HTTP/1.1" 301 185 "-" "Sogou web spider/4.0(+http://www.sogou.com/docs/help/webmasters.htm#07)"
172.68.65.177 - - [15/Mar/2018:07:02:22 +0800] "GET /zp/51141.html HTTP/1.1" 200 10910 "-" "BUbiNG (+http://law.di.unimi.it/BUbiNG.html#wc)"
172.68.133.129 - - [15/Mar/2018:07:02:24 +0800] "GET /tbgw/w8C1z9PGz8k-0-500-1000.html HTTP/1.1" 404 3723 "-" "Sogou web spider/4.0(+http://www.sogou.com/docs/help/webmasters.htm#07)"
172.68.143.117 - - [15/Mar/2018:07:02:34 +0800] "GET /tbgw/w87DwLTvvNK3xMbsvaK16g-0-1-100.html HTTP/1.1" 301 185 "-" "Sogou web spider/4.0(+http://www.sogou.com/docs/help/webmasters.htm#07)"
172.68.133.129 - - [15/Mar/2018:07:02:44 +0800] "GET /tbgw/xbfLubbZwuXFt9eowvS16g-0-1-100.html HTTP/1.1" 404 3723 "-" "Sogou web spider/4.0(+http://www.sogou.com/docs/help/webmasters.htm#07)"
172.68.65.177 - - [15/Mar/2018:07:02:52 +0800] "GET /zp/51140.html HTTP/1.1" 200 10872 "-" "BUbiNG (+http://law.di.unimi.it/BUbiNG.html#wc)"
172.68.143.117 - - [15/Mar/2018:07:02:54 +0800] "GET /tbgw/dG9ueWNoZW67qtfQ-0-1-100.html HTTP/1.1" 301 185 "-" "Sogou web spider/4.0(+http://www.sogou.com/docs/help/webmasters.htm#07)"
172.68.133.129 - - [15/Mar/2018:07:03:04 +0800] "GET /tbgw/w87DwLTvvNK3xMbsvaK16g-0-1-100.html HTTP/1.1" 404 3723 "-" "Sogou web spider/4.0(+http://www.sogou.com/docs/help/webmasters.htm#07)"
172.68.143.117 - - [15/Mar/2018:07:03:14 +0800] "GET /tbgw/yfK93Dc1NA-0-200-500.html HTTP/1.1" 301 185 "-" "Sogou web spider/4.0(+http://www.sogou.com/docs/help/webmasters.htm#07)"
162.158.92.73 - - [15/Mar/2018:07:03:22 +0800] "GET /jobs/yuyanpeixun/147.html HTTP/1.1" 200 9772 "-" "Mozilla/5.0 (compatible; DeuSu/5.0.2; +https://deusu.de/robot.html)"
172.68.65.177 - - [15/Mar/2018:07:03:23 +0800] "GET /zp/51139.html HTTP/1.1" 200 10849 "-" "BUbiNG (+http://law.di.unimi.it/BUbiNG.html#wc)"
172.68.133.129 - - [15/Mar/2018:07:03:24 +0800] "GET /tbgw/dG9ueWNoZW67qtfQ-0-1-100.html HTTP/1.1" 404 3723 "-" "Sogou web spider/4.0(+http://www.sogou.com/docs/help/webmasters.htm#07)"
162.158.79.182 - - [15/Mar/2018:07:03:24 +0800] "GET /school/92.html HTTP/1.1" 200 9155 "-" "BUbiNG (+http://law.di.unimi.it/BUbiNG.html#wc)"
172.68.143.117 - - [15/Mar/2018:07:03:34 +0800] "GET /tbgw/aHV4aWFvbmluZzg4ODg-0-1-100.html HTTP/1.1" 301 185 "-" "Sogou web spider/4.0(+http://www.sogou.com/docs/help/webmasters.htm#07)"
172.68.133.129 - - [15/Mar/2018:07:03:44 +0800] "GET /tbgw/yfK93Dc1NA-0-200-500.html HTTP/1.1" 404 3723 "-" "Sogou web spider/4.0(+http://www.sogou.com/docs/help/webmasters.htm#07)"
172.68.65.177 - - [15/Mar/2018:07:03:53 +0800] "GET /zp/51138.html HTTP/1.1" 200 10885 "-" "BUbiNG (+http://law.di.unimi.it/BUbiNG.html#wc)"
172.68.143.117 - - [15/Mar/2018:07:03:54 +0800] "GET /tbgw/sK7C6sP7xrfGpL7fud0-0-1-100.html HTTP/1.1" 301 185 "-" "Sogou web spider/4.0(+http://www.sogou.com/docs/help/webmasters.htm#07)"
172.68.133.129 - - [15/Mar/2018:07:04:04 +0800] "GET /tbgw/aHV4aWFvbmluZzg4ODg-0-1-100.html HTTP/1.1" 404 3723 "-" "Sogou web spider/4.0(+http://www.sogou.com/docs/help/webmasters.htm#07)"
172.68.143.117 - - [15/Mar/2018:07:04:14 +0800] "GET /tbgw/emhhbmd4aW5xaW5nZGFv-0-1-100.html HTTP/1.1" 301 185 "-" "Sogou web spider/4.0(+http://www.sogou.com/docs/help/webmasters.htm#07)"
162.158.255.121 - - [15/Mar/2018:07:04:22 +0800] "GET /zp/50907.html HTTP/1.1" 200 34664 "-" "YisouSpider"
172.68.133.129 - - [15/Mar/2018:07:04:25 +0800] "GET /tbgw/sK7C6sP7xrfGpL7fud0-0-1-100.html HTTP/1.1" 404 3723 "-" "Sogou web spider/4.0(+http://www.sogou.com/docs/help/webmasters.htm#07)"
172.68.65.177 - - [15/Mar/2018:07:04:25 +0800] "GET /zp/51137.html HTTP/1.1" 200 11381 "-" "BUbiNG (+http://law.di.unimi.it/BUbiNG.html#wc)"
162.158.79.182 - - [15/Mar/2018:07:04:34 +0800] "GET /jobs/xiaoxue/487.html HTTP/1.1" 200 9312 "-" "BUbiNG (+http://law.di.unimi.it/BUbiNG.html#wc)"
172.68.143.117 - - [15/Mar/2018:07:04:35 +0800] "GET /tbgw/bGl1eWYyMDA2-0-500-1000.html HTTP/1.1" 301 185 "-" "Sogou web spider/4.0(+http://www.sogou.com/docs/help/webmasters.htm#07)"
172.68.65.63 - - [15/Mar/2018:07:04:44 +0800] "GET /robots.txt HTTP/1.1" 304 0 "-" "BUbiNG (+http://law.di.unimi.it/BUbiNG.html#wc)"
172.68.133.129 - - [15/Mar/2018:07:04:45 +0800] "GET /tbgw/emhhbmd4aW5xaW5nZGFv-0-1-100.html HTTP/1.1" 404 3723 "-" "Sogou web spider/4.0(+http://www.sogou.com/docs/help/webmasters.htm#07)"
172.68.143.117 - - [15/Mar/2018:07:04:55 +0800] "GET /tbgw/c2t5MDUwMg-0-500-1000.html HTTP/1.1" 301 185 "-" "Sogou web spider/4.0(+http://www.sogou.com/docs/help/webmasters.htm#07)"
172.68.65.177 - - [15/Mar/2018:07:04:56 +0800] "GET /zp/51136.html HTTP/1.1" 200 8744 "-" "BUbiNG (+http://law.di.unimi.it/BUbiNG.html#wc)"
172.68.133.129 - - [15/Mar/2018:07:05:06 +0800] "GET /tbgw/bGl1eWYyMDA2-0-500-1000.html HTTP/1.1" 404 3723 "-" "Sogou web spider/4.0(+http://www.sogou.com/docs/help/webmasters.htm#07)"
162.158.79.182 - - [15/Mar/2018:07:05:06 +0800] "GET /jobs/p2.html HTTP/1.1" 200 62731 "-" "BUbiNG (+http://law.di.unimi.it/BUbiNG.html#wc)"
172.69.62.7 - - [15/Mar/2018:07:05:15 +0800] "GET /zp/51044.html HTTP/1.1" 200 8354 "-" "BUbiNG (+http://law.di.unimi.it/BUbiNG.html#wc)"
172.68.143.117 - - [15/Mar/2018:07:05:16 +0800] "GET /tbgw/0sDIu8C20KHH4A-3-100-200.html HTTP/1.1" 301 185 "-" "Sogou web spider/4.0(+http://www.sogou.com/docs/help/webmasters.htm#07)"
172.68.133.129 - - [15/Mar/2018:07:05:26 +0800] "GET /tbgw/c2t5MDUwMg-0-500-1000.html HTTP/1.1" 404 3723 "-" "Sogou web spider/4.0(+http://www.sogou.com/docs/help/webmasters.htm#07)"
172.68.65.177 - - [15/Mar/2018:07:05:27 +0800] "GET /zp/51134.html HTTP/1.1" 200 8810 "-" "BUbiNG (+http://law.di.unimi.it/BUbiNG.html#wc)"
172.68.143.117 - - [15/Mar/2018:07:05:36 +0800] "GET /tbgw/sabK6c7d-1-100-200.html HTTP/1.1" 301 185 "-" "Sogou web spider/4.0(+http://www.sogou.com/docs/help/webmasters.htm#07)"
162.158.79.182 - - [15/Mar/2018:07:05:38 +0800] "GET /jobs/p3.html HTTP/1.1" 200 58451 "-" "BUbiNG (+http://law.di.unimi.it/BUbiNG.html#wc)"
172.68.133.129 - - [15/Mar/2018:07:05:46 +0800] "GET /tbgw/0sDIu8C20KHH4A-3-100-200.html HTTP/1.1" 404 3723 "-" "Sogou web spider/4.0(+http://www.sogou.com/docs/help/webmasters.htm#07)"
172.69.62.7 - - [15/Mar/2018:07:05:51 +0800] "GET /zp/51043.html HTTP/1.1" 200 24970 "-" "BUbiNG (+http://law.di.unimi.it/BUbiNG.html#wc)"
172.68.143.117 - - [15/Mar/2018:07:05:56 +0800] "GET /tbgw/zdLE8cHEzOzW0A-0-1-100.html HTTP/1.1" 301 185 "-" "Sogou web spider/4.0(+http://www.sogou.com/docs/help/webmasters.htm#07)"
172.68.65.177 - - [15/Mar/2018:07:05:57 +0800] "GET /zp/51114.html HTTP/1.1" 200 11336 "-" "BUbiNG (+http://law.di.unimi.it/BUbiNG.html#wc)"
172.68.133.129 - - [15/Mar/2018:07:06:06 +0800] "GET /tbgw/sabK6c7d-1-100-200.html HTTP/1.1" 404 3723 "-" "Sogou web spider/4.0(+http://www.sogou.com/docs/help/webmasters.htm#07)"
162.158.79.182 - - [15/Mar/2018:07:06:09 +0800] "GET /jobs/p4.html HTTP/1.1" 200 69826 "-" "BUbiNG (+http://law.di.unimi.it/BUbiNG.html#wc)"
172.68.143.117 - - [15/Mar/2018:07:06:16 +0800] "GET /tbgw/0e698LuqutPEzw-0-500-1000.html HTTP/1.1" 301 185 "-" "Sogou web spider/4.0(+http://www.sogou.com/docs/help/webmasters.htm#07)"
172.68.133.129 - - [15/Mar/2018:07:06:26 +0800] "GET /tbgw/zdLE8cHEzOzW0A-0-1-100.html HTTP/1.1" 404 3723 "-" "Sogou web spider/4.0(+http://www.sogou.com/docs/help/webmasters.htm#07)"
172.68.65.177 - - [15/Mar/2018:07:06:28 +0800] "GET /zp/51113.html HTTP/1.1" 200 11939 "-" "BUbiNG (+http://law.di.unimi.it/BUbiNG.html#wc)"
172.68.143.117 - - [15/Mar/2018:07:06:36 +0800] "GET /tbgw/09nE4Nauxbo-0-100-200.html HTTP/1.1" 301 185 "-" "Sogou web spider/4.0(+http://www.sogou.com/docs/help/webmasters.htm#07)"
172.69.62.7 - - [15/Mar/2018:07:06:40 +0800] "GET /zp/51042.html HTTP/1.1" 200 23540 "-" "BUbiNG (+http://law.di.unimi.it/BUbiNG.html#wc)"
172.68.133.129 - - [15/Mar/2018:07:06:46 +0800] "GET /tbgw/0e698LuqutPEzw-0-500-1000.html HTTP/1.1" 404 3723 "-" "Sogou web spider/4.0(+http://www.sogou.com/docs/help/webmasters.htm#07)"
172.68.143.117 - - [15/Mar/2018:07:06:56 +0800] "GET /tbgw/tPPJvbm1zcHM2LL6-0-1-100.html HTTP/1.1" 301 185 "-" "Sogou web spider/4.0(+http://www.sogou.com/docs/help/webmasters.htm#07)"
172.68.65.177 - - [15/Mar/2018:07:06:59 +0800] "GET /zp/51111.html HTTP/1.1" 200 7646 "-" "BUbiNG (+http://law.di.unimi.it/BUbiNG.html#wc)"
172.68.133.129 - - [15/Mar/2018:07:07:06 +0800] "GET /tbgw/09nE4Nauxbo-0-100-200.html HTTP/1.1" 404 3723 "-" "Sogou web spider/4.0(+http://www.sogou.com/docs/help/webmasters.htm#07)"
172.68.143.117 - - [15/Mar/2018:07:07:16 +0800] "GET /tbgw/eG1hbGR6a2owOQ-0-1-100.html HTTP/1.1" 301 185 "-" "Sogou web spider/4.0(+http://www.sogou.com/docs/help/webmasters.htm#07)"
172.69.62.7 - - [15/Mar/2018:07:07:18 +0800] "GET /zp/51041.html HTTP/1.1" 200 28901 "-" "BUbiNG (+http://law.di.unimi.it/BUbiNG.html#wc)"
172.68.133.129 - - [15/Mar/2018:07:07:26 +0800] "GET /tbgw/tPPJvbm1zcHM2LL6-0-1-100.html HTTP/1.1" 404 3723 "-" "Sogou web spider/4.0(+http://www.sogou.com/docs/help/webmasters.htm#07)"
172.68.65.177 - - [15/Mar/2018:07:07:29 +0800] "GET /zp/51112.html HTTP/1.1" 200 10534 "-" "BUbiNG (+http://law.di.unimi.it/BUbiNG.html#wc)"
172.68.143.117 - - [15/Mar/2018:07:07:36 +0800] "GET /tbgw/cXXLrr6n1q7BtQ-0-1000-2000.html HTTP/1.1" 301 185 "-" "Sogou web spider/4.0(+http://www.sogou.com/docs/help/webmasters.htm#07)"
172.68.133.129 - - [15/Mar/2018:07:07:46 +0800] "GET /tbgw/eG1hbGR6a2owOQ-0-1-100.html HTTP/1.1" 404 3723 "-" "Sogou web spider/4.0(+http://www.sogou.com/docs/help/webmasters.htm#07)"
172.69.62.7 - - [15/Mar/2018:07:07:49 +0800] "GET /zp/51039.html HTTP/1.1" 200 17167 "-" "BUbiNG (+http://law.di.unimi.it/BUbiNG.html#wc)"
172.68.143.117 - - [15/Mar/2018:07:07:56 +0800] "GET /tbgw/09fWydSw1u3W7Q-3-1000-2000.html HTTP/1.1" 301 185 "-" "Sogou web spider/4.0(+http://www.sogou.com/docs/help/webmasters.htm#07)"
172.68.65.177 - - [15/Mar/2018:07:08:00 +0800] "GET /zp/51109.html HTTP/1.1" 200 19245 "-" "BUbiNG (+http://law.di.unimi.it/BUbiNG.html#wc)"
162.158.79.182 - - [15/Mar/2018:07:08:02 +0800] "GET /jobs/p5.html HTTP/1.1" 200 72036 "-" "BUbiNG (+http://law.di.unimi.it/BUbiNG.html#wc)"
108.162.215.247 - - [15/Mar/2018:07:08:03 +0800] "GET /zp/23025.html HTTP/1.1" 200 12965 "-" "Mozilla/5.0 (compatible; Baiduspider/2.0; +http://www.baidu.com/search/spider.html)"
172.68.133.129 - - [15/Mar/2018:07:08:06 +0800] "GET /tbgw/cXXLrr6n1q7BtQ-0-1000-2000.html HTTP/1.1" 404 3723 "-" "Sogou web spider/4.0(+http://www.sogou.com/docs/help/webmasters.htm#07)"
108.162.215.127 - - [15/Mar/2018:07:08:11 +0800] "GET /js/citySelector.js HTTP/1.1" 304 0 "http://www.zhaokao123.cn/zp/23025.html" "Mozilla/5.0 (iPhone; CPU iPhone OS 9_1 like Mac OS X) AppleWebKit/601.1.46 (KHTML, like Gecko) Version/9.0 Mobile/13B143 Safari/601.1 (compatible; Baiduspider-render/2.0; +http://www.baidu.com/search/spider.html)"
172.68.143.117 - - [15/Mar/2018:07:08:16 +0800] "GET /tbgw/tuS25Lr6zaw-0-100-200.html HTTP/1.1" 301 185 "-" "Sogou web spider/4.0(+http://www.sogou.com/docs/help/webmasters.htm#07)"
172.69.62.7 - - [15/Mar/2018:07:08:20 +0800] "GET /zp/51040.html HTTP/1.1" 200 19518 "-" "BUbiNG (+http://law.di.unimi.it/BUbiNG.html#wc)"
172.68.133.129 - - [15/Mar/2018:07:08:26 +0800] "GET /tbgw/09fWydSw1u3W7Q-3-1000-2000.html HTTP/1.1" 404 3723 "-" "Sogou web spider/4.0(+http://www.sogou.com/docs/help/webmasters.htm#07)"
172.68.65.177 - - [15/Mar/2018:07:08:31 +0800] "GET /zp/51110.html HTTP/1.1" 200 20792 "-" "BUbiNG (+http://law.di.unimi.it/BUbiNG.html#wc)"
162.158.79.182 - - [15/Mar/2018:07:08:34 +0800] "GET /jobs/p6.html HTTP/1.1" 200 55586 "-" "BUbiNG (+http://law.di.unimi.it/BUbiNG.html#wc)"
172.68.143.117 - - [15/Mar/2018:07:08:36 +0800] "GET /tbgw/yOK1sLmr1vc-0-1000-2000.html HTTP/1.1" 301 185 "-" "Sogou web spider/4.0(+http://www.sogou.com/docs/help/webmasters.htm#07)"
172.68.133.129 - - [15/Mar/2018:07:08:46 +0800] "GET /tbgw/tuS25Lr6zaw-0-100-200.html HTTP/1.1" 404 3723 "-" "Sogou web spider/4.0(+http://www.sogou.com/docs/help/webmasters.htm#07)"
172.68.143.117 - - [15/Mar/2018:07:08:56 +0800] "GET /tbgw/tPPN9bnZt73G7L2iteo-0-1-100.html HTTP/1.1" 301 185 "-" "Sogou web spider/4.0(+http://www.sogou.com/docs/help/webmasters.htm#07)"
172.68.65.177 - - [15/Mar/2018:07:09:01 +0800] "GET /zp/51108.html HTTP/1.1" 200 23519 "-" "BUbiNG (+http://law.di.unimi.it/BUbiNG.html#wc)"
162.158.79.182 - - [15/Mar/2018:07:09:04 +0800] "GET /jobs/p7.html HTTP/1.1" 200 51563 "-" "BUbiNG (+http://law.di.unimi.it/BUbiNG.html#wc)"
172.68.133.129 - - [15/Mar/2018:07:09:06 +0800] "GET /tbgw/yOK1sLmr1vc-0-1000-2000.html HTTP/1.1" 404 3723 "-" "Sogou web spider/4.0(+http://www.sogou.com/docs/help/webmasters.htm#07)"
172.69.62.7 - - [15/Mar/2018:07:09:12 +0800] "GET /zp/51038.html HTTP/1.1" 200 22189 "-" "BUbiNG (+http://law.di.unimi.it/BUbiNG.html#wc)"
172.68.143.117 - - [15/Mar/2018:07:09:16 +0800] "GET /tbgw/zfLLs8rWuaS3uw-2-500-1000.html HTTP/1.1" 301 185 "-" "Sogou web spider/4.0(+http://www.sogou.com/docs/help/webmasters.htm#07)"
172.68.133.129 - - [15/Mar/2018:07:09:26 +0800] "GET /tbgw/tPPN9bnZt73G7L2iteo-0-1-100.html HTTP/1.1" 404 3723 "-" "Sogou web spider/4.0(+http://www.sogou.com/docs/help/webmasters.htm#07)"
172.68.65.177 - - [15/Mar/2018:07:09:32 +0800] "GET /zp/51107.html HTTP/1.1" 200 16354 "-" "BUbiNG (+http://law.di.unimi.it/BUbiNG.html#wc)"
162.158.79.182 - - [15/Mar/2018:07:09:35 +0800] "GET /jobs/p8.html HTTP/1.1" 200 57773 "-" "BUbiNG (+http://law.di.unimi.it/BUbiNG.html#wc)"
172.68.143.117 - - [15/Mar/2018:07:09:36 +0800] "GET /tbgw/06jWpbni-0-1-100.html HTTP/1.1" 301 185 "-" "Sogou web spider/4.0(+http://www.sogou.com/docs/help/webmasters.htm#07)"
172.69.62.7 - - [15/Mar/2018:07:09:46 +0800] "GET /zp/51037.html HTTP/1.1" 200 24690 "-" "BUbiNG (+http://law.di.unimi.it/BUbiNG.html#wc)"
172.68.133.129 - - [15/Mar/2018:07:09:46 +0800] "GET /tbgw/zfLLs8rWuaS3uw-2-500-1000.html HTTP/1.1" 404 3723 "-" "Sogou web spider/4.0(+http://www.sogou.com/docs/help/webmasters.htm#07)"
172.68.143.117 - - [15/Mar/2018:07:09:56 +0800] "GET /tbgw/1M7Uzs7S1M4-0-200-500.html HTTP/1.1" 301 185 "-" "Sogou web spider/4.0(+http://www.sogou.com/docs/help/webmasters.htm#07)"
172.68.65.177 - - [15/Mar/2018:07:10:03 +0800] "GET /zp/51106.html HTTP/1.1" 200 17520 "-" "BUbiNG (+http://law.di.unimi.it/BUbiNG.html#wc)"
172.68.133.129 - - [15/Mar/2018:07:10:06 +0800] "GET /tbgw/06jWpbni-0-1-100.html HTTP/1.1" 404 3723 "-" "Sogou web spider/4.0(+http://www.sogou.com/docs/help/webmasters.htm#07)"
162.158.79.182 - - [15/Mar/2018:07:10:06 +0800] "GET /jobs/p9.html HTTP/1.1" 200 51239 "-" "BUbiNG (+http://law.di.unimi.it/BUbiNG.html#wc)"
172.68.143.117 - - [15/Mar/2018:07:10:16 +0800] "GET /tbgw/zfTR89bQtcR5ada70KG0rA-0-100-200.html HTTP/1.1" 301 185 "-" "Sogou web spider/4.0(+http://www.sogou.com/docs/help/webmasters.htm#07)"
162.158.75.181 - - [15/Mar/2018:07:10:23 +0800] "GET /css/zPin.css?v=2 HTTP/1.1" 200 30472 "http://www.zhaokao123.cn/zp/51164.html" "Mozilla/5.0 (compatible; Googlebot/2.1; +http://www.google.com/bot.html)"
162.158.74.234 - - [15/Mar/2018:07:10:23 +0800] "GET /robots.txt HTTP/1.1" 304 0 "-" "Mozilla/5.0 (compatible; Googlebot/2.1; +http://www.google.com/bot.html)"
172.68.58.26 - - [15/Mar/2018:07:10:24 +0800] "GET /css/citySelector.css HTTP/1.1" 200 2229 "http://www.zhaokao123.cn/zp/51164.html" "Mozilla/5.0 (compatible; Googlebot/2.1; +http://www.google.com/bot.html)"
162.158.75.61 - - [15/Mar/2018:07:10:24 +0800] "GET /css/vivify.min.css HTTP/1.1" 304 0 "http://www.zhaokao123.cn/zp/51164.html" "Mozilla/5.0 (compatible; Googlebot/2.1; +http://www.google.com/bot.html)"
172.69.62.7 - - [15/Mar/2018:07:10:25 +0800] "GET /zp/51036.html HTTP/1.1" 200 13092 "-" "BUbiNG (+http://law.di.unimi.it/BUbiNG.html#wc)"
108.162.216.37 - - [15/Mar/2018:07:10:25 +0800] "GET /css/bootstrap.min.css HTTP/1.1" 200 121261 "http://www.zhaokao123.cn/zp/51164.html" "Mozilla/5.0 (compatible; Googlebot/2.1; +http://www.google.com/bot.html)"
172.68.133.129 - - [15/Mar/2018:07:10:26 +0800] "GET /tbgw/1M7Uzs7S1M4-0-200-500.html HTTP/1.1" 404 3723 "-" "Sogou web spider/4.0(+http://www.sogou.com/docs/help/webmasters.htm#07)"
172.68.65.177 - - [15/Mar/2018:07:10:34 +0800] "GET /zp/51105.html HTTP/1.1" 200 11379 "-" "BUbiNG (+http://law.di.unimi.it/BUbiNG.html#wc)"
172.68.143.117 - - [15/Mar/2018:07:10:36 +0800] "GET /tbgw/Y2hlbmd4MTIzMA-2-500-1000.html HTTP/1.1" 301 185 "-" "Sogou web spider/4.0(+http://www.sogou.com/docs/help/webmasters.htm#07)"
162.158.79.182 - - [15/Mar/2018:07:10:37 +0800] "GET /jobs/techangpeixun/622.html HTTP/1.1" 200 9223 "-" "BUbiNG (+http://law.di.unimi.it/BUbiNG.html#wc)"
172.68.133.129 - - [15/Mar/2018:07:10:46 +0800] "GET /tbgw/zfTR89bQtcR5ada70KG0rA-0-100-200.html HTTP/1.1" 404 3723 "-" "Sogou web spider/4.0(+http://www.sogou.com/docs/help/webmasters.htm#07)"
172.68.143.117 - - [15/Mar/2018:07:10:56 +0800] "GET /tbgw/aGVsbG9saWZ1-0-5000-10000.html HTTP/1.1" 301 185 "-" "Sogou web spider/4.0(+http://www.sogou.com/docs/help/webmasters.htm#07)"
172.68.65.177 - - [15/Mar/2018:07:11:05 +0800] "GET /zp/51103.html HTTP/1.1" 200 10747 "-" "BUbiNG (+http://law.di.unimi.it/BUbiNG.html#wc)"
172.68.133.129 - - [15/Mar/2018:07:11:06 +0800] "GET /tbgw/Y2hlbmd4MTIzMA-2-500-1000.html HTTP/1.1" 404 3723 "-" "Sogou web spider/4.0(+http://www.sogou.com/docs/help/webmasters.htm#07)"
162.158.79.182 - - [15/Mar/2018:07:11:07 +0800] "GET /jobs/xiaoxue/536.html HTTP/1.1" 200 8570 "-" "BUbiNG (+http://law.di.unimi.it/BUbiNG.html#wc)"
172.68.143.117 - - [15/Mar/2018:07:11:16 +0800] "GET /tbgw/tvnNr828yunO3Q-0-5000-10000.html HTTP/1.1" 301 185 "-" "Sogou web spider/4.0(+http://www.sogou.com/docs/help/webmasters.htm#07)"
172.68.133.129 - - [15/Mar/2018:07:11:26 +0800] "GET /tbgw/aGVsbG9saWZ1-0-5000-10000.html HTTP/1.1" 404 3723 "-" "Sogou web spider/4.0(+http://www.sogou.com/docs/help/webmasters.htm#07)"
172.68.65.177 - - [15/Mar/2018:07:11:35 +0800] "GET /zp/51104.html HTTP/1.1" 200 10799 "-" "BUbiNG (+http://law.di.unimi.it/BUbiNG.html#wc)"
172.68.143.117 - - [15/Mar/2018:07:11:36 +0800] "GET /tbgw/emhhbmd4aW5xaW5nZGFv-0-500-1000.html HTTP/1.1" 301 185 "-" "Sogou web spider/4.0(+http://www.sogou.com/docs/help/webmasters.htm#07)"
162.158.79.182 - - [15/Mar/2018:07:11:38 +0800] "GET /jobs/techangpeixun/507.html HTTP/1.1" 200 10499 "-" "BUbiNG (+http://law.di.unimi.it/BUbiNG.html#wc)"
172.68.133.129 - - [15/Mar/2018:07:11:46 +0800] "GET /tbgw/tvnNr828yunO3Q-0-5000-10000.html HTTP/1.1" 404 3723 "-" "Sogou web spider/4.0(+http://www.sogou.com/docs/help/webmasters.htm#07)"
172.68.47.87 - - [15/Mar/2018:07:11:48 +0800] "GET /zp/47813.html HTTP/1.1" 200 15392 "-" "Mozilla/5.0 (compatible; Baiduspider/2.0; +http://www.baidu.com/search/spider.html)"
172.68.143.117 - - [15/Mar/2018:07:11:56 +0800] "GET /tbgw/c2pqMTc4-0-2000-5000.html HTTP/1.1" 301 185 "-" "Sogou web spider/4.0(+http://www.sogou.com/docs/help/webmasters.htm#07)"
172.68.65.177 - - [15/Mar/2018:07:12:06 +0800] "GET /zp/51102.html HTTP/1.1" 200 25890 "-" "BUbiNG (+http://law.di.unimi.it/BUbiNG.html#wc)"
172.68.133.129 - - [15/Mar/2018:07:12:06 +0800] "GET /tbgw/emhhbmd4aW5xaW5nZGFv-0-500-1000.html HTTP/1.1" 404 3723 "-" "Sogou web spider/4.0(+http://www.sogou.com/docs/help/webmasters.htm#07)"
162.158.75.181 - - [15/Mar/2018:07:12:10 +0800] "GET /css/zPin.css?v=2 HTTP/1.1" 200 30472 "http://www.zhaokao123.cn/zp/51165.html" "Mozilla/5.0 (compatible; Googlebot/2.1; +http://www.google.com/bot.html)"
172.68.143.117 - - [15/Mar/2018:07:12:16 +0800] "GET /tbgw/bWFrdW5yYW4-0-200-500.html HTTP/1.1" 301 185 "-" "Sogou web spider/4.0(+http://www.sogou.com/docs/help/webmasters.htm#07)"
172.68.133.129 - - [15/Mar/2018:07:12:26 +0800] "GET /tbgw/c2pqMTc4-0-2000-5000.html HTTP/1.1" 404 3723 "-" "Sogou web spider/4.0(+http://www.sogou.com/docs/help/webmasters.htm#07)"
172.68.65.177 - - [15/Mar/2018:07:12:36 +0800] "GET /zp/51101.html HTTP/1.1" 200 10730 "-" "BUbiNG (+http://law.di.unimi.it/BUbiNG.html#wc)"
172.68.143.117 - - [15/Mar/2018:07:12:37 +0800] "GET /tbgw/0KHCzNK2eQ-0-1-100.html HTTP/1.1" 301 185 "-" "Sogou web spider/4.0(+http://www.sogou.com/docs/help/webmasters.htm#07)"
172.68.133.129 - - [15/Mar/2018:07:12:47 +0800] "GET /tbgw/bWFrdW5yYW4-0-200-500.html HTTP/1.1" 404 3723 "-" "Sogou web spider/4.0(+http://www.sogou.com/docs/help/webmasters.htm#07)"
172.68.143.117 - - [15/Mar/2018:07:12:57 +0800] "GET /tbgw/emhhbmd5aW5namllMjAwODMyNA-0-1-100.html HTTP/1.1" 301 185 "-" "Sogou web spider/4.0(+http://www.sogou.com/docs/help/webmasters.htm#07)"
172.68.65.177 - - [15/Mar/2018:07:13:07 +0800] "GET /zp/51100.html HTTP/1.1" 200 10742 "-" "BUbiNG (+http://law.di.unimi.it/BUbiNG.html#wc)"
172.68.133.129 - - [15/Mar/2018:07:13:07 +0800] "GET /tbgw/0KHCzNK2eQ-0-1-100.html HTTP/1.1" 404 3723 "-" "Sogou web spider/4.0(+http://www.sogou.com/docs/help/webmasters.htm#07)"
172.68.143.117 - - [15/Mar/2018:07:13:17 +0800] "GET /tbgw/y7no88CztefG99eo06q16g-0-200-500.html HTTP/1.1" 301 185 "-" "Sogou web spider/4.0(+http://www.sogou.com/docs/help/webmasters.htm#07)"
172.68.133.129 - - [15/Mar/2018:07:13:27 +0800] "GET /tbgw/emhhbmd5aW5namllMjAwODMyNA-0-1-100.html HTTP/1.1" 404 3723 "-" "Sogou web spider/4.0(+http://www.sogou.com/docs/help/webmasters.htm#07)"
172.68.143.117 - - [15/Mar/2018:07:13:37 +0800] "GET /tbgw/d2FuZ3NpbmEzMzM-0-500-1000.html HTTP/1.1" 301 185 "-" "Sogou web spider/4.0(+http://www.sogou.com/docs/help/webmasters.htm#07)"
172.68.65.177 - - [15/Mar/2018:07:13:37 +0800] "GET /zp/51099.html HTTP/1.1" 200 34425 "-" "BUbiNG (+http://law.di.unimi.it/BUbiNG.html#wc)"
172.68.133.129 - - [15/Mar/2018:07:13:47 +0800] "GET /tbgw/y7no88CztefG99eo06q16g-0-200-500.html HTTP/1.1" 404 3723 "-" "Sogou web spider/4.0(+http://www.sogou.com/docs/help/webmasters.htm#07)"
172.68.142.158 - - [15/Mar/2018:07:13:53 +0800] "GET /school/1101.html HTTP/1.1" 200 7118 "-" "YisouSpider"
172.68.143.117 - - [15/Mar/2018:07:13:57 +0800] "GET /tbgw/sLK5t8Lowug-0-1-100.html HTTP/1.1" 301 185 "-" "Sogou web spider/4.0(+http://www.sogou.com/docs/help/webmasters.htm#07)"
172.68.174.55 - - [15/Mar/2018:07:14:04 +0800] "GET /jobs/chuzhong/412.html HTTP/1.1" 200 7849 "-" "Mozilla/5.0 (compatible; DotBot/1.1; http://www.opensiteexplorer.org/dotbot, help@moz.com)"
172.68.133.129 - - [15/Mar/2018:07:14:07 +0800] "GET /tbgw/d2FuZ3NpbmEzMzM-0-500-1000.html HTTP/1.1" 404 3723 "-" "Sogou web spider/4.0(+http://www.sogou.com/docs/help/webmasters.htm#07)"
172.68.65.177 - - [15/Mar/2018:07:14:08 +0800] "GET /zp/51098.html HTTP/1.1" 200 8114 "-" "BUbiNG (+http://law.di.unimi.it/BUbiNG.html#wc)"
172.69.33.206 - - [15/Mar/2018:07:14:09 +0800] "GET / HTTP/1.1" 200 43062 "http://www.zhaokao123.cn/" "Mozilla/5.0 (Windows NT 6.1; WOW64) AppleWebKit/537.36 (KHTML, like Gecko) Chrome/50.0.2661.102 Safari/537.36; 360Spider"
172.68.143.117 - - [15/Mar/2018:07:14:17 +0800] "GET /tbgw/sNi05MbsvaK16g-0-1-100.html HTTP/1.1" 301 185 "-" "Sogou web spider/4.0(+http://www.sogou.com/docs/help/webmasters.htm#07)"
172.68.133.129 - - [15/Mar/2018:07:14:27 +0800] "GET /tbgw/sLK5t8Lowug-0-1-100.html HTTP/1.1" 404 3723 "-" "Sogou web spider/4.0(+http://www.sogou.com/docs/help/webmasters.htm#07)"
172.68.143.117 - - [15/Mar/2018:07:14:37 +0800] "GET /tbgw/09W788j9t9bWrjI-0-1-100.html HTTP/1.1" 301 185 "-" "Sogou web spider/4.0(+http://www.sogou.com/docs/help/webmasters.htm#07)"
172.68.65.177 - - [15/Mar/2018:07:14:38 +0800] "GET /zp/51097.html HTTP/1.1" 200 10930 "-" "BUbiNG (+http://law.di.unimi.it/BUbiNG.html#wc)"
162.158.79.182 - - [15/Mar/2018:07:14:47 +0800] "GET /jobs/techangpeixun/562.html HTTP/1.1" 200 10204 "-" "BUbiNG (+http://law.di.unimi.it/BUbiNG.html#wc)"
172.68.133.129 - - [15/Mar/2018:07:14:47 +0800] "GET /tbgw/sNi05MbsvaK16g-0-1-100.html HTTP/1.1" 404 3723 "-" "Sogou web spider/4.0(+http://www.sogou.com/docs/help/webmasters.htm#07)"
172.68.143.117 - - [15/Mar/2018:07:14:57 +0800] "GET /tbgw/emhhbmd0aWFueGlhNjY2-0-1000-2000.html HTTP/1.1" 301 185 "-" "Sogou web spider/4.0(+http://www.sogou.com/docs/help/webmasters.htm#07)"
172.68.133.129 - - [15/Mar/2018:07:15:07 +0800] "GET /tbgw/09W788j9t9bWrjI-0-1-100.html HTTP/1.1" 404 3723 "-" "Sogou web spider/4.0(+http://www.sogou.com/docs/help/webmasters.htm#07)"
172.68.65.177 - - [15/Mar/2018:07:15:09 +0800] "GET /zp/51096.html HTTP/1.1" 200 10891 "-" "BUbiNG (+http://law.di.unimi.it/BUbiNG.html#wc)"
172.68.143.117 - - [15/Mar/2018:07:15:17 +0800] "GET /tbgw/tPPPqrXYxbXA9rmry74-0-1-100.html HTTP/1.1" 301 185 "-" "Sogou web spider/4.0(+http://www.sogou.com/docs/help/webmasters.htm#07)"
162.158.79.182 - - [15/Mar/2018:07:15:17 +0800] "GET /jobs/techangpeixun/565.html HTTP/1.1" 200 10558 "-" "BUbiNG (+http://law.di.unimi.it/BUbiNG.html#wc)"
172.68.133.129 - - [15/Mar/2018:07:15:27 +0800] "GET /tbgw/emhhbmd0aWFueGlhNjY2-0-1000-2000.html HTTP/1.1" 404 3723 "-" "Sogou web spider/4.0(+http://www.sogou.com/docs/help/webmasters.htm#07)"
172.68.143.129 - - [15/Mar/2018:07:15:33 +0800] "GET /zp/14024.html HTTP/1.1" 200 13573 "-" "Mozilla/5.0 (compatible; Baiduspider/2.0; +http://www.baidu.com/search/spider.html)"
172.68.143.117 - - [15/Mar/2018:07:15:38 +0800] "GET /tbgw/xPTWvsn9-0-100-200.html HTTP/1.1" 301 185 "-" "Sogou web spider/4.0(+http://www.sogou.com/docs/help/webmasters.htm#07)"
172.68.65.177 - - [15/Mar/2018:07:15:40 +0800] "GET /zp/51095.html HTTP/1.1" 200 10845 "-" "BUbiNG (+http://law.di.unimi.it/BUbiNG.html#wc)"
162.158.79.182 - - [15/Mar/2018:07:15:48 +0800] "GET /jobs/xiaoxue/572.html HTTP/1.1" 200 10460 "-" "BUbiNG (+http://law.di.unimi.it/BUbiNG.html#wc)"
172.68.133.129 - - [15/Mar/2018:07:15:48 +0800] "GET /tbgw/tPPPqrXYxbXA9rmry74-0-1-100.html HTTP/1.1" 404 3723 "-" "Sogou web spider/4.0(+http://www.sogou.com/docs/help/webmasters.htm#07)"
172.68.143.117 - - [15/Mar/2018:07:15:58 +0800] "GET /tbgw/vfCzz7OsytA2Njg4OTk-0-2000-5000.html HTTP/1.1" 301 185 "-" "Sogou web spider/4.0(+http://www.sogou.com/docs/help/webmasters.htm#07)"
172.68.133.129 - - [15/Mar/2018:07:16:08 +0800] "GET /tbgw/xPTWvsn9-0-100-200.html HTTP/1.1" 404 3723 "-" "Sogou web spider/4.0(+http://www.sogou.com/docs/help/webmasters.htm#07)"
172.68.65.177 - - [15/Mar/2018:07:16:12 +0800] "GET /zp/p10.html HTTP/1.1" 200 29355 "-" "BUbiNG (+http://law.di.unimi.it/BUbiNG.html#wc)"
172.68.143.117 - - [15/Mar/2018:07:16:18 +0800] "GET /tbgw/0MLKsbT6v8a8vLXn19M-0-5000-10000.html HTTP/1.1" 301 185 "-" "Sogou web spider/4.0(+http://www.sogou.com/docs/help/webmasters.htm#07)"
162.158.79.182 - - [15/Mar/2018:07:16:18 +0800] "GET /jobs/chuzhong/594.html HTTP/1.1" 200 10453 "-" "BUbiNG (+http://law.di.unimi.it/BUbiNG.html#wc)"
172.68.133.129 - - [15/Mar/2018:07:16:28 +0800] "GET /tbgw/vfCzz7OsytA2Njg4OTk-0-2000-5000.html HTTP/1.1" 404 3723 "-" "Sogou web spider/4.0(+http://www.sogou.com/docs/help/webmasters.htm#07)"
172.68.143.117 - - [15/Mar/2018:07:16:38 +0800] "GET /tbgw/zKjW3cLM1LXM2dLV-0-500-1000.html HTTP/1.1" 301 185 "-" "Sogou web spider/4.0(+http://www.sogou.com/docs/help/webmasters.htm#07)"
172.68.65.177 - - [15/Mar/2018:07:16:43 +0800] "GET /zp/51094.html HTTP/1.1" 200 15341 "-" "BUbiNG (+http://law.di.unimi.it/BUbiNG.html#wc)"
172.68.133.129 - - [15/Mar/2018:07:16:48 +0800] "GET /tbgw/0MLKsbT6v8a8vLXn19M-0-5000-10000.html HTTP/1.1" 404 3723 "-" "Sogou web spider/4.0(+http://www.sogou.com/docs/help/webmasters.htm#07)"
172.68.143.117 - - [15/Mar/2018:07:16:58 +0800] "GET /tbgw/ZWFyd2luZ3M-3-500-1000.html HTTP/1.1" 301 185 "-" "Sogou web spider/4.0(+http://www.sogou.com/docs/help/webmasters.htm#07)"
172.68.133.129 - - [15/Mar/2018:07:17:08 +0800] "GET /tbgw/zKjW3cLM1LXM2dLV-0-500-1000.html HTTP/1.1" 404 3723 "-" "Sogou web spider/4.0(+http://www.sogou.com/docs/help/webmasters.htm#07)"
172.68.65.177 - - [15/Mar/2018:07:17:14 +0800] "GET /zp/51093.html HTTP/1.1" 200 8062 "-" "BUbiNG (+http://law.di.unimi.it/BUbiNG.html#wc)"
172.68.143.117 - - [15/Mar/2018:07:17:18 +0800] "GET /tbgw/d2FueWluZ18x-0-100-200.html HTTP/1.1" 301 185 "-" "Sogou web spider/4.0(+http://www.sogou.com/docs/help/webmasters.htm#07)"
172.68.133.129 - - [15/Mar/2018:07:17:28 +0800] "GET /tbgw/ZWFyd2luZ3M-3-500-1000.html HTTP/1.1" 404 3723 "-" "Sogou web spider/4.0(+http://www.sogou.com/docs/help/webmasters.htm#07)"
162.158.74.174 - - [15/Mar/2018:07:17:37 +0800] "GET /school/5717.html HTTP/1.1" 200 5840 "-" "Mozilla/5.0 (compatible; Googlebot/2.1; +http://www.google.com/bot.html)"
172.68.143.117 - - [15/Mar/2018:07:17:38 +0800] "GET /tbgw/wvPC88DWzNTM1A-3-1-100.html HTTP/1.1" 301 185 "-" "Sogou web spider/4.0(+http://www.sogou.com/docs/help/webmasters.htm#07)"
172.68.65.177 - - [15/Mar/2018:07:17:45 +0800] "GET /zp/51092.html HTTP/1.1" 200 8200 "-" "BUbiNG (+http://law.di.unimi.it/BUbiNG.html#wc)"
