162.158.179.175 - - [15/Mar/2018:06:24:04 +0800] "GET /favicon.ico HTTP/1.1" 200 18677 "http://www.zhaokao123.cn/zp/43927.html" "Mozilla/5.0 (Linux; U; Android 7.0; zh-cn; Mi-4c Build/NRD90M) AppleWebKit/537.36 (KHTML, like Gecko) Version/4.0 Chrome/53.0.2785.146 Mobile Safari/537.36 XiaoMi/MiuiBrowser/9.4.11"
172.68.133.129 - - [15/Mar/2018:06:24:11 +0800] "GET /tbgw/c3VubGlnaHQyMDAw-0-100-200.html HTTP/1.1" 404 3723 "-" "Sogou web spider/4.0(+http://www.sogou.com/docs/help/webmasters.htm#07)"
172.68.65.177 - - [15/Mar/2018:06:24:18 +0800] "GET /school/383.html HTTP/1.1" 200 7967 "-" "BUbiNG (+http://law.di.unimi.it/BUbiNG.html#wc)"
172.68.143.117 - - [15/Mar/2018:06:24:21 +0800] "GET /tbgw/zOzKudK5uenAtA-3-2000-5000.html HTTP/1.1" 301 185 "-" "Sogou web spider/4.0(+http://www.sogou.com/docs/help/webmasters.htm#07)"
172.69.62.7 - - [15/Mar/2018:06:24:23 +0800] "GET /zp/51061.html HTTP/1.1" 200 11091 "-" "BUbiNG (+http://law.di.unimi.it/BUbiNG.html#wc)"
172.68.133.129 - - [15/Mar/2018:06:24:31 +0800] "GET /tbgw/ZjIwNzc4NTky-3-500-1000.html HTTP/1.1" 404 3723 "-" "Sogou web spider/4.0(+http://www.sogou.com/docs/help/webmasters.htm#07)"
172.68.143.117 - - [15/Mar/2018:06:24:41 +0800] "GET /tbgw/ZmlzaG1hbWFuZHk-3-1-100.html HTTP/1.1" 301 185 "-" "Sogou web spider/4.0(+http://www.sogou.com/docs/help/webmasters.htm#07)"
172.68.65.177 - - [15/Mar/2018:06:24:48 +0800] "GET /school/384.html HTTP/1.1" 200 6720 "-" "BUbiNG (+http://law.di.unimi.it/BUbiNG.html#wc)"
172.68.133.129 - - [15/Mar/2018:06:24:51 +0800] "GET /tbgw/zOzKudK5uenAtA-3-2000-5000.html HTTP/1.1" 404 3723 "-" "Sogou web spider/4.0(+http://www.sogou.com/docs/help/webmasters.htm#07)"
172.68.143.117 - - [15/Mar/2018:06:25:01 +0800] "GET /tbgw/MjAxMMPAwPa80cjL-0-100-200.html HTTP/1.1" 301 185 "-" "Sogou web spider/4.0(+http://www.sogou.com/docs/help/webmasters.htm#07)"
172.68.133.129 - - [15/Mar/2018:06:25:11 +0800] "GET /tbgw/ZmlzaG1hbWFuZHk-3-1-100.html HTTP/1.1" 404 3723 "-" "Sogou web spider/4.0(+http://www.sogou.com/docs/help/webmasters.htm#07)"
172.68.65.177 - - [15/Mar/2018:06:25:19 +0800] "GET /school/391.html HTTP/1.1" 200 6458 "-" "BUbiNG (+http://law.di.unimi.it/BUbiNG.html#wc)"
172.68.143.117 - - [15/Mar/2018:06:25:21 +0800] "GET /tbgw/dGFuZ3JlbmdvbmdzaQ-0-1-100.html HTTP/1.1" 301 185 "-" "Sogou web spider/4.0(+http://www.sogou.com/docs/help/webmasters.htm#07)"
172.68.133.129 - - [15/Mar/2018:06:25:32 +0800] "GET /tbgw/MjAxMMPAwPa80cjL-0-100-200.html HTTP/1.1" 404 3723 "-" "Sogou web spider/4.0(+http://www.sogou.com/docs/help/webmasters.htm#07)"
172.68.143.117 - - [15/Mar/2018:06:25:42 +0800] "GET /tbgw/aHV4aWFubGlu-0-1-100.html HTTP/1.1" 301 185 "-" "Sogou web spider/4.0(+http://www.sogou.com/docs/help/webmasters.htm#07)"
172.68.65.177 - - [15/Mar/2018:06:25:50 +0800] "GET /school/394.html HTTP/1.1" 200 6608 "-" "BUbiNG (+http://law.di.unimi.it/BUbiNG.html#wc)"
172.68.133.129 - - [15/Mar/2018:06:25:52 +0800] "GET /tbgw/dGFuZ3JlbmdvbmdzaQ-0-1-100.html HTTP/1.1" 404 3723 "-" "Sogou web spider/4.0(+http://www.sogou.com/docs/help/webmasters.htm#07)"
172.68.143.117 - - [15/Mar/2018:06:26:02 +0800] "GET /tbgw/Ym9zdGFudGVu-2-1-100.html HTTP/1.1" 301 185 "-" "Sogou web spider/4.0(+http://www.sogou.com/docs/help/webmasters.htm#07)"
162.158.79.182 - - [15/Mar/2018:06:26:12 +0800] "GET /jobs/gaozhong/319.html HTTP/1.1" 200 10088 "-" "BUbiNG (+http://law.di.unimi.it/BUbiNG.html#wc)"
172.68.133.129 - - [15/Mar/2018:06:26:12 +0800] "GET /tbgw/aHV4aWFubGlu-0-1-100.html HTTP/1.1" 404 3723 "-" "Sogou web spider/4.0(+http://www.sogou.com/docs/help/webmasters.htm#07)"
172.68.65.177 - - [15/Mar/2018:06:26:20 +0800] "GET /school/395.html HTTP/1.1" 200 6625 "-" "BUbiNG (+http://law.di.unimi.it/BUbiNG.html#wc)"
172.68.143.117 - - [15/Mar/2018:06:26:22 +0800] "GET /tbgw/eWlnZTA1MTg-0-200-500.html HTTP/1.1" 301 185 "-" "Sogou web spider/4.0(+http://www.sogou.com/docs/help/webmasters.htm#07)"
172.68.133.129 - - [15/Mar/2018:06:26:32 +0800] "GET /tbgw/Ym9zdGFudGVu-2-1-100.html HTTP/1.1" 404 3723 "-" "Sogou web spider/4.0(+http://www.sogou.com/docs/help/webmasters.htm#07)"
172.68.143.117 - - [15/Mar/2018:06:26:42 +0800] "GET /tbgw/wuXLrtLBt7I-1-2000-5000.html HTTP/1.1" 301 185 "-" "Sogou web spider/4.0(+http://www.sogou.com/docs/help/webmasters.htm#07)"
162.158.79.182 - - [15/Mar/2018:06:26:43 +0800] "GET /jobs/yuyuanpeixun HTTP/1.1" 404 3732 "-" "BUbiNG (+http://law.di.unimi.it/BUbiNG.html#wc)"
172.68.65.177 - - [15/Mar/2018:06:26:51 +0800] "GET /school/397.html HTTP/1.1" 200 7244 "-" "BUbiNG (+http://law.di.unimi.it/BUbiNG.html#wc)"
172.68.133.129 - - [15/Mar/2018:06:26:52 +0800] "GET /tbgw/eWlnZTA1MTg-0-200-500.html HTTP/1.1" 404 3723 "-" "Sogou web spider/4.0(+http://www.sogou.com/docs/help/webmasters.htm#07)"
172.68.143.117 - - [15/Mar/2018:06:27:02 +0800] "GET /tbgw/c3VubnlsaTIwMDYx-0-1-100.html HTTP/1.1" 301 185 "-" "Sogou web spider/4.0(+http://www.sogou.com/docs/help/webmasters.htm#07)"
172.69.62.7 - - [15/Mar/2018:06:27:07 +0800] "GET /zp/51060.html HTTP/1.1" 200 7300 "-" "BUbiNG (+http://law.di.unimi.it/BUbiNG.html#wc)"
172.68.133.129 - - [15/Mar/2018:06:27:12 +0800] "GET /tbgw/wuXLrtLBt7I-1-2000-5000.html HTTP/1.1" 404 3723 "-" "Sogou web spider/4.0(+http://www.sogou.com/docs/help/webmasters.htm#07)"
172.68.65.177 - - [15/Mar/2018:06:27:22 +0800] "GET /school/400.html HTTP/1.1" 200 7510 "-" "BUbiNG (+http://law.di.unimi.it/BUbiNG.html#wc)"
172.68.143.117 - - [15/Mar/2018:06:27:22 +0800] "GET /tbgw/anVsaXk1NA-0-1-100.html HTTP/1.1" 301 185 "-" "Sogou web spider/4.0(+http://www.sogou.com/docs/help/webmasters.htm#07)"
172.68.133.129 - - [15/Mar/2018:06:27:32 +0800] "GET /tbgw/c3VubnlsaTIwMDYx-0-1-100.html HTTP/1.1" 404 3723 "-" "Sogou web spider/4.0(+http://www.sogou.com/docs/help/webmasters.htm#07)"
172.68.143.117 - - [15/Mar/2018:06:27:42 +0800] "GET /tbgw/cWptd2FoYWhhNTIw-1-100-200.html HTTP/1.1" 301 185 "-" "Sogou web spider/4.0(+http://www.sogou.com/docs/help/webmasters.htm#07)"
172.68.142.110 - - [15/Mar/2018:06:27:51 +0800] "GET /school/236.html HTTP/1.1" 200 6953 "-" "YisouSpider"
172.68.133.129 - - [15/Mar/2018:06:27:52 +0800] "GET /tbgw/anVsaXk1NA-0-1-100.html HTTP/1.1" 404 3723 "-" "Sogou web spider/4.0(+http://www.sogou.com/docs/help/webmasters.htm#07)"
172.68.65.177 - - [15/Mar/2018:06:27:52 +0800] "GET /school/403.html HTTP/1.1" 200 6671 "-" "BUbiNG (+http://law.di.unimi.it/BUbiNG.html#wc)"
172.68.143.117 - - [15/Mar/2018:06:28:02 +0800] "GET /tbgw/cmFpbl9zczIwMDU-0-500-1000.html HTTP/1.1" 301 185 "-" "Sogou web spider/4.0(+http://www.sogou.com/docs/help/webmasters.htm#07)"
172.68.133.129 - - [15/Mar/2018:06:28:12 +0800] "GET /tbgw/cWptd2FoYWhhNTIw-1-100-200.html HTTP/1.1" 404 3723 "-" "Sogou web spider/4.0(+http://www.sogou.com/docs/help/webmasters.htm#07)"
172.68.143.117 - - [15/Mar/2018:06:28:22 +0800] "GET /tbgw/dXNkb213YXQ-0-100-200.html HTTP/1.1" 301 185 "-" "Sogou web spider/4.0(+http://www.sogou.com/docs/help/webmasters.htm#07)"
172.68.65.177 - - [15/Mar/2018:06:28:23 +0800] "GET /school/404.html HTTP/1.1" 200 8357 "-" "BUbiNG (+http://law.di.unimi.it/BUbiNG.html#wc)"
172.68.133.129 - - [15/Mar/2018:06:28:32 +0800] "GET /tbgw/cmFpbl9zczIwMDU-0-500-1000.html HTTP/1.1" 404 3723 "-" "Sogou web spider/4.0(+http://www.sogou.com/docs/help/webmasters.htm#07)"
172.68.143.117 - - [15/Mar/2018:06:28:42 +0800] "GET /tbgw/YmluZ29zeg-0-1-100.html HTTP/1.1" 301 185 "-" "Sogou web spider/4.0(+http://www.sogou.com/docs/help/webmasters.htm#07)"
172.69.62.7 - - [15/Mar/2018:06:28:44 +0800] "GET /zp/51059.html HTTP/1.1" 200 23066 "-" "BUbiNG (+http://law.di.unimi.it/BUbiNG.html#wc)"
172.68.133.129 - - [15/Mar/2018:06:28:52 +0800] "GET /tbgw/dXNkb213YXQ-0-100-200.html HTTP/1.1" 404 3723 "-" "Sogou web spider/4.0(+http://www.sogou.com/docs/help/webmasters.htm#07)"
172.68.65.177 - - [15/Mar/2018:06:28:54 +0800] "GET /school/406.html HTTP/1.1" 200 6554 "-" "BUbiNG (+http://law.di.unimi.it/BUbiNG.html#wc)"
172.68.143.117 - - [15/Mar/2018:06:29:02 +0800] "GET /tbgw/bGlqaWFuc2hhbjIwMA-0-200-500.html HTTP/1.1" 301 185 "-" "Sogou web spider/4.0(+http://www.sogou.com/docs/help/webmasters.htm#07)"
162.158.79.182 - - [15/Mar/2018:06:29:05 +0800] "GET /jobs/yuyanpeixun/1.html HTTP/1.1" 200 9563 "-" "BUbiNG (+http://law.di.unimi.it/BUbiNG.html#wc)"
172.68.133.129 - - [15/Mar/2018:06:29:12 +0800] "GET /tbgw/YmluZ29zeg-0-1-100.html HTTP/1.1" 404 3723 "-" "Sogou web spider/4.0(+http://www.sogou.com/docs/help/webmasters.htm#07)"
172.68.143.117 - - [15/Mar/2018:06:29:23 +0800] "GET /tbgw/eWNoODMyMDM0Mg-0-100-200.html HTTP/1.1" 301 185 "-" "Sogou web spider/4.0(+http://www.sogou.com/docs/help/webmasters.htm#07)"
172.68.65.177 - - [15/Mar/2018:06:29:25 +0800] "GET /school/412.html HTTP/1.1" 200 6955 "-" "BUbiNG (+http://law.di.unimi.it/BUbiNG.html#wc)"
172.68.133.129 - - [15/Mar/2018:06:29:33 +0800] "GET /tbgw/bGlqaWFuc2hhbjIwMA-0-200-500.html HTTP/1.1" 404 3723 "-" "Sogou web spider/4.0(+http://www.sogou.com/docs/help/webmasters.htm#07)"
162.158.79.182 - - [15/Mar/2018:06:29:36 +0800] "GET /jobs/yuyanpeixun/23.html HTTP/1.1" 200 10220 "-" "BUbiNG (+http://law.di.unimi.it/BUbiNG.html#wc)"
172.68.143.117 - - [15/Mar/2018:06:29:43 +0800] "GET /tbgw/bmFuY3lfZHVhbjIy-0-200-500.html HTTP/1.1" 301 185 "-" "Sogou web spider/4.0(+http://www.sogou.com/docs/help/webmasters.htm#07)"
172.68.133.129 - - [15/Mar/2018:06:29:53 +0800] "GET /tbgw/eWNoODMyMDM0Mg-0-100-200.html HTTP/1.1" 404 3723 "-" "Sogou web spider/4.0(+http://www.sogou.com/docs/help/webmasters.htm#07)"
172.68.65.177 - - [15/Mar/2018:06:29:56 +0800] "GET /school/p13.html HTTP/1.1" 200 34199 "-" "BUbiNG (+http://law.di.unimi.it/BUbiNG.html#wc)"
172.68.143.117 - - [15/Mar/2018:06:30:04 +0800] "GET /tbgw/emhvbmd5aDUyMA-0-1-100.html HTTP/1.1" 301 185 "-" "Sogou web spider/4.0(+http://www.sogou.com/docs/help/webmasters.htm#07)"
172.68.133.129 - - [15/Mar/2018:06:30:14 +0800] "GET /tbgw/bmFuY3lfZHVhbjIy-0-200-500.html HTTP/1.1" 404 3723 "-" "Sogou web spider/4.0(+http://www.sogou.com/docs/help/webmasters.htm#07)"
172.68.143.117 - - [15/Mar/2018:06:30:24 +0800] "GET /tbgw/eGlhb2NhaTcxMzI-0-200-500.html HTTP/1.1" 301 185 "-" "Sogou web spider/4.0(+http://www.sogou.com/docs/help/webmasters.htm#07)"
172.68.65.177 - - [15/Mar/2018:06:30:27 +0800] "GET /zp/51195.html HTTP/1.1" 200 11474 "-" "BUbiNG (+http://law.di.unimi.it/BUbiNG.html#wc)"
172.68.133.129 - - [15/Mar/2018:06:30:34 +0800] "GET /tbgw/emhvbmd5aDUyMA-0-1-100.html HTTP/1.1" 404 3723 "-" "Sogou web spider/4.0(+http://www.sogou.com/docs/help/webmasters.htm#07)"
172.69.62.7 - - [15/Mar/2018:06:30:36 +0800] "GET /zp/51058.html HTTP/1.1" 200 8104 "-" "BUbiNG (+http://law.di.unimi.it/BUbiNG.html#wc)"
172.68.143.117 - - [15/Mar/2018:06:30:44 +0800] "GET /tbgw/uPbQ1MqxtPpf-0-500-1000.html HTTP/1.1" 301 185 "-" "Sogou web spider/4.0(+http://www.sogou.com/docs/help/webmasters.htm#07)"
172.68.133.129 - - [15/Mar/2018:06:30:54 +0800] "GET /tbgw/eGlhb2NhaTcxMzI-0-200-500.html HTTP/1.1" 404 3723 "-" "Sogou web spider/4.0(+http://www.sogou.com/docs/help/webmasters.htm#07)"
172.68.65.177 - - [15/Mar/2018:06:30:58 +0800] "GET /zp/51191.html HTTP/1.1" 200 10805 "-" "BUbiNG (+http://law.di.unimi.it/BUbiNG.html#wc)"
172.68.143.117 - - [15/Mar/2018:06:31:04 +0800] "GET /tbgw/zNTA78DWycyzxw-0-100-200.html HTTP/1.1" 301 185 "-" "Sogou web spider/4.0(+http://www.sogou.com/docs/help/webmasters.htm#07)"
172.68.133.129 - - [15/Mar/2018:06:31:14 +0800] "GET /tbgw/uPbQ1MqxtPpf-0-500-1000.html HTTP/1.1" 404 3723 "-" "Sogou web spider/4.0(+http://www.sogou.com/docs/help/webmasters.htm#07)"
172.68.143.117 - - [15/Mar/2018:06:31:24 +0800] "GET /tbgw/MjAxMGphY2swMTAx-0-100-200.html HTTP/1.1" 301 185 "-" "Sogou web spider/4.0(+http://www.sogou.com/docs/help/webmasters.htm#07)"
172.68.142.158 - - [15/Mar/2018:06:31:26 +0800] "GET /zp/50379.html HTTP/1.1" 200 18777 "-" "YisouSpider"
172.68.65.177 - - [15/Mar/2018:06:31:29 +0800] "GET /zp/51192.html HTTP/1.1" 200 10837 "-" "BUbiNG (+http://law.di.unimi.it/BUbiNG.html#wc)"
172.68.133.129 - - [15/Mar/2018:06:31:34 +0800] "GET /tbgw/zNTA78DWycyzxw-0-100-200.html HTTP/1.1" 404 3723 "-" "Sogou web spider/4.0(+http://www.sogou.com/docs/help/webmasters.htm#07)"
172.68.143.117 - - [15/Mar/2018:06:31:44 +0800] "GET /tbgw/cXEzNzYxMzU1Nw-3-1-100.html HTTP/1.1" 301 185 "-" "Sogou web spider/4.0(+http://www.sogou.com/docs/help/webmasters.htm#07)"
172.68.133.129 - - [15/Mar/2018:06:31:54 +0800] "GET /tbgw/MjAxMGphY2swMTAx-0-100-200.html HTTP/1.1" 404 3723 "-" "Sogou web spider/4.0(+http://www.sogou.com/docs/help/webmasters.htm#07)"
172.68.65.177 - - [15/Mar/2018:06:31:59 +0800] "GET /zp/51193.html HTTP/1.1" 200 10835 "-" "BUbiNG (+http://law.di.unimi.it/BUbiNG.html#wc)"
162.158.79.182 - - [15/Mar/2018:06:32:00 +0800] "GET /jobs/yuyanpeixun/25.html HTTP/1.1" 200 10305 "-" "BUbiNG (+http://law.di.unimi.it/BUbiNG.html#wc)"
172.68.143.117 - - [15/Mar/2018:06:32:04 +0800] "GET /tbgw/djgwNzA3MA-0-100-200.html HTTP/1.1" 301 185 "-" "Sogou web spider/4.0(+http://www.sogou.com/docs/help/webmasters.htm#07)"
172.68.133.129 - - [15/Mar/2018:06:32:14 +0800] "GET /tbgw/cXEzNzYxMzU1Nw-3-1-100.html HTTP/1.1" 404 3723 "-" "Sogou web spider/4.0(+http://www.sogou.com/docs/help/webmasters.htm#07)"
172.68.143.117 - - [15/Mar/2018:06:32:24 +0800] "GET /tbgw/tbC1sLGmsaYwOQ-0-200-500.html HTTP/1.1" 301 185 "-" "Sogou web spider/4.0(+http://www.sogou.com/docs/help/webmasters.htm#07)"
172.68.65.177 - - [15/Mar/2018:06:32:30 +0800] "GET /zp/51190.html HTTP/1.1" 200 10830 "-" "BUbiNG (+http://law.di.unimi.it/BUbiNG.html#wc)"
172.68.133.129 - - [15/Mar/2018:06:32:34 +0800] "GET /tbgw/djgwNzA3MA-0-100-200.html HTTP/1.1" 404 3723 "-" "Sogou web spider/4.0(+http://www.sogou.com/docs/help/webmasters.htm#07)"
172.68.143.117 - - [15/Mar/2018:06:32:44 +0800] "GET /tbgw/xu7NrLjV-1-100-200.html HTTP/1.1" 301 185 "-" "Sogou web spider/4.0(+http://www.sogou.com/docs/help/webmasters.htm#07)"
172.68.133.129 - - [15/Mar/2018:06:32:54 +0800] "GET /tbgw/tbC1sLGmsaYwOQ-0-200-500.html HTTP/1.1" 404 3723 "-" "Sogou web spider/4.0(+http://www.sogou.com/docs/help/webmasters.htm#07)"
172.69.62.7 - - [15/Mar/2018:06:32:57 +0800] "GET /zp/51055.html HTTP/1.1" 200 16715 "-" "BUbiNG (+http://law.di.unimi.it/BUbiNG.html#wc)"
172.68.65.177 - - [15/Mar/2018:06:33:00 +0800] "GET /zp/51189.html HTTP/1.1" 200 21212 "-" "BUbiNG (+http://law.di.unimi.it/BUbiNG.html#wc)"
172.68.143.117 - - [15/Mar/2018:06:33:04 +0800] "GET /tbgw/v63OsA-0-100-200.html HTTP/1.1" 301 185 "-" "Sogou web spider/4.0(+http://www.sogou.com/docs/help/webmasters.htm#07)"
172.68.46.128 - - [15/Mar/2018:06:33:11 +0800] "GET /zp/29038.html HTTP/1.1" 200 14917 "-" "Mozilla/5.0 (compatible; Baiduspider/2.0; +http://www.baidu.com/search/spider.html)"
172.68.133.129 - - [15/Mar/2018:06:33:15 +0800] "GET /tbgw/xu7NrLjV-1-100-200.html HTTP/1.1" 404 3723 "-" "Sogou web spider/4.0(+http://www.sogou.com/docs/help/webmasters.htm#07)"
172.68.143.117 - - [15/Mar/2018:06:33:25 +0800] "GET /tbgw/aHpzaGoxMjM4OA-2-100-200.html HTTP/1.1" 301 185 "-" "Sogou web spider/4.0(+http://www.sogou.com/docs/help/webmasters.htm#07)"
172.68.65.177 - - [15/Mar/2018:06:33:31 +0800] "GET /zp/51185.html HTTP/1.1" 200 17952 "-" "BUbiNG (+http://law.di.unimi.it/BUbiNG.html#wc)"
172.68.133.129 - - [15/Mar/2018:06:33:36 +0800] "GET /tbgw/v63OsA-0-100-200.html HTTP/1.1" 404 3723 "-" "Sogou web spider/4.0(+http://www.sogou.com/docs/help/webmasters.htm#07)"
172.68.143.117 - - [15/Mar/2018:06:33:46 +0800] "GET /tbgw/s9DQxbGm-3-2000-5000.html HTTP/1.1" 301 185 "-" "Sogou web spider/4.0(+http://www.sogou.com/docs/help/webmasters.htm#07)"
172.68.133.129 - - [15/Mar/2018:06:33:56 +0800] "GET /tbgw/aHpzaGoxMjM4OA-2-100-200.html HTTP/1.1" 404 3723 "-" "Sogou web spider/4.0(+http://www.sogou.com/docs/help/webmasters.htm#07)"
172.68.65.177 - - [15/Mar/2018:06:34:02 +0800] "GET /zp/51184.html HTTP/1.1" 200 20575 "-" "BUbiNG (+http://law.di.unimi.it/BUbiNG.html#wc)"
172.68.143.117 - - [15/Mar/2018:06:34:06 +0800] "GET /tbgw/YTUwNTc3NzIwOTc-1-500-1000.html HTTP/1.1" 301 185 "-" "Sogou web spider/4.0(+http://www.sogou.com/docs/help/webmasters.htm#07)"
172.68.133.129 - - [15/Mar/2018:06:34:16 +0800] "GET /tbgw/s9DQxbGm-3-2000-5000.html HTTP/1.1" 404 3723 "-" "Sogou web spider/4.0(+http://www.sogou.com/docs/help/webmasters.htm#07)"
162.158.79.182 - - [15/Mar/2018:06:34:21 +0800] "GET /jobs/yuyanpeixun/26.html HTTP/1.1" 200 10217 "-" "BUbiNG (+http://law.di.unimi.it/BUbiNG.html#wc)"
172.68.143.117 - - [15/Mar/2018:06:34:26 +0800] "GET /tbgw/bWloZWNodWFuMTk4Ng-0-200-500.html HTTP/1.1" 301 185 "-" "Sogou web spider/4.0(+http://www.sogou.com/docs/help/webmasters.htm#07)"
172.68.65.177 - - [15/Mar/2018:06:34:33 +0800] "GET /zp/51188.html HTTP/1.1" 200 22833 "-" "BUbiNG (+http://law.di.unimi.it/BUbiNG.html#wc)"
172.68.133.129 - - [15/Mar/2018:06:34:36 +0800] "GET /tbgw/YTUwNTc3NzIwOTc-1-500-1000.html HTTP/1.1" 404 3723 "-" "Sogou web spider/4.0(+http://www.sogou.com/docs/help/webmasters.htm#07)"
172.68.143.117 - - [15/Mar/2018:06:34:46 +0800] "GET /tbgw/d2hvaWFtMDUwNw-3-1-100.html HTTP/1.1" 301 185 "-" "Sogou web spider/4.0(+http://www.sogou.com/docs/help/webmasters.htm#07)"
162.158.79.182 - - [15/Mar/2018:06:34:51 +0800] "GET /jobs/yuyanpeixun/30.html HTTP/1.1" 200 10305 "-" "BUbiNG (+http://law.di.unimi.it/BUbiNG.html#wc)"
172.69.62.7 - - [15/Mar/2018:06:34:55 +0800] "GET /zp/51054.html HTTP/1.1" 200 12854 "-" "BUbiNG (+http://law.di.unimi.it/BUbiNG.html#wc)"
172.68.133.129 - - [15/Mar/2018:06:34:56 +0800] "GET /tbgw/bWloZWNodWFuMTk4Ng-0-200-500.html HTTP/1.1" 404 3723 "-" "Sogou web spider/4.0(+http://www.sogou.com/docs/help/webmasters.htm#07)"
172.68.65.177 - - [15/Mar/2018:06:35:04 +0800] "GET /zp/51186.html HTTP/1.1" 200 20003 "-" "BUbiNG (+http://law.di.unimi.it/BUbiNG.html#wc)"
172.68.143.117 - - [15/Mar/2018:06:35:06 +0800] "GET /tbgw/cmdicml1amUxMzk-0-1-100.html HTTP/1.1" 301 185 "-" "Sogou web spider/4.0(+http://www.sogou.com/docs/help/webmasters.htm#07)"
172.68.189.64 - - [15/Mar/2018:06:35:12 +0800] "GET / HTTP/1.1" 200 43044 "https://yz.m.sm.cn/s?from=wy836274&by=tuijian&by2=weini&sc=&q=2018%E5%B9%B4%E5%B0%8F%E5%AD%A6%E6%95%99%E5%B8%88%E8%80%83%E7%BC%96" "Mozilla/5.0 (Linux; U; Android 5.1.1; zh-cn; OPPO R9 Plustm A Build/LMY47V) AppleWebKit/537.36 (KHTML, like Gecko) Version/4.0 Chrome/53.0.2785.134 Mobile Safari/537.36 OppoBrowser/4.5.2"
172.68.143.171 - - [15/Mar/2018:06:35:13 +0800] "GET /css/citySelector.css HTTP/1.1" 304 0 "http://www.zhaokao123.cn/" "Mozilla/5.0 (Linux; U; Android 5.1.1; zh-cn; OPPO R9 Plustm A Build/LMY47V) AppleWebKit/537.36 (KHTML, like Gecko) Version/4.0 Chrome/53.0.2785.134 Mobile Safari/537.36 OppoBrowser/4.5.2"
172.68.189.226 - - [15/Mar/2018:06:35:14 +0800] "GET /css/bootstrap.min.css HTTP/1.1" 304 0 "http://www.zhaokao123.cn/" "Mozilla/5.0 (Linux; U; Android 5.1.1; zh-cn; OPPO R9 Plustm A Build/LMY47V) AppleWebKit/537.36 (KHTML, like Gecko) Version/4.0 Chrome/53.0.2785.134 Mobile Safari/537.36 OppoBrowser/4.5.2"
172.68.189.94 - - [15/Mar/2018:06:35:14 +0800] "GET /css/zPin.css?v=2 HTTP/1.1" 304 0 "http://www.zhaokao123.cn/" "Mozilla/5.0 (Linux; U; Android 5.1.1; zh-cn; OPPO R9 Plustm A Build/LMY47V) AppleWebKit/537.36 (KHTML, like Gecko) Version/4.0 Chrome/53.0.2785.134 Mobile Safari/537.36 OppoBrowser/4.5.2"
172.68.189.232 - - [15/Mar/2018:06:35:14 +0800] "GET /css/vivify.min.css HTTP/1.1" 304 0 "http://www.zhaokao123.cn/" "Mozilla/5.0 (Linux; U; Android 5.1.1; zh-cn; OPPO R9 Plustm A Build/LMY47V) AppleWebKit/537.36 (KHTML, like Gecko) Version/4.0 Chrome/53.0.2785.134 Mobile Safari/537.36 OppoBrowser/4.5.2"
172.68.189.166 - - [15/Mar/2018:06:35:14 +0800] "GET /js/jquery-1.11.1.min.js HTTP/1.1" 304 0 "http://www.zhaokao123.cn/" "Mozilla/5.0 (Linux; U; Android 5.1.1; zh-cn; OPPO R9 Plustm A Build/LMY47V) AppleWebKit/537.36 (KHTML, like Gecko) Version/4.0 Chrome/53.0.2785.134 Mobile Safari/537.36 OppoBrowser/4.5.2"
172.68.141.235 - - [15/Mar/2018:06:35:14 +0800] "GET /js/citySelector.js HTTP/1.1" 304 0 "http://www.zhaokao123.cn/" "Mozilla/5.0 (Linux; U; Android 5.1.1; zh-cn; OPPO R9 Plustm A Build/LMY47V) AppleWebKit/537.36 (KHTML, like Gecko) Version/4.0 Chrome/53.0.2785.134 Mobile Safari/537.36 OppoBrowser/4.5.2"
172.68.132.140 - - [15/Mar/2018:06:35:14 +0800] "GET /img/logo.png HTTP/1.1" 304 0 "http://www.zhaokao123.cn/" "Mozilla/5.0 (Linux; U; Android 5.1.1; zh-cn; OPPO R9 Plustm A Build/LMY47V) AppleWebKit/537.36 (KHTML, like Gecko) Version/4.0 Chrome/53.0.2785.134 Mobile Safari/537.36 OppoBrowser/4.5.2"
172.68.143.237 - - [15/Mar/2018:06:35:14 +0800] "GET /js/adapter.js HTTP/1.1" 304 0 "http://www.zhaokao123.cn/" "Mozilla/5.0 (Linux; U; Android 5.1.1; zh-cn; OPPO R9 Plustm A Build/LMY47V) AppleWebKit/537.36 (KHTML, like Gecko) Version/4.0 Chrome/53.0.2785.134 Mobile Safari/537.36 OppoBrowser/4.5.2"
172.68.132.98 - - [15/Mar/2018:06:35:14 +0800] "GET /img/menu.png HTTP/1.1" 304 0 "http://www.zhaokao123.cn/" "Mozilla/5.0 (Linux; U; Android 5.1.1; zh-cn; OPPO R9 Plustm A Build/LMY47V) AppleWebKit/537.36 (KHTML, like Gecko) Version/4.0 Chrome/53.0.2785.134 Mobile Safari/537.36 OppoBrowser/4.5.2"
172.68.133.243 - - [15/Mar/2018:06:35:16 +0800] "GET /favicon.ico HTTP/1.1" 304 0 "http://www.zhaokao123.cn/" "Mozilla/5.0 (Linux; U; Android 5.1.1; zh-cn; OPPO R9 Plustm A Build/LMY47V) AppleWebKit/537.36 (KHTML, like Gecko) Version/4.0 Chrome/53.0.2785.134 Mobile Safari/537.36 OppoBrowser/4.5.2"
172.68.133.129 - - [15/Mar/2018:06:35:16 +0800] "GET /tbgw/d2hvaWFtMDUwNw-3-1-100.html HTTP/1.1" 404 3723 "-" "Sogou web spider/4.0(+http://www.sogou.com/docs/help/webmasters.htm#07)"
172.68.143.117 - - [15/Mar/2018:06:35:26 +0800] "GET /tbgw/tsCw1NLCtrw-0-1-100.html HTTP/1.1" 301 185 "-" "Sogou web spider/4.0(+http://www.sogou.com/docs/help/webmasters.htm#07)"
172.68.133.129 - - [15/Mar/2018:06:35:36 +0800] "GET /tbgw/cmdicml1amUxMzk-0-1-100.html HTTP/1.1" 404 3723 "-" "Sogou web spider/4.0(+http://www.sogou.com/docs/help/webmasters.htm#07)"
172.68.189.58 - - [15/Mar/2018:06:35:46 +0800] "GET /zp/50818.html HTTP/1.1" 200 14008 "-" "YisouSpider"
172.68.143.117 - - [15/Mar/2018:06:35:46 +0800] "GET /tbgw/vfDK87jxuPE-0-1-100.html HTTP/1.1" 301 185 "-" "Sogou web spider/4.0(+http://www.sogou.com/docs/help/webmasters.htm#07)"
172.68.133.129 - - [15/Mar/2018:06:35:56 +0800] "GET /tbgw/tsCw1NLCtrw-0-1-100.html HTTP/1.1" 404 3723 "-" "Sogou web spider/4.0(+http://www.sogou.com/docs/help/webmasters.htm#07)"
172.68.143.117 - - [15/Mar/2018:06:36:06 +0800] "GET /tbgw/NTIwusPO97rD-3-1-100.html HTTP/1.1" 301 185 "-" "Sogou web spider/4.0(+http://www.sogou.com/docs/help/webmasters.htm#07)"
162.158.178.222 - - [15/Mar/2018:06:36:08 +0800] "GET / HTTP/1.1" 200 43063 "-" "Mozilla/5.0 (Linux; Android 7.0; PRA-TL10 Build/HONORPRA-TL10; wv) AppleWebKit/537.36 (KHTML, like Gecko) Version/4.0 Chrome/62.0.3202.84 Mobile Safari/537.36"
172.68.255.77 - - [15/Mar/2018:06:36:09 +0800] "GET /css/zPin.css?v=2 HTTP/1.1" 304 0 "http://www.zhaokao123.cn/" "Mozilla/5.0 (Linux; Android 7.0; PRA-TL10 Build/HONORPRA-TL10; wv) AppleWebKit/537.36 (KHTML, like Gecko) Version/4.0 Chrome/62.0.3202.84 Mobile Safari/537.36"
162.158.79.182 - - [15/Mar/2018:06:36:11 +0800] "GET /jobs/yuyanpeixun/147.html HTTP/1.1" 200 9772 "-" "BUbiNG (+http://law.di.unimi.it/BUbiNG.html#wc)"
172.68.189.64 - - [15/Mar/2018:06:36:12 +0800] "GET / HTTP/1.1" 200 42950 "https://yz.m.sm.cn/s?from=wy836274&by=tuijian&by2=weini&sc=&q=2018%E5%B9%B4%E5%B0%8F%E5%AD%A6%E6%95%99%E5%B8%88%E8%80%83%E7%BC%96%E5%86%85%E5%AE%B9" "Mozilla/5.0 (Linux; U; Android 5.1.1; zh-cn; OPPO R9 Plustm A Build/LMY47V) AppleWebKit/537.36 (KHTML, like Gecko) Version/4.0 Chrome/53.0.2785.134 Mobile Safari/537.36 OppoBrowser/4.5.2"
172.68.133.129 - - [15/Mar/2018:06:36:16 +0800] "GET /tbgw/vfDK87jxuPE-0-1-100.html HTTP/1.1" 404 3723 "-" "Sogou web spider/4.0(+http://www.sogou.com/docs/help/webmasters.htm#07)"
172.68.143.117 - - [15/Mar/2018:06:36:26 +0800] "GET /tbgw/d3hjMDgwNA-0-200-500.html HTTP/1.1" 301 185 "-" "Sogou web spider/4.0(+http://www.sogou.com/docs/help/webmasters.htm#07)"
172.68.47.159 - - [15/Mar/2018:06:36:33 +0800] "GET /zp/37553.html HTTP/1.1" 200 14179 "-" "Mozilla/5.0 (iPhone; CPU iPhone OS 8_0 like Mac OS X) AppleWebKit/600.1.3 (KHTML, like Gecko) Version/8.0 Mobile/12A4345d Safari/600.1.4"
108.162.215.145 - - [15/Mar/2018:06:36:34 +0800] "GET /css/bootstrap.min.css HTTP/1.1" 304 0 "http://www.zhaokao123.cn/zp/37553.html" "Mozilla/5.0 (iPhone; CPU iPhone OS 8_0 like Mac OS X) AppleWebKit/600.1.3 (KHTML, like Gecko) Version/8.0 Mobile/12A4345d Safari/600.1.4"
172.68.133.129 - - [15/Mar/2018:06:36:37 +0800] "GET /tbgw/NTIwusPO97rD-3-1-100.html HTTP/1.1" 404 3723 "-" "Sogou web spider/4.0(+http://www.sogou.com/docs/help/webmasters.htm#07)"
172.68.46.110 - - [15/Mar/2018:06:36:44 +0800] "GET /js/jquery-1.11.1.min.js HTTP/1.1" 304 0 "http://www.zhaokao123.cn/zp/37553.html" "Mozilla/5.0 (iPhone; CPU iPhone OS 8_0 like Mac OS X) AppleWebKit/600.1.3 (KHTML, like Gecko) Version/8.0 Mobile/12A4345d Safari/600.1.4"
172.69.33.68 - - [15/Mar/2018:06:36:45 +0800] "GET /js/adapter.js HTTP/1.1" 304 0 "http://www.zhaokao123.cn/zp/37553.html" "Mozilla/5.0 (iPhone; CPU iPhone OS 8_0 like Mac OS X) AppleWebKit/600.1.3 (KHTML, like Gecko) Version/8.0 Mobile/12A4345d Safari/600.1.4"
172.68.143.117 - - [15/Mar/2018:06:36:47 +0800] "GET /tbgw/tuC2obXj-1-5000-10000.html HTTP/1.1" 301 185 "-" "Sogou web spider/4.0(+http://www.sogou.com/docs/help/webmasters.htm#07)"
172.68.133.129 - - [15/Mar/2018:06:36:58 +0800] "GET /tbgw/d3hjMDgwNA-0-200-500.html HTTP/1.1" 404 3723 "-" "Sogou web spider/4.0(+http://www.sogou.com/docs/help/webmasters.htm#07)"
141.101.76.241 - - [15/Mar/2018:06:36:59 +0800] "GET /zp/49908.html HTTP/1.1" 200 9642 "-" "Mozilla/5.0 (compatible; AhrefsBot/5.2; +http://ahrefs.com/robot/)"
172.68.143.117 - - [15/Mar/2018:06:37:08 +0800] "GET /tbgw/YW5nZWwzNzE-0-100-200.html HTTP/1.1" 301 185 "-" "Sogou web spider/4.0(+http://www.sogou.com/docs/help/webmasters.htm#07)"
172.68.65.177 - - [15/Mar/2018:06:37:10 +0800] "GET /zp/51187.html HTTP/1.1" 200 12575 "-" "BUbiNG (+http://law.di.unimi.it/BUbiNG.html#wc)"
172.68.133.129 - - [15/Mar/2018:06:37:18 +0800] "GET /tbgw/tuC2obXj-1-5000-10000.html HTTP/1.1" 404 3723 "-" "Sogou web spider/4.0(+http://www.sogou.com/docs/help/webmasters.htm#07)"
172.68.143.117 - - [15/Mar/2018:06:37:28 +0800] "GET /tbgw/tMmzobjQ06Y-0-100-200.html HTTP/1.1" 301 185 "-" "Sogou web spider/4.0(+http://www.sogou.com/docs/help/webmasters.htm#07)"
172.68.133.129 - - [15/Mar/2018:06:37:38 +0800] "GET /tbgw/YW5nZWwzNzE-0-100-200.html HTTP/1.1" 404 3723 "-" "Sogou web spider/4.0(+http://www.sogou.com/docs/help/webmasters.htm#07)"
172.68.65.177 - - [15/Mar/2018:06:37:41 +0800] "GET /zp/51182.html HTTP/1.1" 200 20810 "-" "BUbiNG (+http://law.di.unimi.it/BUbiNG.html#wc)"
172.68.143.117 - - [15/Mar/2018:06:37:48 +0800] "GET /tbgw/dGI0NDAyOTBfNTU-0-1-100.html HTTP/1.1" 301 185 "-" "Sogou web spider/4.0(+http://www.sogou.com/docs/help/webmasters.htm#07)"
172.68.133.129 - - [15/Mar/2018:06:37:58 +0800] "GET /tbgw/tMmzobjQ06Y-0-100-200.html HTTP/1.1" 404 3723 "-" "Sogou web spider/4.0(+http://www.sogou.com/docs/help/webmasters.htm#07)"
172.68.47.225 - - [15/Mar/2018:06:38:03 +0800] "GET /zp/43927.html HTTP/1.1" 200 13837 "-" "Mozilla/5.0 (Linux;u;Android 4.2.2;zh-cn;) AppleWebKit/534.46 (KHTML,like Gecko) Version/5.1 Mobile Safari/10600.6.3 (compatible; Baiduspider/2.0; +http://www.baidu.com/search/spider.html)"
172.68.143.117 - - [15/Mar/2018:06:38:08 +0800] "GET /tbgw/uqu66cDy-2-1-100.html HTTP/1.1" 301 185 "-" "Sogou web spider/4.0(+http://www.sogou.com/docs/help/webmasters.htm#07)"
172.68.189.64 - - [15/Mar/2018:06:38:11 +0800] "GET / HTTP/1.1" 200 43176 "https://yz.m.sm.cn/s?from=wy836274&by=tuijian&by2=weini&sc=&q=2018%E5%B9%B4%E5%B0%8F%E5%AD%A6%E6%95%99%E5%B8%88%E8%80%83%E7%BC%96" "Mozilla/5.0 (Linux; U; Android 5.1.1; zh-cn; OPPO R9 Plustm A Build/LMY47V) AppleWebKit/537.36 (KHTML, like Gecko) Version/4.0 Chrome/53.0.2785.134 Mobile Safari/537.36 OppoBrowser/4.5.2"
172.68.65.177 - - [15/Mar/2018:06:38:12 +0800] "GET /zp/51183.html HTTP/1.1" 200 21450 "-" "BUbiNG (+http://law.di.unimi.it/BUbiNG.html#wc)"
172.68.133.129 - - [15/Mar/2018:06:38:18 +0800] "GET /tbgw/dGI0NDAyOTBfNTU-0-1-100.html HTTP/1.1" 404 3723 "-" "Sogou web spider/4.0(+http://www.sogou.com/docs/help/webmasters.htm#07)"
172.68.141.163 - - [15/Mar/2018:06:38:22 +0800] "GET / HTTP/1.1" 200 43026 "http://www.baidu.com/s?wd=6X4" "Mozilla/5.0 (Windows NT 6.1; WOW64; rv:43.0) Gecko/20100101 Firefox/43.0"
172.69.62.7 - - [15/Mar/2018:06:38:25 +0800] "GET /zp/51053.html HTTP/1.1" 200 11595 "-" "BUbiNG (+http://law.di.unimi.it/BUbiNG.html#wc)"
172.68.143.117 - - [15/Mar/2018:06:38:28 +0800] "GET /tbgw/s6SwsjExMTg-0-200-500.html HTTP/1.1" 301 185 "-" "Sogou web spider/4.0(+http://www.sogou.com/docs/help/webmasters.htm#07)"
172.68.133.129 - - [15/Mar/2018:06:38:38 +0800] "GET /tbgw/uqu66cDy-2-1-100.html HTTP/1.1" 404 3723 "-" "Sogou web spider/4.0(+http://www.sogou.com/docs/help/webmasters.htm#07)"
172.68.65.177 - - [15/Mar/2018:06:38:43 +0800] "GET /zp/51181.html HTTP/1.1" 200 11029 "-" "BUbiNG (+http://law.di.unimi.it/BUbiNG.html#wc)"
162.158.79.182 - - [15/Mar/2018:06:38:43 +0800] "GET /jobs/yuyanpeixun/349.html HTTP/1.1" 200 9357 "-" "BUbiNG (+http://law.di.unimi.it/BUbiNG.html#wc)"
172.69.22.71 - - [15/Mar/2018:06:38:48 +0800] "GET /tbgw/cWVyc2Fy-0-1-100.html HTTP/1.1" 301 185 "-" "Sogou web spider/4.0(+http://www.sogou.com/docs/help/webmasters.htm#07)"
172.68.133.129 - - [15/Mar/2018:06:38:58 +0800] "GET /tbgw/s6SwsjExMTg-0-200-500.html HTTP/1.1" 404 3723 "-" "Sogou web spider/4.0(+http://www.sogou.com/docs/help/webmasters.htm#07)"
172.68.143.117 - - [15/Mar/2018:06:39:08 +0800] "GET /tbgw/bW9raTIwMDg-0-100-200.html HTTP/1.1" 301 185 "-" "Sogou web spider/4.0(+http://www.sogou.com/docs/help/webmasters.htm#07)"
162.158.79.182 - - [15/Mar/2018:06:39:13 +0800] "GET /jobs/yuyanpeixun/354.html HTTP/1.1" 200 9968 "-" "BUbiNG (+http://law.di.unimi.it/BUbiNG.html#wc)"
172.68.65.177 - - [15/Mar/2018:06:39:14 +0800] "GET /zp/51180.html HTTP/1.1" 200 12880 "-" "BUbiNG (+http://law.di.unimi.it/BUbiNG.html#wc)"
172.68.133.129 - - [15/Mar/2018:06:39:18 +0800] "GET /tbgw/cWVyc2Fy-0-1-100.html HTTP/1.1" 404 3723 "-" "Sogou web spider/4.0(+http://www.sogou.com/docs/help/webmasters.htm#07)"
172.68.141.163 - - [15/Mar/2018:06:39:23 +0800] "GET / HTTP/1.1" 200 43058 "http://www.baidu.com/s?wd=NUU" "Mozilla/5.0 (Windows NT 6.1; WOW64; rv:43.0) Gecko/20100101 Firefox/43.0"
172.68.143.117 - - [15/Mar/2018:06:39:28 +0800] "GET /tbgw/YmFvYmVpODE4MjM-0-1-100.html HTTP/1.1" 301 185 "-" "Sogou web spider/4.0(+http://www.sogou.com/docs/help/webmasters.htm#07)"
172.68.133.129 - - [15/Mar/2018:06:39:38 +0800] "GET /tbgw/bW9raTIwMDg-0-100-200.html HTTP/1.1" 404 3723 "-" "Sogou web spider/4.0(+http://www.sogou.com/docs/help/webmasters.htm#07)"
172.68.65.177 - - [15/Mar/2018:06:39:44 +0800] "GET /zp/51178.html HTTP/1.1" 200 10747 "-" "BUbiNG (+http://law.di.unimi.it/BUbiNG.html#wc)"
162.158.79.182 - - [15/Mar/2018:06:39:44 +0800] "GET /jobs/techangpeixun HTTP/1.1" 200 56635 "-" "BUbiNG (+http://law.di.unimi.it/BUbiNG.html#wc)"
172.68.143.117 - - [15/Mar/2018:06:39:48 +0800] "GET /tbgw/amF3YmFieQ-0-1-100.html HTTP/1.1" 301 185 "-" "Sogou web spider/4.0(+http://www.sogou.com/docs/help/webmasters.htm#07)"
172.68.133.129 - - [15/Mar/2018:06:39:58 +0800] "GET /tbgw/YmFvYmVpODE4MjM-0-1-100.html HTTP/1.1" 404 3723 "-" "Sogou web spider/4.0(+http://www.sogou.com/docs/help/webmasters.htm#07)"
172.68.143.117 - - [15/Mar/2018:06:40:08 +0800] "GET /tbgw/Y3hwamRxMQ-2-200-500.html HTTP/1.1" 301 185 "-" "Sogou web spider/4.0(+http://www.sogou.com/docs/help/webmasters.htm#07)"
162.158.79.182 - - [15/Mar/2018:06:40:16 +0800] "GET /jobs/techangpeixun/12.html HTTP/1.1" 200 11169 "-" "BUbiNG (+http://law.di.unimi.it/BUbiNG.html#wc)"
172.68.65.177 - - [15/Mar/2018:06:40:16 +0800] "GET /zp/51179.html HTTP/1.1" 200 11604 "-" "BUbiNG (+http://law.di.unimi.it/BUbiNG.html#wc)"
172.68.133.129 - - [15/Mar/2018:06:40:18 +0800] "GET /tbgw/amF3YmFieQ-0-1-100.html HTTP/1.1" 404 3723 "-" "Sogou web spider/4.0(+http://www.sogou.com/docs/help/webmasters.htm#07)"
172.69.22.215 - - [15/Mar/2018:06:40:26 +0800] "GET / HTTP/1.1" 200 43158 "http://www.baidu.com/s?wd=IBB" "Mozilla/5.0 (Windows NT 6.1; WOW64; rv:43.0) Gecko/20100101 Firefox/43.0"
172.68.143.117 - - [15/Mar/2018:06:40:28 +0800] "GET /tbgw/cWl4aXVqdWFu-1-1-100.html HTTP/1.1" 301 185 "-" "Sogou web spider/4.0(+http://www.sogou.com/docs/help/webmasters.htm#07)"
172.69.62.7 - - [15/Mar/2018:06:40:32 +0800] "GET /zp/p12.html HTTP/1.1" 200 29176 "-" "BUbiNG (+http://law.di.unimi.it/BUbiNG.html#wc)"
172.68.133.129 - - [15/Mar/2018:06:40:38 +0800] "GET /tbgw/Y3hwamRxMQ-2-200-500.html HTTP/1.1" 404 3723 "-" "Sogou web spider/4.0(+http://www.sogou.com/docs/help/webmasters.htm#07)"
162.158.79.182 - - [15/Mar/2018:06:40:47 +0800] "GET /jobs/techangpeixun/14.html HTTP/1.1" 200 11483 "-" "BUbiNG (+http://law.di.unimi.it/BUbiNG.html#wc)"
172.68.65.177 - - [15/Mar/2018:06:40:47 +0800] "GET /zp/51177.html HTTP/1.1" 200 11109 "-" "BUbiNG (+http://law.di.unimi.it/BUbiNG.html#wc)"
172.68.143.117 - - [15/Mar/2018:06:40:48 +0800] "GET /tbgw/Y3hwamRxMQ-2-500-1000.html HTTP/1.1" 301 185 "-" "Sogou web spider/4.0(+http://www.sogou.com/docs/help/webmasters.htm#07)"
172.68.133.129 - - [15/Mar/2018:06:40:58 +0800] "GET /tbgw/cWl4aXVqdWFu-1-1-100.html HTTP/1.1" 404 3723 "-" "Sogou web spider/4.0(+http://www.sogou.com/docs/help/webmasters.htm#07)"
172.68.143.117 - - [15/Mar/2018:06:41:08 +0800] "GET /tbgw/s6zHsNLiyrY-0-2000-5000.html HTTP/1.1" 301 185 "-" "Sogou web spider/4.0(+http://www.sogou.com/docs/help/webmasters.htm#07)"
172.68.133.129 - - [15/Mar/2018:06:41:18 +0800] "GET /tbgw/Y3hwamRxMQ-2-500-1000.html HTTP/1.1" 404 3723 "-" "Sogou web spider/4.0(+http://www.sogou.com/docs/help/webmasters.htm#07)"
162.158.79.182 - - [15/Mar/2018:06:41:18 +0800] "GET /jobs/techangpeixun/15.html HTTP/1.1" 200 11106 "-" "BUbiNG (+http://law.di.unimi.it/BUbiNG.html#wc)"
172.68.143.117 - - [15/Mar/2018:06:41:28 +0800] "GET /tbgw/tsCw1NLCtrw-0-1000-2000.html HTTP/1.1" 301 185 "-" "Sogou web spider/4.0(+http://www.sogou.com/docs/help/webmasters.htm#07)"
172.68.133.129 - - [15/Mar/2018:06:41:38 +0800] "GET /tbgw/s6zHsNLiyrY-0-2000-5000.html HTTP/1.1" 404 3723 "-" "Sogou web spider/4.0(+http://www.sogou.com/docs/help/webmasters.htm#07)"
172.69.33.152 - - [15/Mar/2018:06:41:48 +0800] "GET /zp/22578.html HTTP/1.1" 200 14823 "-" "Mozilla/5.0 (compatible; Baiduspider/2.0; +http://www.baidu.com/search/spider.html)"
172.68.143.117 - - [15/Mar/2018:06:41:48 +0800] "GET /tbgw/ztK1xGzDzg-0-200-500.html HTTP/1.1" 301 185 "-" "Sogou web spider/4.0(+http://www.sogou.com/docs/help/webmasters.htm#07)"
162.158.79.182 - - [15/Mar/2018:06:41:49 +0800] "GET /jobs/techangpeixun/17.html HTTP/1.1" 200 10858 "-" "BUbiNG (+http://law.di.unimi.it/BUbiNG.html#wc)"
172.68.133.129 - - [15/Mar/2018:06:41:58 +0800] "GET /tbgw/tsCw1NLCtrw-0-1000-2000.html HTTP/1.1" 404 3723 "-" "Sogou web spider/4.0(+http://www.sogou.com/docs/help/webmasters.htm#07)"
172.68.143.117 - - [15/Mar/2018:06:42:08 +0800] "GET /tbgw/z8PDxczUzfg-0-500-1000.html HTTP/1.1" 301 185 "-" "Sogou web spider/4.0(+http://www.sogou.com/docs/help/webmasters.htm#07)"
172.68.133.129 - - [15/Mar/2018:06:42:18 +0800] "GET /tbgw/ztK1xGzDzg-0-200-500.html HTTP/1.1" 404 3723 "-" "Sogou web spider/4.0(+http://www.sogou.com/docs/help/webmasters.htm#07)"
162.158.79.182 - - [15/Mar/2018:06:42:19 +0800] "GET /jobs/techangpeixun/18.html HTTP/1.1" 200 11758 "-" "BUbiNG (+http://law.di.unimi.it/BUbiNG.html#wc)"
172.68.143.117 - - [15/Mar/2018:06:42:28 +0800] "GET /tbgw/a214cmYxMjA-0-500-1000.html HTTP/1.1" 301 185 "-" "Sogou web spider/4.0(+http://www.sogou.com/docs/help/webmasters.htm#07)"
172.68.133.129 - - [15/Mar/2018:06:42:38 +0800] "GET /tbgw/z8PDxczUzfg-0-500-1000.html HTTP/1.1" 404 3723 "-" "Sogou web spider/4.0(+http://www.sogou.com/docs/help/webmasters.htm#07)"
172.69.62.7 - - [15/Mar/2018:06:42:41 +0800] "GET /zp/51057.html HTTP/1.1" 200 17969 "-" "BUbiNG (+http://law.di.unimi.it/BUbiNG.html#wc)"
172.68.143.117 - - [15/Mar/2018:06:42:48 +0800] "GET /tbgw/cWl4aXVqdWFu-1-500-1000.html HTTP/1.1" 301 185 "-" "Sogou web spider/4.0(+http://www.sogou.com/docs/help/webmasters.htm#07)"
172.68.133.129 - - [15/Mar/2018:06:42:58 +0800] "GET /tbgw/a214cmYxMjA-0-500-1000.html HTTP/1.1" 404 3723 "-" "Sogou web spider/4.0(+http://www.sogou.com/docs/help/webmasters.htm#07)"
172.68.143.117 - - [15/Mar/2018:06:43:08 +0800] "GET /tbgw/eWZ6YjkxODc-0-2000-5000.html HTTP/1.1" 301 185 "-" "Sogou web spider/4.0(+http://www.sogou.com/docs/help/webmasters.htm#07)"
172.68.133.129 - - [15/Mar/2018:06:43:19 +0800] "GET /tbgw/cWl4aXVqdWFu-1-500-1000.html HTTP/1.1" 404 3723 "-" "Sogou web spider/4.0(+http://www.sogou.com/docs/help/webmasters.htm#07)"
172.68.65.177 - - [15/Mar/2018:06:43:19 +0800] "GET /zp/51175.html HTTP/1.1" 200 11123 "-" "BUbiNG (+http://law.di.unimi.it/BUbiNG.html#wc)"
172.68.143.117 - - [15/Mar/2018:06:43:29 +0800] "GET /tbgw/ytfPr7vKudo-1-200-500.html HTTP/1.1" 301 185 "-" "Sogou web spider/4.0(+http://www.sogou.com/docs/help/webmasters.htm#07)"
172.68.133.129 - - [15/Mar/2018:06:43:39 +0800] "GET /tbgw/eWZ6YjkxODc-0-2000-5000.html HTTP/1.1" 404 3723 "-" "Sogou web spider/4.0(+http://www.sogou.com/docs/help/webmasters.htm#07)"
162.158.79.182 - - [15/Mar/2018:06:43:43 +0800] "GET /jobs/techangpeixun/22.html HTTP/1.1" 200 10462 "-" "BUbiNG (+http://law.di.unimi.it/BUbiNG.html#wc)"
172.68.143.117 - - [15/Mar/2018:06:43:49 +0800] "GET /tbgw/zveyv7Tztdg-2-100-200.html HTTP/1.1" 301 185 "-" "Sogou web spider/4.0(+http://www.sogou.com/docs/help/webmasters.htm#07)"
172.68.65.177 - - [15/Mar/2018:06:43:51 +0800] "GET /zp/51176.html HTTP/1.1" 200 11083 "-" "BUbiNG (+http://law.di.unimi.it/BUbiNG.html#wc)"
172.68.133.129 - - [15/Mar/2018:06:44:00 +0800] "GET /tbgw/ytfPr7vKudo-1-200-500.html HTTP/1.1" 404 3723 "-" "Sogou web spider/4.0(+http://www.sogou.com/docs/help/webmasters.htm#07)"
172.68.143.117 - - [15/Mar/2018:06:44:11 +0800] "GET /tbgw/aHViaW4zMjc-0-500-1000.html HTTP/1.1" 301 185 "-" "Sogou web spider/4.0(+http://www.sogou.com/docs/help/webmasters.htm#07)"
162.158.79.182 - - [15/Mar/2018:06:44:13 +0800] "GET /jobs/techangpeixun/24.html HTTP/1.1" 200 10352 "-" "BUbiNG (+http://law.di.unimi.it/BUbiNG.html#wc)"
172.68.133.129 - - [15/Mar/2018:06:44:21 +0800] "GET /tbgw/zveyv7Tztdg-2-100-200.html HTTP/1.1" 404 3723 "-" "Sogou web spider/4.0(+http://www.sogou.com/docs/help/webmasters.htm#07)"
172.68.65.177 - - [15/Mar/2018:06:44:23 +0800] "GET /zp/p1.html HTTP/1.1" 200 29398 "-" "BUbiNG (+http://law.di.unimi.it/BUbiNG.html#wc)"
172.68.143.117 - - [15/Mar/2018:06:44:31 +0800] "GET /tbgw/uqPR87vuwaaxprGm-0-1-100.html HTTP/1.1" 301 185 "-" "Sogou web spider/4.0(+http://www.sogou.com/docs/help/webmasters.htm#07)"
172.68.133.129 - - [15/Mar/2018:06:44:41 +0800] "GET /tbgw/aHViaW4zMjc-0-500-1000.html HTTP/1.1" 404 3723 "-" "Sogou web spider/4.0(+http://www.sogou.com/docs/help/webmasters.htm#07)"
162.158.79.182 - - [15/Mar/2018:06:44:44 +0800] "GET /jobs/techangpeixun/73.html HTTP/1.1" 200 7807 "-" "BUbiNG (+http://law.di.unimi.it/BUbiNG.html#wc)"
172.69.62.7 - - [15/Mar/2018:06:44:45 +0800] "GET /zp/51056.html HTTP/1.1" 200 16018 "-" "BUbiNG (+http://law.di.unimi.it/BUbiNG.html#wc)"
172.68.143.117 - - [15/Mar/2018:06:44:51 +0800] "GET /tbgw/bWlrZXh5eg-0-200-500.html HTTP/1.1" 301 185 "-" "Sogou web spider/4.0(+http://www.sogou.com/docs/help/webmasters.htm#07)"
172.68.189.58 - - [15/Mar/2018:06:44:53 +0800] "GET /school/13.html HTTP/1.1" 200 8049 "-" "YisouSpider"
172.68.65.177 - - [15/Mar/2018:06:44:56 +0800] "GET /zp/ HTTP/1.1" 200 29398 "-" "BUbiNG (+http://law.di.unimi.it/BUbiNG.html#wc)"
172.68.26.110 - - [15/Mar/2018:06:44:59 +0800] "GET /wp-login.php HTTP/1.1" 404 27 "-" "Mozilla/5.0 (Windows NT 6.1; WOW64; rv:40.0) Gecko/20100101 Firefox/40.1"
172.68.133.129 - - [15/Mar/2018:06:45:01 +0800] "GET /tbgw/uqPR87vuwaaxprGm-0-1-100.html HTTP/1.1" 404 3723 "-" "Sogou web spider/4.0(+http://www.sogou.com/docs/help/webmasters.htm#07)"
172.68.143.117 - - [15/Mar/2018:06:45:12 +0800] "GET /tbgw/YWFkdWppaG9uZw-0-1-100.html HTTP/1.1" 301 185 "-" "Sogou web spider/4.0(+http://www.sogou.com/docs/help/webmasters.htm#07)"
172.68.26.110 - - [15/Mar/2018:06:45:12 +0800] "GET / HTTP/1.1" 200 43014 "-" "Mozilla/5.0 (Windows NT 6.1; WOW64; rv:40.0) Gecko/20100101 Firefox/40.1"
162.158.79.182 - - [15/Mar/2018:06:45:15 +0800] "GET /jobs/techangpeixun/87.html HTTP/1.1" 200 7760 "-" "BUbiNG (+http://law.di.unimi.it/BUbiNG.html#wc)"
172.68.133.129 - - [15/Mar/2018:06:45:22 +0800] "GET /tbgw/bWlrZXh5eg-0-200-500.html HTTP/1.1" 404 3723 "-" "Sogou web spider/4.0(+http://www.sogou.com/docs/help/webmasters.htm#07)"
172.68.65.177 - - [15/Mar/2018:06:45:27 +0800] "GET /zp/51173.html HTTP/1.1" 200 14110 "-" "BUbiNG (+http://law.di.unimi.it/BUbiNG.html#wc)"
172.68.143.117 - - [15/Mar/2018:06:45:32 +0800] "GET /tbgw/YWFyb25taHk-0-100-200.html HTTP/1.1" 301 185 "-" "Sogou web spider/4.0(+http://www.sogou.com/docs/help/webmasters.htm#07)"
172.68.141.67 - - [15/Mar/2018:06:45:33 +0800] "GET /zp/50082.html HTTP/1.1" 200 8899 "-" "Mozilla/5.0 (compatible; Baiduspider/2.0; +http://www.baidu.com/search/spider.html)"
172.69.62.7 - - [15/Mar/2018:06:45:39 +0800] "GET /zp/51052.html HTTP/1.1" 200 12322 "-" "BUbiNG (+http://law.di.unimi.it/BUbiNG.html#wc)"
172.68.133.129 - - [15/Mar/2018:06:45:42 +0800] "GET /tbgw/YWFkdWppaG9uZw-0-1-100.html HTTP/1.1" 404 3723 "-" "Sogou web spider/4.0(+http://www.sogou.com/docs/help/webmasters.htm#07)"
108.162.215.169 - - [15/Mar/2018:06:45:44 +0800] "GET /zp/45442.html HTTP/1.1" 200 13523 "-" "Mozilla/5.0 (Windows NT 10.0; WOW64) AppleWebKit/537.36 (KHTML, like Gecko) Chrome/45.0.2454.93 Safari/537.36"
162.158.79.182 - - [15/Mar/2018:06:45:46 +0800] "GET /jobs/techangpeixun/93.html HTTP/1.1" 200 7588 "-" "BUbiNG (+http://law.di.unimi.it/BUbiNG.html#wc)"
172.68.143.117 - - [15/Mar/2018:06:45:52 +0800] "GET /tbgw/zNTA1rHIMjAxMA-2-1-100.html HTTP/1.1" 301 185 "-" "Sogou web spider/4.0(+http://www.sogou.com/docs/help/webmasters.htm#07)"
172.68.65.177 - - [15/Mar/2018:06:45:57 +0800] "GET /zp/51174.html HTTP/1.1" 200 11262 "-" "BUbiNG (+http://law.di.unimi.it/BUbiNG.html#wc)"
172.68.133.129 - - [15/Mar/2018:06:46:02 +0800] "GET /tbgw/YWFyb25taHk-0-100-200.html HTTP/1.1" 404 3723 "-" "Sogou web spider/4.0(+http://www.sogou.com/docs/help/webmasters.htm#07)"
172.68.143.117 - - [15/Mar/2018:06:46:12 +0800] "GET /tbgw/bmlsaTg4OA-0-200-500.html HTTP/1.1" 301 185 "-" "Sogou web spider/4.0(+http://www.sogou.com/docs/help/webmasters.htm#07)"
162.158.79.182 - - [15/Mar/2018:06:46:16 +0800] "GET /school/14.html HTTP/1.1" 200 22060 "-" "BUbiNG (+http://law.di.unimi.it/BUbiNG.html#wc)"
172.68.133.129 - - [15/Mar/2018:06:46:22 +0800] "GET /tbgw/zNTA1rHIMjAxMA-2-1-100.html HTTP/1.1" 404 3723 "-" "Sogou web spider/4.0(+http://www.sogou.com/docs/help/webmasters.htm#07)"
172.68.65.177 - - [15/Mar/2018:06:46:29 +0800] "GET /zp/51170.html HTTP/1.1" 200 37804 "-" "BUbiNG (+http://law.di.unimi.it/BUbiNG.html#wc)"
172.68.143.117 - - [15/Mar/2018:06:46:32 +0800] "GET /tbgw/xPvDysDW1LU-2-1000-2000.html HTTP/1.1" 301 185 "-" "Sogou web spider/4.0(+http://www.sogou.com/docs/help/webmasters.htm#07)"
172.68.133.129 - - [15/Mar/2018:06:46:42 +0800] "GET /tbgw/bmlsaTg4OA-0-200-500.html HTTP/1.1" 404 3723 "-" "Sogou web spider/4.0(+http://www.sogou.com/docs/help/webmasters.htm#07)"
172.69.62.7 - - [15/Mar/2018:06:46:48 +0800] "GET /zp/51051.html HTTP/1.1" 200 16073 "-" "BUbiNG (+http://law.di.unimi.it/BUbiNG.html#wc)"
172.68.143.117 - - [15/Mar/2018:06:46:52 +0800] "GET /tbgw/eXBmd3pobA-1-1000-2000.html HTTP/1.1" 301 185 "-" "Sogou web spider/4.0(+http://www.sogou.com/docs/help/webmasters.htm#07)"
172.68.65.177 - - [15/Mar/2018:06:47:00 +0800] "GET /zp/51169.html HTTP/1.1" 200 11133 "-" "BUbiNG (+http://law.di.unimi.it/BUbiNG.html#wc)"
172.68.133.129 - - [15/Mar/2018:06:47:02 +0800] "GET /tbgw/xPvDysDW1LU-2-1000-2000.html HTTP/1.1" 404 3723 "-" "Sogou web spider/4.0(+http://www.sogou.com/docs/help/webmasters.htm#07)"
172.68.143.117 - - [15/Mar/2018:06:47:12 +0800] "GET /tbgw/amFzdGHQrL3M-0-200-500.html HTTP/1.1" 301 185 "-" "Sogou web spider/4.0(+http://www.sogou.com/docs/help/webmasters.htm#07)"
162.158.79.182 - - [15/Mar/2018:06:47:18 +0800] "GET /jobs/xiaoxue/378.html HTTP/1.1" 200 9259 "-" "BUbiNG (+http://law.di.unimi.it/BUbiNG.html#wc)"
172.68.133.129 - - [15/Mar/2018:06:47:22 +0800] "GET /tbgw/eXBmd3pobA-1-1000-2000.html HTTP/1.1" 404 3723 "-" "Sogou web spider/4.0(+http://www.sogou.com/docs/help/webmasters.htm#07)"
172.69.6.79 - - [15/Mar/2018:06:47:28 +0800] "GET /wp-login.php HTTP/1.1" 404 27 "-" "Mozilla/5.0 (Windows NT 6.1; WOW64; rv:40.0) Gecko/20100101 Firefox/40.1"
172.69.6.79 - - [15/Mar/2018:06:47:30 +0800] "GET / HTTP/1.1" 200 43012 "-" "Mozilla/5.0 (Windows NT 6.1; WOW64; rv:40.0) Gecko/20100101 Firefox/40.1"
172.68.65.177 - - [15/Mar/2018:06:47:31 +0800] "GET /zp/51168.html HTTP/1.1" 200 10766 "-" "BUbiNG (+http://law.di.unimi.it/BUbiNG.html#wc)"
172.68.143.117 - - [15/Mar/2018:06:47:32 +0800] "GET /tbgw/eWlxdW4wMDA-0-1-100.html HTTP/1.1" 301 185 "-" "Sogou web spider/4.0(+http://www.sogou.com/docs/help/webmasters.htm#07)"
141.101.76.79 - - [15/Mar/2018:06:47:33 +0800] "GET /zp/51206.html HTTP/1.1" 200 12687 "-" "Mozilla/5.0 (compatible; AhrefsBot/5.2; +http://ahrefs.com/robot/)"
172.68.133.129 - - [15/Mar/2018:06:47:42 +0800] "GET /tbgw/amFzdGHQrL3M-0-200-500.html HTTP/1.1" 404 3723 "-" "Sogou web spider/4.0(+http://www.sogou.com/docs/help/webmasters.htm#07)"
162.158.79.182 - - [15/Mar/2018:06:47:49 +0800] "GET /jobs/techangpeixun/544.html HTTP/1.1" 200 9696 "-" "BUbiNG (+http://law.di.unimi.it/BUbiNG.html#wc)"
172.68.143.117 - - [15/Mar/2018:06:47:52 +0800] "GET /tbgw/YTMyOTAyNjI0MA-1-1-100.html HTTP/1.1" 301 185 "-" "Sogou web spider/4.0(+http://www.sogou.com/docs/help/webmasters.htm#07)"
172.68.65.177 - - [15/Mar/2018:06:48:01 +0800] "GET /zp/51172.html HTTP/1.1" 200 12645 "-" "BUbiNG (+http://law.di.unimi.it/BUbiNG.html#wc)"
172.68.133.129 - - [15/Mar/2018:06:48:02 +0800] "GET /tbgw/eWlxdW4wMDA-0-1-100.html HTTP/1.1" 404 3723 "-" "Sogou web spider/4.0(+http://www.sogou.com/docs/help/webmasters.htm#07)"
172.69.62.7 - - [15/Mar/2018:06:48:10 +0800] "GET /zp/51049.html HTTP/1.1" 200 12434 "-" "BUbiNG (+http://law.di.unimi.it/BUbiNG.html#wc)"
172.68.143.117 - - [15/Mar/2018:06:48:12 +0800] "GET /tbgw/aGFpamluZzE5Nzg-0-200-500.html HTTP/1.1" 301 185 "-" "Sogou web spider/4.0(+http://www.sogou.com/docs/help/webmasters.htm#07)"
162.158.79.182 - - [15/Mar/2018:06:48:19 +0800] "GET /school/36.html HTTP/1.1" 200 9495 "-" "BUbiNG (+http://law.di.unimi.it/BUbiNG.html#wc)"
172.68.133.129 - - [15/Mar/2018:06:48:22 +0800] "GET /tbgw/YTMyOTAyNjI0MA-1-1-100.html HTTP/1.1" 404 3723 "-" "Sogou web spider/4.0(+http://www.sogou.com/docs/help/webmasters.htm#07)"
172.68.143.117 - - [15/Mar/2018:06:48:32 +0800] "GET /tbgw/bW5pbmcwMDg-3-100-200.html HTTP/1.1" 301 185 "-" "Sogou web spider/4.0(+http://www.sogou.com/docs/help/webmasters.htm#07)"
172.68.65.177 - - [15/Mar/2018:06:48:32 +0800] "GET /zp/51171.html HTTP/1.1" 200 11327 "-" "BUbiNG (+http://law.di.unimi.it/BUbiNG.html#wc)"
172.68.133.129 - - [15/Mar/2018:06:48:42 +0800] "GET /tbgw/aGFpamluZzE5Nzg-0-200-500.html HTTP/1.1" 404 3723 "-" "Sogou web spider/4.0(+http://www.sogou.com/docs/help/webmasters.htm#07)"
162.158.79.182 - - [15/Mar/2018:06:48:50 +0800] "GET /jobs/techangpeixun/575.html HTTP/1.1" 200 10638 "-" "BUbiNG (+http://law.di.unimi.it/BUbiNG.html#wc)"
172.68.143.117 - - [15/Mar/2018:06:48:52 +0800] "GET /tbgw/tbC1sLGmsaYwOQ-1-2000-5000.html HTTP/1.1" 301 185 "-" "Sogou web spider/4.0(+http://www.sogou.com/docs/help/webmasters.htm#07)"
172.68.133.129 - - [15/Mar/2018:06:49:02 +0800] "GET /tbgw/bW5pbmcwMDg-3-100-200.html HTTP/1.1" 404 3723 "-" "Sogou web spider/4.0(+http://www.sogou.com/docs/help/webmasters.htm#07)"
172.68.65.177 - - [15/Mar/2018:06:49:03 +0800] "GET /zp/51166.html HTTP/1.1" 200 20184 "-" "BUbiNG (+http://law.di.unimi.it/BUbiNG.html#wc)"
172.68.143.117 - - [15/Mar/2018:06:49:12 +0800] "GET /tbgw/zfXV8bfSMQ-0-100-200.html HTTP/1.1" 301 185 "-" "Sogou web spider/4.0(+http://www.sogou.com/docs/help/webmasters.htm#07)"
172.68.47.81 - - [15/Mar/2018:06:49:18 +0800] "GET /zp/36783.html HTTP/1.1" 200 14665 "-" "Mozilla/5.0 (compatible; Baiduspider/2.0; +http://www.baidu.com/search/spider.html)"
172.68.133.129 - - [15/Mar/2018:06:49:22 +0800] "GET /tbgw/tbC1sLGmsaYwOQ-1-2000-5000.html HTTP/1.1" 404 3723 "-" "Sogou web spider/4.0(+http://www.sogou.com/docs/help/webmasters.htm#07)"
172.68.143.117 - - [15/Mar/2018:06:49:32 +0800] "GET /tbgw/uPjE3LzTtePOwg-0-100-200.html HTTP/1.1" 301 185 "-" "Sogou web spider/4.0(+http://www.sogou.com/docs/help/webmasters.htm#07)"
172.68.65.177 - - [15/Mar/2018:06:49:33 +0800] "GET /zp/51165.html HTTP/1.1" 200 19389 "-" "BUbiNG (+http://law.di.unimi.it/BUbiNG.html#wc)"
172.69.62.7 - - [15/Mar/2018:06:49:33 +0800] "GET /zp/51050.html HTTP/1.1" 200 12160 "-" "BUbiNG (+http://law.di.unimi.it/BUbiNG.html#wc)"
172.68.133.129 - - [15/Mar/2018:06:49:42 +0800] "GET /tbgw/zfXV8bfSMQ-0-100-200.html HTTP/1.1" 404 3723 "-" "Sogou web spider/4.0(+http://www.sogou.com/docs/help/webmasters.htm#07)"
162.158.79.182 - - [15/Mar/2018:06:49:50 +0800] "GET /school/11.html HTTP/1.1" 200 11085 "-" "BUbiNG (+http://law.di.unimi.it/BUbiNG.html#wc)"
172.68.143.117 - - [15/Mar/2018:06:49:52 +0800] "GET /tbgw/vfDOxMP3MQ-0-1-100.html HTTP/1.1" 301 185 "-" "Sogou web spider/4.0(+http://www.sogou.com/docs/help/webmasters.htm#07)"
172.68.133.129 - - [15/Mar/2018:06:50:02 +0800] "GET /tbgw/uPjE3LzTtePOwg-0-100-200.html HTTP/1.1" 404 3723 "-" "Sogou web spider/4.0(+http://www.sogou.com/docs/help/webmasters.htm#07)"
172.68.65.177 - - [15/Mar/2018:06:50:04 +0800] "GET /zp/51164.html HTTP/1.1" 200 12083 "-" "BUbiNG (+http://law.di.unimi.it/BUbiNG.html#wc)"
